<?xml version="1.0" encoding="ISO-8859-1" ?>
<link_info>
   <banner>TI ARM Clang Linker PC v3.2.2.LTS</banner>
   <copyright>Copyright (c) 1996-2018 Texas Instruments Incorporated</copyright>
   <link_time>0x687a154b</link_time>
   <link_errors>0x0</link_errors>
   <output_file>D:\A_Scholastic\33\workspace1\2024NUEDC\Debug\2024NUEDC.out</output_file>
   <entry_point>
      <name>_c_int00_noargs</name>
      <address>0x5cbd</address>
   </entry_point>
   <input_file_list>
      <input_file id="fl-1">
         <path>D:\A_Scholastic\33\workspace1\2024NUEDC\Debug\.\</path>
         <kind>object</kind>
         <file>2024NUEDC.o</file>
         <name>2024NUEDC.o</name>
      </input_file>
      <input_file id="fl-2">
         <path>D:\A_Scholastic\33\workspace1\2024NUEDC\Debug\.\</path>
         <kind>object</kind>
         <file>ti_msp_dl_config.o</file>
         <name>ti_msp_dl_config.o</name>
      </input_file>
      <input_file id="fl-3">
         <path>D:\A_Scholastic\33\workspace1\2024NUEDC\Debug\.\</path>
         <kind>object</kind>
         <file>startup_mspm0g350x_ticlang.o</file>
         <name>startup_mspm0g350x_ticlang.o</name>
      </input_file>
      <input_file id="fl-4">
         <path>D:\A_Scholastic\33\workspace1\2024NUEDC\Debug\.\bsp\</path>
         <kind>object</kind>
         <file>calculate.o</file>
         <name>calculate.o</name>
      </input_file>
      <input_file id="fl-5">
         <path>D:\A_Scholastic\33\workspace1\2024NUEDC\Debug\.\bsp\</path>
         <kind>object</kind>
         <file>fft.o</file>
         <name>fft.o</name>
      </input_file>
      <input_file id="fl-6">
         <path>D:\A_Scholastic\33\workspace1\2024NUEDC\Debug\.\bsp\</path>
         <kind>object</kind>
         <file>oled.o</file>
         <name>oled.o</name>
      </input_file>
      <input_file id="fl-13">
         <path>D:\A_Scholastic\33\workspace1\2024NUEDC\Debug\</path>
         <kind>object</kind>
         <file>&lt;internal&gt;</file>
         <name>&lt;internal&gt;</name>
      </input_file>
      <input_file id="fl-14">
         <path>D:\A_Scholastic\33\ti\mspm0_sdk_2_04_00_06\source\ti\driverlib\lib\ticlang\m0p\mspm0g1x0x_g3x0x\</path>
         <kind>archive</kind>
         <file>driverlib.a</file>
         <name>dl_adc12.o</name>
      </input_file>
      <input_file id="fl-15">
         <path>D:\A_Scholastic\33\ti\mspm0_sdk_2_04_00_06\source\ti\driverlib\lib\ticlang\m0p\mspm0g1x0x_g3x0x\</path>
         <kind>archive</kind>
         <file>driverlib.a</file>
         <name>dl_common.o</name>
      </input_file>
      <input_file id="fl-16">
         <path>D:\A_Scholastic\33\ti\mspm0_sdk_2_04_00_06\source\ti\driverlib\lib\ticlang\m0p\mspm0g1x0x_g3x0x\</path>
         <kind>archive</kind>
         <file>driverlib.a</file>
         <name>dl_i2c.o</name>
      </input_file>
      <input_file id="fl-25">
         <path>D:\ccstheia141\ccs\tools\compiler\ti-cgt-armllvm_3.2.2.LTS\lib\armv6m-ti-none-eabi\c\</path>
         <kind>archive</kind>
         <file>libc.a</file>
         <name>sprintf.c.obj</name>
      </input_file>
      <input_file id="fl-26">
         <path>D:\ccstheia141\ccs\tools\compiler\ti-cgt-armllvm_3.2.2.LTS\lib\armv6m-ti-none-eabi\c\</path>
         <kind>archive</kind>
         <file>libc.a</file>
         <name>e_sqrt.c.obj</name>
      </input_file>
      <input_file id="fl-27">
         <path>D:\ccstheia141\ccs\tools\compiler\ti-cgt-armllvm_3.2.2.LTS\lib\armv6m-ti-none-eabi\c\</path>
         <kind>archive</kind>
         <file>libc.a</file>
         <name>s_cos.c.obj</name>
      </input_file>
      <input_file id="fl-28">
         <path>D:\ccstheia141\ccs\tools\compiler\ti-cgt-armllvm_3.2.2.LTS\lib\armv6m-ti-none-eabi\c\</path>
         <kind>archive</kind>
         <file>libc.a</file>
         <name>s_sin.c.obj</name>
      </input_file>
      <input_file id="fl-29">
         <path>D:\ccstheia141\ccs\tools\compiler\ti-cgt-armllvm_3.2.2.LTS\lib\armv6m-ti-none-eabi\c\</path>
         <kind>archive</kind>
         <file>libc.a</file>
         <name>aeabi_portable.c.obj</name>
      </input_file>
      <input_file id="fl-2a">
         <path>D:\ccstheia141\ccs\tools\compiler\ti-cgt-armllvm_3.2.2.LTS\lib\armv6m-ti-none-eabi\c\</path>
         <kind>archive</kind>
         <file>libc.a</file>
         <name>k_rem_pio2.c.obj</name>
      </input_file>
      <input_file id="fl-2b">
         <path>D:\ccstheia141\ccs\tools\compiler\ti-cgt-armllvm_3.2.2.LTS\lib\armv6m-ti-none-eabi\c\</path>
         <kind>archive</kind>
         <file>libc.a</file>
         <name>assert.c.obj</name>
      </input_file>
      <input_file id="fl-2c">
         <path>D:\ccstheia141\ccs\tools\compiler\ti-cgt-armllvm_3.2.2.LTS\lib\armv6m-ti-none-eabi\c\</path>
         <kind>archive</kind>
         <file>libc.a</file>
         <name>defs.c.obj</name>
      </input_file>
      <input_file id="fl-2d">
         <path>D:\ccstheia141\ccs\tools\compiler\ti-cgt-armllvm_3.2.2.LTS\lib\armv6m-ti-none-eabi\c\</path>
         <kind>archive</kind>
         <file>libc.a</file>
         <name>memory.c.obj</name>
      </input_file>
      <input_file id="fl-2e">
         <path>D:\ccstheia141\ccs\tools\compiler\ti-cgt-armllvm_3.2.2.LTS\lib\armv6m-ti-none-eabi\c\</path>
         <kind>archive</kind>
         <file>libc.a</file>
         <name>boot_cortex_m.c.obj</name>
      </input_file>
      <input_file id="fl-2f">
         <path>D:\ccstheia141\ccs\tools\compiler\ti-cgt-armllvm_3.2.2.LTS\lib\armv6m-ti-none-eabi\c\</path>
         <kind>archive</kind>
         <file>libc.a</file>
         <name>mathacl_init.c.obj</name>
      </input_file>
      <input_file id="fl-30">
         <path>D:\ccstheia141\ccs\tools\compiler\ti-cgt-armllvm_3.2.2.LTS\lib\armv6m-ti-none-eabi\c\</path>
         <kind>archive</kind>
         <file>libc.a</file>
         <name>autoinit.c.obj</name>
      </input_file>
      <input_file id="fl-31">
         <path>D:\ccstheia141\ccs\tools\compiler\ti-cgt-armllvm_3.2.2.LTS\lib\armv6m-ti-none-eabi\c\</path>
         <kind>archive</kind>
         <file>libc.a</file>
         <name>pre_init.c.obj</name>
      </input_file>
      <input_file id="fl-32">
         <path>D:\ccstheia141\ccs\tools\compiler\ti-cgt-armllvm_3.2.2.LTS\lib\armv6m-ti-none-eabi\c\</path>
         <kind>archive</kind>
         <file>libc.a</file>
         <name>cpy_tbl.c.obj</name>
      </input_file>
      <input_file id="fl-33">
         <path>D:\ccstheia141\ccs\tools\compiler\ti-cgt-armllvm_3.2.2.LTS\lib\armv6m-ti-none-eabi\c\</path>
         <kind>archive</kind>
         <file>libc.a</file>
         <name>copy_zero_init.c.obj</name>
      </input_file>
      <input_file id="fl-34">
         <path>D:\ccstheia141\ccs\tools\compiler\ti-cgt-armllvm_3.2.2.LTS\lib\armv6m-ti-none-eabi\c\</path>
         <kind>archive</kind>
         <file>libc.a</file>
         <name>copy_decompress_none.c.obj</name>
      </input_file>
      <input_file id="fl-35">
         <path>D:\ccstheia141\ccs\tools\compiler\ti-cgt-armllvm_3.2.2.LTS\lib\armv6m-ti-none-eabi\c\</path>
         <kind>archive</kind>
         <file>libc.a</file>
         <name>copy_decompress_lzss.c.obj</name>
      </input_file>
      <input_file id="fl-36">
         <path>D:\ccstheia141\ccs\tools\compiler\ti-cgt-armllvm_3.2.2.LTS\lib\armv6m-ti-none-eabi\c\</path>
         <kind>archive</kind>
         <file>libc.a</file>
         <name>_printfi.c.obj</name>
      </input_file>
      <input_file id="fl-37">
         <path>D:\ccstheia141\ccs\tools\compiler\ti-cgt-armllvm_3.2.2.LTS\lib\armv6m-ti-none-eabi\c\</path>
         <kind>archive</kind>
         <file>libc.a</file>
         <name>fflush.c.obj</name>
      </input_file>
      <input_file id="fl-38">
         <path>D:\ccstheia141\ccs\tools\compiler\ti-cgt-armllvm_3.2.2.LTS\lib\armv6m-ti-none-eabi\c\</path>
         <kind>archive</kind>
         <file>libc.a</file>
         <name>fputs.c.obj</name>
      </input_file>
      <input_file id="fl-39">
         <path>D:\ccstheia141\ccs\tools\compiler\ti-cgt-armllvm_3.2.2.LTS\lib\armv6m-ti-none-eabi\c\</path>
         <kind>archive</kind>
         <file>libc.a</file>
         <name>_io_perm.c.obj</name>
      </input_file>
      <input_file id="fl-3a">
         <path>D:\ccstheia141\ccs\tools\compiler\ti-cgt-armllvm_3.2.2.LTS\lib\armv6m-ti-none-eabi\c\</path>
         <kind>archive</kind>
         <file>libc.a</file>
         <name>setvbuf.c.obj</name>
      </input_file>
      <input_file id="fl-3b">
         <path>D:\ccstheia141\ccs\tools\compiler\ti-cgt-armllvm_3.2.2.LTS\lib\armv6m-ti-none-eabi\c\</path>
         <kind>archive</kind>
         <file>libc.a</file>
         <name>k_cos.c.obj</name>
      </input_file>
      <input_file id="fl-3c">
         <path>D:\ccstheia141\ccs\tools\compiler\ti-cgt-armllvm_3.2.2.LTS\lib\armv6m-ti-none-eabi\c\</path>
         <kind>archive</kind>
         <file>libc.a</file>
         <name>k_sin.c.obj</name>
      </input_file>
      <input_file id="fl-3d">
         <path>D:\ccstheia141\ccs\tools\compiler\ti-cgt-armllvm_3.2.2.LTS\lib\armv6m-ti-none-eabi\c\</path>
         <kind>archive</kind>
         <file>libc.a</file>
         <name>s_floor.c.obj</name>
      </input_file>
      <input_file id="fl-3e">
         <path>D:\ccstheia141\ccs\tools\compiler\ti-cgt-armllvm_3.2.2.LTS\lib\armv6m-ti-none-eabi\c\</path>
         <kind>archive</kind>
         <file>libc.a</file>
         <name>s_frexp.c.obj</name>
      </input_file>
      <input_file id="fl-3f">
         <path>D:\ccstheia141\ccs\tools\compiler\ti-cgt-armllvm_3.2.2.LTS\lib\armv6m-ti-none-eabi\c\</path>
         <kind>archive</kind>
         <file>libc.a</file>
         <name>s_scalbn.c.obj</name>
      </input_file>
      <input_file id="fl-40">
         <path>D:\ccstheia141\ccs\tools\compiler\ti-cgt-armllvm_3.2.2.LTS\lib\armv6m-ti-none-eabi\c\</path>
         <kind>archive</kind>
         <file>libc.a</file>
         <name>exit.c.obj</name>
      </input_file>
      <input_file id="fl-41">
         <path>D:\ccstheia141\ccs\tools\compiler\ti-cgt-armllvm_3.2.2.LTS\lib\armv6m-ti-none-eabi\c\</path>
         <kind>archive</kind>
         <file>libc.a</file>
         <name>_lock.c.obj</name>
      </input_file>
      <input_file id="fl-42">
         <path>D:\ccstheia141\ccs\tools\compiler\ti-cgt-armllvm_3.2.2.LTS\lib\armv6m-ti-none-eabi\c\</path>
         <kind>archive</kind>
         <file>libc.a</file>
         <name>_ltoa.c.obj</name>
      </input_file>
      <input_file id="fl-43">
         <path>D:\ccstheia141\ccs\tools\compiler\ti-cgt-armllvm_3.2.2.LTS\lib\armv6m-ti-none-eabi\c\</path>
         <kind>archive</kind>
         <file>libc.a</file>
         <name>args_main.c.obj</name>
      </input_file>
      <input_file id="fl-44">
         <path>D:\ccstheia141\ccs\tools\compiler\ti-cgt-armllvm_3.2.2.LTS\lib\armv6m-ti-none-eabi\c\</path>
         <kind>archive</kind>
         <file>libc.a</file>
         <name>atoi.c.obj</name>
      </input_file>
      <input_file id="fl-45">
         <path>D:\ccstheia141\ccs\tools\compiler\ti-cgt-armllvm_3.2.2.LTS\lib\armv6m-ti-none-eabi\c\</path>
         <kind>archive</kind>
         <file>libc.a</file>
         <name>memccpy.c.obj</name>
      </input_file>
      <input_file id="fl-46">
         <path>D:\ccstheia141\ccs\tools\compiler\ti-cgt-armllvm_3.2.2.LTS\lib\armv6m-ti-none-eabi\c\</path>
         <kind>archive</kind>
         <file>libc.a</file>
         <name>wcslen.c.obj</name>
      </input_file>
      <input_file id="fl-47">
         <path>D:\ccstheia141\ccs\tools\compiler\ti-cgt-armllvm_3.2.2.LTS\lib\armv6m-ti-none-eabi\c\</path>
         <kind>archive</kind>
         <file>libc.a</file>
         <name>fopen.c.obj</name>
      </input_file>
      <input_file id="fl-48">
         <path>D:\ccstheia141\ccs\tools\compiler\ti-cgt-armllvm_3.2.2.LTS\lib\armv6m-ti-none-eabi\c\</path>
         <kind>archive</kind>
         <file>libc.a</file>
         <name>fseek.c.obj</name>
      </input_file>
      <input_file id="fl-49">
         <path>D:\ccstheia141\ccs\tools\compiler\ti-cgt-armllvm_3.2.2.LTS\lib\armv6m-ti-none-eabi\c\</path>
         <kind>archive</kind>
         <file>libc.a</file>
         <name>aeabi_ctype.S.obj</name>
      </input_file>
      <input_file id="fl-4a">
         <path>D:\ccstheia141\ccs\tools\compiler\ti-cgt-armllvm_3.2.2.LTS\lib\armv6m-ti-none-eabi\c\</path>
         <kind>archive</kind>
         <file>libc.a</file>
         <name>fclose.c.obj</name>
      </input_file>
      <input_file id="fl-b0">
         <path>D:\ccstheia141\ccs\tools\compiler\ti-cgt-armllvm_3.2.2.LTS\lib\armv6m-ti-none-eabi\c\</path>
         <kind>archive</kind>
         <file>libsysbm.a</file>
         <name>write.c.obj</name>
      </input_file>
      <input_file id="fl-b1">
         <path>D:\ccstheia141\ccs\tools\compiler\ti-cgt-armllvm_3.2.2.LTS\lib\armv6m-ti-none-eabi\c\</path>
         <kind>archive</kind>
         <file>libsysbm.a</file>
         <name>host_device.c.obj</name>
      </input_file>
      <input_file id="fl-b2">
         <path>D:\ccstheia141\ccs\tools\compiler\ti-cgt-armllvm_3.2.2.LTS\lib\armv6m-ti-none-eabi\c\</path>
         <kind>archive</kind>
         <file>libsysbm.a</file>
         <name>remove.c.obj</name>
      </input_file>
      <input_file id="fl-b3">
         <path>D:\ccstheia141\ccs\tools\compiler\ti-cgt-armllvm_3.2.2.LTS\lib\armv6m-ti-none-eabi\c\</path>
         <kind>archive</kind>
         <file>libsysbm.a</file>
         <name>open.c.obj</name>
      </input_file>
      <input_file id="fl-b4">
         <path>D:\ccstheia141\ccs\tools\compiler\ti-cgt-armllvm_3.2.2.LTS\lib\armv6m-ti-none-eabi\c\</path>
         <kind>archive</kind>
         <file>libsysbm.a</file>
         <name>lseek.c.obj</name>
      </input_file>
      <input_file id="fl-b5">
         <path>D:\ccstheia141\ccs\tools\compiler\ti-cgt-armllvm_3.2.2.LTS\lib\armv6m-ti-none-eabi\c\</path>
         <kind>archive</kind>
         <file>libsysbm.a</file>
         <name>close.c.obj</name>
      </input_file>
      <input_file id="fl-b6">
         <path>D:\ccstheia141\ccs\tools\compiler\ti-cgt-armllvm_3.2.2.LTS\lib\armv6m-ti-none-eabi\c\</path>
         <kind>archive</kind>
         <file>libsysbm.a</file>
         <name>unlink.c.obj</name>
      </input_file>
      <input_file id="fl-b7">
         <path>D:\ccstheia141\ccs\tools\compiler\ti-cgt-armllvm_3.2.2.LTS\lib\armv6m-ti-none-eabi\c\</path>
         <kind>archive</kind>
         <file>libsysbm.a</file>
         <name>hostclose.c.obj</name>
      </input_file>
      <input_file id="fl-b8">
         <path>D:\ccstheia141\ccs\tools\compiler\ti-cgt-armllvm_3.2.2.LTS\lib\armv6m-ti-none-eabi\c\</path>
         <kind>archive</kind>
         <file>libsysbm.a</file>
         <name>hostlseek.c.obj</name>
      </input_file>
      <input_file id="fl-b9">
         <path>D:\ccstheia141\ccs\tools\compiler\ti-cgt-armllvm_3.2.2.LTS\lib\armv6m-ti-none-eabi\c\</path>
         <kind>archive</kind>
         <file>libsysbm.a</file>
         <name>hostopen.c.obj</name>
      </input_file>
      <input_file id="fl-ba">
         <path>D:\ccstheia141\ccs\tools\compiler\ti-cgt-armllvm_3.2.2.LTS\lib\armv6m-ti-none-eabi\c\</path>
         <kind>archive</kind>
         <file>libsysbm.a</file>
         <name>hostread.c.obj</name>
      </input_file>
      <input_file id="fl-bb">
         <path>D:\ccstheia141\ccs\tools\compiler\ti-cgt-armllvm_3.2.2.LTS\lib\armv6m-ti-none-eabi\c\</path>
         <kind>archive</kind>
         <file>libsysbm.a</file>
         <name>hostrename.c.obj</name>
      </input_file>
      <input_file id="fl-bc">
         <path>D:\ccstheia141\ccs\tools\compiler\ti-cgt-armllvm_3.2.2.LTS\lib\armv6m-ti-none-eabi\c\</path>
         <kind>archive</kind>
         <file>libsysbm.a</file>
         <name>hostunlink.c.obj</name>
      </input_file>
      <input_file id="fl-bd">
         <path>D:\ccstheia141\ccs\tools\compiler\ti-cgt-armllvm_3.2.2.LTS\lib\armv6m-ti-none-eabi\c\</path>
         <kind>archive</kind>
         <file>libsysbm.a</file>
         <name>hostwrite.c.obj</name>
      </input_file>
      <input_file id="fl-be">
         <path>D:\ccstheia141\ccs\tools\compiler\ti-cgt-armllvm_3.2.2.LTS\lib\armv6m-ti-none-eabi\c\</path>
         <kind>archive</kind>
         <file>libsysbm.a</file>
         <name>trgmsg.c.obj</name>
      </input_file>
      <input_file id="fl-bf">
         <path>D:\ccstheia141\ccs\tools\compiler\ti-cgt-armllvm_3.2.2.LTS\lib\clang\15.0.7\lib\armv6m-ti-none-eabi\</path>
         <kind>archive</kind>
         <file>libclang_rt.builtins.a</file>
         <name>addsf3.S.obj</name>
      </input_file>
      <input_file id="fl-c0">
         <path>D:\ccstheia141\ccs\tools\compiler\ti-cgt-armllvm_3.2.2.LTS\lib\clang\15.0.7\lib\armv6m-ti-none-eabi\</path>
         <kind>archive</kind>
         <file>libclang_rt.builtins.a</file>
         <name>adddf3.S.obj</name>
      </input_file>
      <input_file id="fl-c1">
         <path>D:\ccstheia141\ccs\tools\compiler\ti-cgt-armllvm_3.2.2.LTS\lib\clang\15.0.7\lib\armv6m-ti-none-eabi\</path>
         <kind>archive</kind>
         <file>libclang_rt.builtins.a</file>
         <name>muldf3.S.obj</name>
      </input_file>
      <input_file id="fl-c2">
         <path>D:\ccstheia141\ccs\tools\compiler\ti-cgt-armllvm_3.2.2.LTS\lib\clang\15.0.7\lib\armv6m-ti-none-eabi\</path>
         <kind>archive</kind>
         <file>libclang_rt.builtins.a</file>
         <name>muldsi3.S.obj</name>
      </input_file>
      <input_file id="fl-c3">
         <path>D:\ccstheia141\ccs\tools\compiler\ti-cgt-armllvm_3.2.2.LTS\lib\clang\15.0.7\lib\armv6m-ti-none-eabi\</path>
         <kind>archive</kind>
         <file>libclang_rt.builtins.a</file>
         <name>mulsf3.S.obj</name>
      </input_file>
      <input_file id="fl-c4">
         <path>D:\ccstheia141\ccs\tools\compiler\ti-cgt-armllvm_3.2.2.LTS\lib\clang\15.0.7\lib\armv6m-ti-none-eabi\</path>
         <kind>archive</kind>
         <file>libclang_rt.builtins.a</file>
         <name>divsf3.S.obj</name>
      </input_file>
      <input_file id="fl-c5">
         <path>D:\ccstheia141\ccs\tools\compiler\ti-cgt-armllvm_3.2.2.LTS\lib\clang\15.0.7\lib\armv6m-ti-none-eabi\</path>
         <kind>archive</kind>
         <file>libclang_rt.builtins.a</file>
         <name>divdf3.S.obj</name>
      </input_file>
      <input_file id="fl-c6">
         <path>D:\ccstheia141\ccs\tools\compiler\ti-cgt-armllvm_3.2.2.LTS\lib\clang\15.0.7\lib\armv6m-ti-none-eabi\</path>
         <kind>archive</kind>
         <file>libclang_rt.builtins.a</file>
         <name>extendsfdf2.S.obj</name>
      </input_file>
      <input_file id="fl-c7">
         <path>D:\ccstheia141\ccs\tools\compiler\ti-cgt-armllvm_3.2.2.LTS\lib\clang\15.0.7\lib\armv6m-ti-none-eabi\</path>
         <kind>archive</kind>
         <file>libclang_rt.builtins.a</file>
         <name>fixdfsi.S.obj</name>
      </input_file>
      <input_file id="fl-c8">
         <path>D:\ccstheia141\ccs\tools\compiler\ti-cgt-armllvm_3.2.2.LTS\lib\clang\15.0.7\lib\armv6m-ti-none-eabi\</path>
         <kind>archive</kind>
         <file>libclang_rt.builtins.a</file>
         <name>fixsfsi.S.obj</name>
      </input_file>
      <input_file id="fl-c9">
         <path>D:\ccstheia141\ccs\tools\compiler\ti-cgt-armllvm_3.2.2.LTS\lib\clang\15.0.7\lib\armv6m-ti-none-eabi\</path>
         <kind>archive</kind>
         <file>libclang_rt.builtins.a</file>
         <name>floatsidf.S.obj</name>
      </input_file>
      <input_file id="fl-ca">
         <path>D:\ccstheia141\ccs\tools\compiler\ti-cgt-armllvm_3.2.2.LTS\lib\clang\15.0.7\lib\armv6m-ti-none-eabi\</path>
         <kind>archive</kind>
         <file>libclang_rt.builtins.a</file>
         <name>floatsisf.S.obj</name>
      </input_file>
      <input_file id="fl-cb">
         <path>D:\ccstheia141\ccs\tools\compiler\ti-cgt-armllvm_3.2.2.LTS\lib\clang\15.0.7\lib\armv6m-ti-none-eabi\</path>
         <kind>archive</kind>
         <file>libclang_rt.builtins.a</file>
         <name>floatunsisf.S.obj</name>
      </input_file>
      <input_file id="fl-cc">
         <path>D:\ccstheia141\ccs\tools\compiler\ti-cgt-armllvm_3.2.2.LTS\lib\clang\15.0.7\lib\armv6m-ti-none-eabi\</path>
         <kind>archive</kind>
         <file>libclang_rt.builtins.a</file>
         <name>muldi3.S.obj</name>
      </input_file>
      <input_file id="fl-cd">
         <path>D:\ccstheia141\ccs\tools\compiler\ti-cgt-armllvm_3.2.2.LTS\lib\clang\15.0.7\lib\armv6m-ti-none-eabi\</path>
         <kind>archive</kind>
         <file>libclang_rt.builtins.a</file>
         <name>truncdfsf2.S.obj</name>
      </input_file>
      <input_file id="fl-ce">
         <path>D:\ccstheia141\ccs\tools\compiler\ti-cgt-armllvm_3.2.2.LTS\lib\clang\15.0.7\lib\armv6m-ti-none-eabi\</path>
         <kind>archive</kind>
         <file>libclang_rt.builtins.a</file>
         <name>aeabi_dcmp.S.obj</name>
      </input_file>
      <input_file id="fl-cf">
         <path>D:\ccstheia141\ccs\tools\compiler\ti-cgt-armllvm_3.2.2.LTS\lib\clang\15.0.7\lib\armv6m-ti-none-eabi\</path>
         <kind>archive</kind>
         <file>libclang_rt.builtins.a</file>
         <name>aeabi_fcmp.S.obj</name>
      </input_file>
      <input_file id="fl-d0">
         <path>D:\ccstheia141\ccs\tools\compiler\ti-cgt-armllvm_3.2.2.LTS\lib\clang\15.0.7\lib\armv6m-ti-none-eabi\</path>
         <kind>archive</kind>
         <file>libclang_rt.builtins.a</file>
         <name>aeabi_idivmod.S.obj</name>
      </input_file>
      <input_file id="fl-d1">
         <path>D:\ccstheia141\ccs\tools\compiler\ti-cgt-armllvm_3.2.2.LTS\lib\clang\15.0.7\lib\armv6m-ti-none-eabi\</path>
         <kind>archive</kind>
         <file>libclang_rt.builtins.a</file>
         <name>aeabi_memcpy.S.obj</name>
      </input_file>
      <input_file id="fl-d2">
         <path>D:\ccstheia141\ccs\tools\compiler\ti-cgt-armllvm_3.2.2.LTS\lib\clang\15.0.7\lib\armv6m-ti-none-eabi\</path>
         <kind>archive</kind>
         <file>libclang_rt.builtins.a</file>
         <name>aeabi_memset.S.obj</name>
      </input_file>
      <input_file id="fl-d3">
         <path>D:\ccstheia141\ccs\tools\compiler\ti-cgt-armllvm_3.2.2.LTS\lib\clang\15.0.7\lib\armv6m-ti-none-eabi\</path>
         <kind>archive</kind>
         <file>libclang_rt.builtins.a</file>
         <name>aeabi_uidivmod.S.obj</name>
      </input_file>
      <input_file id="fl-d4">
         <path>D:\ccstheia141\ccs\tools\compiler\ti-cgt-armllvm_3.2.2.LTS\lib\clang\15.0.7\lib\armv6m-ti-none-eabi\</path>
         <kind>archive</kind>
         <file>libclang_rt.builtins.a</file>
         <name>aeabi_uldivmod.S.obj</name>
      </input_file>
      <input_file id="fl-d5">
         <path>D:\ccstheia141\ccs\tools\compiler\ti-cgt-armllvm_3.2.2.LTS\lib\clang\15.0.7\lib\armv6m-ti-none-eabi\</path>
         <kind>archive</kind>
         <file>libclang_rt.builtins.a</file>
         <name>comparesf2.S.obj</name>
      </input_file>
      <input_file id="fl-d6">
         <path>D:\ccstheia141\ccs\tools\compiler\ti-cgt-armllvm_3.2.2.LTS\lib\clang\15.0.7\lib\armv6m-ti-none-eabi\</path>
         <kind>archive</kind>
         <file>libclang_rt.builtins.a</file>
         <name>udivmoddi4.S.obj</name>
      </input_file>
      <input_file id="fl-d7">
         <path>D:\ccstheia141\ccs\tools\compiler\ti-cgt-armllvm_3.2.2.LTS\lib\clang\15.0.7\lib\armv6m-ti-none-eabi\</path>
         <kind>archive</kind>
         <file>libclang_rt.builtins.a</file>
         <name>ashldi3.S.obj</name>
      </input_file>
      <input_file id="fl-d8">
         <path>D:\ccstheia141\ccs\tools\compiler\ti-cgt-armllvm_3.2.2.LTS\lib\clang\15.0.7\lib\armv6m-ti-none-eabi\</path>
         <kind>archive</kind>
         <file>libclang_rt.builtins.a</file>
         <name>comparedf2.c.obj</name>
      </input_file>
      <input_file id="fl-d9">
         <path>D:\ccstheia141\ccs\tools\compiler\ti-cgt-armllvm_3.2.2.LTS\lib\clang\15.0.7\lib\armv6m-ti-none-eabi\</path>
         <kind>archive</kind>
         <file>libclang_rt.builtins.a</file>
         <name>aeabi_div0.c.obj</name>
      </input_file>
      <input_file id="fl-da">
         <path>D:\ccstheia141\ccs\tools\compiler\ti-cgt-armllvm_3.2.2.LTS\lib\armv6m-ti-none-eabi\c\</path>
         <kind>archive</kind>
         <file>libc.a</file>
         <name>getdevice.c.obj</name>
      </input_file>
      <input_file id="fl-db">
         <path>D:\ccstheia141\ccs\tools\compiler\ti-cgt-armllvm_3.2.2.LTS\lib\armv6m-ti-none-eabi\c\</path>
         <kind>archive</kind>
         <file>libc.a</file>
         <name>memcpy16.S.obj</name>
      </input_file>
      <input_file id="fl-dc">
         <path>D:\ccstheia141\ccs\tools\compiler\ti-cgt-armllvm_3.2.2.LTS\lib\armv6m-ti-none-eabi\c\</path>
         <kind>archive</kind>
         <file>libc.a</file>
         <name>memset16.S.obj</name>
      </input_file>
   </input_file_list>
   <object_component_list>
      <object_component id="oc-18">
         <name>.intvecs</name>
         <load_address>0x0</load_address>
         <readonly>true</readonly>
         <run_address>0x0</run_address>
         <size>0xc0</size>
         <alignment>0x4</alignment>
         <input_file_ref idref="fl-3"/>
      </object_component>
      <object_component id="oc-86">
         <name>.text.OLED_Init</name>
         <load_address>0xc0</load_address>
         <readonly>true</readonly>
         <executable>true</executable>
         <run_address>0xc0</run_address>
         <size>0xab0</size>
         <alignment>0x4</alignment>
         <input_file_ref idref="fl-6"/>
      </object_component>
      <object_component id="oc-183">
         <name>.text:__TI_printfi</name>
         <load_address>0xb70</load_address>
         <readonly>true</readonly>
         <executable>true</executable>
         <run_address>0xb70</run_address>
         <size>0xa00</size>
         <alignment>0x4</alignment>
         <input_file_ref idref="fl-36"/>
      </object_component>
      <object_component id="oc-6c">
         <name>.text.main</name>
         <load_address>0x1570</load_address>
         <readonly>true</readonly>
         <executable>true</executable>
         <run_address>0x1570</run_address>
         <size>0x7fc</size>
         <alignment>0x4</alignment>
         <input_file_ref idref="fl-1"/>
      </object_component>
      <object_component id="oc-19b">
         <name>.text.__kernel_rem_pio2</name>
         <load_address>0x1d6c</load_address>
         <readonly>true</readonly>
         <executable>true</executable>
         <run_address>0x1d6c</run_address>
         <size>0x658</size>
         <alignment>0x4</alignment>
         <input_file_ref idref="fl-2a"/>
      </object_component>
      <object_component id="oc-13c">
         <name>.text.sin</name>
         <load_address>0x23c4</load_address>
         <readonly>true</readonly>
         <executable>true</executable>
         <run_address>0x23c4</run_address>
         <size>0x458</size>
         <alignment>0x4</alignment>
         <input_file_ref idref="fl-28"/>
      </object_component>
      <object_component id="oc-136">
         <name>.text.cos</name>
         <load_address>0x281c</load_address>
         <readonly>true</readonly>
         <executable>true</executable>
         <run_address>0x281c</run_address>
         <size>0x440</size>
         <alignment>0x4</alignment>
         <input_file_ref idref="fl-27"/>
      </object_component>
      <object_component id="oc-132">
         <name>.text.OLED_ShowChar</name>
         <load_address>0x2c5c</load_address>
         <readonly>true</readonly>
         <executable>true</executable>
         <run_address>0x2c5c</run_address>
         <size>0x368</size>
         <alignment>0x4</alignment>
         <input_file_ref idref="fl-6"/>
      </object_component>
      <object_component id="oc-ac">
         <name>.text.FFT</name>
         <load_address>0x2fc4</load_address>
         <readonly>true</readonly>
         <executable>true</executable>
         <run_address>0x2fc4</run_address>
         <size>0x360</size>
         <alignment>0x4</alignment>
         <input_file_ref idref="fl-5"/>
      </object_component>
      <object_component id="oc-94">
         <name>.text.calculate_power_factor</name>
         <load_address>0x3324</load_address>
         <readonly>true</readonly>
         <executable>true</executable>
         <run_address>0x3324</run_address>
         <size>0x33c</size>
         <alignment>0x4</alignment>
         <input_file_ref idref="fl-4"/>
      </object_component>
      <object_component id="oc-114">
         <name>.text.OLED_Fill</name>
         <load_address>0x3660</load_address>
         <readonly>true</readonly>
         <executable>true</executable>
         <run_address>0x3660</run_address>
         <size>0x2ac</size>
         <alignment>0x4</alignment>
         <input_file_ref idref="fl-6"/>
      </object_component>
      <object_component id="oc-1df">
         <name>.text._pconv_a</name>
         <load_address>0x390c</load_address>
         <readonly>true</readonly>
         <executable>true</executable>
         <run_address>0x390c</run_address>
         <size>0x220</size>
         <alignment>0x4</alignment>
         <input_file_ref idref="fl-36"/>
      </object_component>
      <object_component id="oc-1e2">
         <name>.text._pconv_g</name>
         <load_address>0x3b2c</load_address>
         <readonly>true</readonly>
         <executable>true</executable>
         <run_address>0x3b2c</run_address>
         <size>0x1dc</size>
         <alignment>0x4</alignment>
         <input_file_ref idref="fl-36"/>
      </object_component>
      <object_component id="oc-123">
         <name>.text.adddf3_subdf3</name>
         <load_address>0x3d08</load_address>
         <readonly>true</readonly>
         <executable>true</executable>
         <run_address>0x3d08</run_address>
         <size>0x192</size>
         <alignment>0x4</alignment>
         <input_file_ref idref="fl-c0"/>
      </object_component>
      <object_component id="oc-33">
         <name>.text.Default_Handler</name>
         <load_address>0x3e9a</load_address>
         <readonly>true</readonly>
         <executable>true</executable>
         <run_address>0x3e9a</run_address>
         <size>0x2</size>
         <alignment>0x2</alignment>
         <input_file_ref idref="fl-3"/>
      </object_component>
      <object_component id="oc-be">
         <name>.text.sqrt</name>
         <load_address>0x3e9c</load_address>
         <readonly>true</readonly>
         <executable>true</executable>
         <run_address>0x3e9c</run_address>
         <size>0x184</size>
         <alignment>0x4</alignment>
         <input_file_ref idref="fl-26"/>
      </object_component>
      <object_component id="oc-d2">
         <name>.text.max115</name>
         <load_address>0x4020</load_address>
         <readonly>true</readonly>
         <executable>true</executable>
         <run_address>0x4020</run_address>
         <size>0x180</size>
         <alignment>0x4</alignment>
         <input_file_ref idref="fl-4"/>
      </object_component>
      <object_component id="oc-1a4">
         <name>.text.__kernel_sin</name>
         <load_address>0x41a0</load_address>
         <readonly>true</readonly>
         <executable>true</executable>
         <run_address>0x41a0</run_address>
         <size>0x168</size>
         <alignment>0x4</alignment>
         <input_file_ref idref="fl-3c"/>
      </object_component>
      <object_component id="oc-93">
         <name>.text.calculate_rms_dc_removed</name>
         <load_address>0x4308</load_address>
         <readonly>true</readonly>
         <executable>true</executable>
         <run_address>0x4308</run_address>
         <size>0x160</size>
         <alignment>0x2</alignment>
         <input_file_ref idref="fl-4"/>
      </object_component>
      <object_component id="oc-18b">
         <name>.text.__kernel_cos</name>
         <load_address>0x4468</load_address>
         <readonly>true</readonly>
         <executable>true</executable>
         <run_address>0x4468</run_address>
         <size>0x150</size>
         <alignment>0x4</alignment>
         <input_file_ref idref="fl-3b"/>
      </object_component>
      <object_component id="oc-135">
         <name>.text.RemoveDCBias</name>
         <load_address>0x45b8</load_address>
         <readonly>true</readonly>
         <executable>true</executable>
         <run_address>0x45b8</run_address>
         <size>0x14a</size>
         <alignment>0x2</alignment>
         <input_file_ref idref="fl-5"/>
      </object_component>
      <object_component id="oc-172">
         <name>.text.__aeabi_idiv0</name>
         <load_address>0x4702</load_address>
         <readonly>true</readonly>
         <executable>true</executable>
         <run_address>0x4702</run_address>
         <size>0x2</size>
         <alignment>0x2</alignment>
         <input_file_ref idref="fl-d9"/>
      </object_component>
      <object_component id="oc-1f7">
         <name>.text.floor</name>
         <load_address>0x4704</load_address>
         <readonly>true</readonly>
         <executable>true</executable>
         <run_address>0x4704</run_address>
         <size>0x144</size>
         <alignment>0x4</alignment>
         <input_file_ref idref="fl-3d"/>
      </object_component>
      <object_component id="oc-224">
         <name>.text.fcvt</name>
         <load_address>0x4848</load_address>
         <readonly>true</readonly>
         <executable>true</executable>
         <run_address>0x4848</run_address>
         <size>0x13c</size>
         <alignment>0x4</alignment>
         <input_file_ref idref="fl-36"/>
      </object_component>
      <object_component id="oc-184">
         <name>.text.OLED_SetPos</name>
         <load_address>0x4984</load_address>
         <readonly>true</readonly>
         <executable>true</executable>
         <run_address>0x4984</run_address>
         <size>0x138</size>
         <alignment>0x4</alignment>
         <input_file_ref idref="fl-6"/>
      </object_component>
      <object_component id="oc-1e0">
         <name>.text._pconv_e</name>
         <load_address>0x4abc</load_address>
         <readonly>true</readonly>
         <executable>true</executable>
         <run_address>0x4abc</run_address>
         <size>0x120</size>
         <alignment>0x4</alignment>
         <input_file_ref idref="fl-36"/>
      </object_component>
      <object_component id="oc-b2">
         <name>.text.__divdf3</name>
         <load_address>0x4bdc</load_address>
         <readonly>true</readonly>
         <executable>true</executable>
         <run_address>0x4bdc</run_address>
         <size>0x10c</size>
         <alignment>0x4</alignment>
         <input_file_ref idref="fl-c5"/>
      </object_component>
      <object_component id="oc-99">
         <name>.text.__muldf3</name>
         <load_address>0x4ce8</load_address>
         <readonly>true</readonly>
         <executable>true</executable>
         <run_address>0x4ce8</run_address>
         <size>0xe4</size>
         <alignment>0x4</alignment>
         <input_file_ref idref="fl-c1"/>
      </object_component>
      <object_component id="oc-1f3">
         <name>.text.scalbn</name>
         <load_address>0x4dcc</load_address>
         <readonly>true</readonly>
         <executable>true</executable>
         <run_address>0x4dcc</run_address>
         <size>0xd8</size>
         <alignment>0x4</alignment>
         <input_file_ref idref="fl-3f"/>
      </object_component>
      <object_component id="oc-ba">
         <name>.text</name>
         <load_address>0x4ea4</load_address>
         <readonly>true</readonly>
         <executable>true</executable>
         <run_address>0x4ea4</run_address>
         <size>0xd8</size>
         <alignment>0x4</alignment>
         <input_file_ref idref="fl-bf"/>
      </object_component>
      <object_component id="oc-211">
         <name>.text</name>
         <load_address>0x4f7c</load_address>
         <readonly>true</readonly>
         <executable>true</executable>
         <run_address>0x4f7c</run_address>
         <size>0xa2</size>
         <alignment>0x4</alignment>
         <input_file_ref idref="fl-d6"/>
      </object_component>
      <object_component id="oc-8d">
         <name>.text.calculate_avg</name>
         <load_address>0x501e</load_address>
         <readonly>true</readonly>
         <executable>true</executable>
         <run_address>0x501e</run_address>
         <size>0xa0</size>
         <alignment>0x2</alignment>
         <input_file_ref idref="fl-4"/>
      </object_component>
      <object_component id="oc-7c">
         <name>.text:memcpy</name>
         <load_address>0x50be</load_address>
         <readonly>true</readonly>
         <executable>true</executable>
         <run_address>0x50be</run_address>
         <size>0x9a</size>
         <alignment>0x1</alignment>
         <input_file_ref idref="fl-db"/>
      </object_component>
      <object_component id="oc-a8">
         <name>.text.__mulsf3</name>
         <load_address>0x5158</load_address>
         <readonly>true</readonly>
         <executable>true</executable>
         <run_address>0x5158</run_address>
         <size>0x8c</size>
         <alignment>0x4</alignment>
         <input_file_ref idref="fl-c3"/>
      </object_component>
      <object_component id="oc-11d">
         <name>.text.__divsf3</name>
         <load_address>0x51e4</load_address>
         <readonly>true</readonly>
         <executable>true</executable>
         <run_address>0x51e4</run_address>
         <size>0x82</size>
         <alignment>0x4</alignment>
         <input_file_ref idref="fl-c4"/>
      </object_component>
      <object_component id="oc-22e">
         <name>.text.__aeabi_ldiv0</name>
         <load_address>0x5266</load_address>
         <readonly>true</readonly>
         <executable>true</executable>
         <run_address>0x5266</run_address>
         <size>0x2</size>
         <alignment>0x2</alignment>
         <input_file_ref idref="fl-d9"/>
      </object_component>
      <object_component id="oc-105">
         <name>.text.SYSCFG_DL_ADC0_init</name>
         <load_address>0x5268</load_address>
         <readonly>true</readonly>
         <executable>true</executable>
         <run_address>0x5268</run_address>
         <size>0x78</size>
         <alignment>0x4</alignment>
         <input_file_ref idref="fl-2"/>
      </object_component>
      <object_component id="oc-1c">
         <name>.text:decompress:lzss</name>
         <load_address>0x52e0</load_address>
         <readonly>true</readonly>
         <executable>true</executable>
         <run_address>0x52e0</run_address>
         <size>0x78</size>
         <alignment>0x4</alignment>
         <input_file_ref idref="fl-35"/>
      </object_component>
      <object_component id="oc-147">
         <name>.text.__aeabi_errno_addr</name>
         <load_address>0x5358</load_address>
         <readonly>true</readonly>
         <executable>true</executable>
         <run_address>0x5358</run_address>
         <size>0x8</size>
         <alignment>0x4</alignment>
         <input_file_ref idref="fl-29"/>
      </object_component>
      <object_component id="oc-b6">
         <name>.text.__truncdfsf2</name>
         <load_address>0x5360</load_address>
         <readonly>true</readonly>
         <executable>true</executable>
         <run_address>0x5360</run_address>
         <size>0x74</size>
         <alignment>0x10</alignment>
         <input_file_ref idref="fl-cd"/>
      </object_component>
      <object_component id="oc-1ed">
         <name>.text.__gedf2</name>
         <load_address>0x53d4</load_address>
         <readonly>true</readonly>
         <executable>true</executable>
         <run_address>0x53d4</run_address>
         <size>0x70</size>
         <alignment>0x4</alignment>
         <input_file_ref idref="fl-d8"/>
      </object_component>
      <object_component id="oc-1e7">
         <name>.text.__ledf2</name>
         <load_address>0x5444</load_address>
         <readonly>true</readonly>
         <executable>true</executable>
         <run_address>0x5444</run_address>
         <size>0x6c</size>
         <alignment>0x4</alignment>
         <input_file_ref idref="fl-d8"/>
      </object_component>
      <object_component id="oc-222">
         <name>.text._mcpy</name>
         <load_address>0x54b0</load_address>
         <readonly>true</readonly>
         <executable>true</executable>
         <run_address>0x54b0</run_address>
         <size>0x66</size>
         <alignment>0x2</alignment>
         <input_file_ref idref="fl-36"/>
      </object_component>
      <object_component id="oc-197">
         <name>.text.__aeabi_dcmp</name>
         <load_address>0x5518</load_address>
         <readonly>true</readonly>
         <executable>true</executable>
         <run_address>0x5518</run_address>
         <size>0x62</size>
         <alignment>0x4</alignment>
         <input_file_ref idref="fl-ce"/>
      </object_component>
      <object_component id="oc-ca">
         <name>.text.__aeabi_fcmp</name>
         <load_address>0x557c</load_address>
         <readonly>true</readonly>
         <executable>true</executable>
         <run_address>0x557c</run_address>
         <size>0x62</size>
         <alignment>0x4</alignment>
         <input_file_ref idref="fl-cf"/>
      </object_component>
      <object_component id="oc-ff">
         <name>.text:memset</name>
         <load_address>0x55de</load_address>
         <readonly>true</readonly>
         <executable>true</executable>
         <run_address>0x55de</run_address>
         <size>0x62</size>
         <alignment>0x1</alignment>
         <input_file_ref idref="fl-dc"/>
      </object_component>
      <object_component id="oc-10c">
         <name>.text.DL_I2C_fillControllerTXFIFO</name>
         <load_address>0x5640</load_address>
         <readonly>true</readonly>
         <executable>true</executable>
         <run_address>0x5640</run_address>
         <size>0x5e</size>
         <alignment>0x2</alignment>
         <input_file_ref idref="fl-16"/>
      </object_component>
      <object_component id="oc-a3">
         <name>.text.OLED_ShowString</name>
         <load_address>0x569e</load_address>
         <readonly>true</readonly>
         <executable>true</executable>
         <run_address>0x569e</run_address>
         <size>0x5c</size>
         <alignment>0x2</alignment>
         <input_file_ref idref="fl-6"/>
      </object_component>
      <object_component id="oc-216">
         <name>.text.frexp</name>
         <load_address>0x56fc</load_address>
         <readonly>true</readonly>
         <executable>true</executable>
         <run_address>0x56fc</run_address>
         <size>0x5c</size>
         <alignment>0x4</alignment>
         <input_file_ref idref="fl-3e"/>
      </object_component>
      <object_component id="oc-21a">
         <name>.text.__TI_ltoa</name>
         <load_address>0x5758</load_address>
         <readonly>true</readonly>
         <executable>true</executable>
         <run_address>0x5758</run_address>
         <size>0x58</size>
         <alignment>0x2</alignment>
         <input_file_ref idref="fl-42"/>
      </object_component>
      <object_component id="oc-1e1">
         <name>.text._pconv_f</name>
         <load_address>0x57b0</load_address>
         <readonly>true</readonly>
         <executable>true</executable>
         <run_address>0x57b0</run_address>
         <size>0x58</size>
         <alignment>0x2</alignment>
         <input_file_ref idref="fl-36"/>
      </object_component>
      <object_component id="oc-1ef">
         <name>.text.__aeabi_idivmod</name>
         <load_address>0x5808</load_address>
         <readonly>true</readonly>
         <executable>true</executable>
         <run_address>0x5808</run_address>
         <size>0x56</size>
         <alignment>0x4</alignment>
         <input_file_ref idref="fl-d0"/>
      </object_component>
      <object_component id="oc-104">
         <name>.text.SYSCFG_DL_I2C_OLED_init</name>
         <load_address>0x5860</load_address>
         <readonly>true</readonly>
         <executable>true</executable>
         <run_address>0x5860</run_address>
         <size>0x54</size>
         <alignment>0x4</alignment>
         <input_file_ref idref="fl-2"/>
      </object_component>
      <object_component id="oc-220">
         <name>.text._ecpy</name>
         <load_address>0x58b4</load_address>
         <readonly>true</readonly>
         <executable>true</executable>
         <run_address>0x58b4</run_address>
         <size>0x52</size>
         <alignment>0x2</alignment>
         <input_file_ref idref="fl-36"/>
      </object_component>
      <object_component id="oc-187">
         <name>.text.__fixdfsi</name>
         <load_address>0x5908</load_address>
         <readonly>true</readonly>
         <executable>true</executable>
         <run_address>0x5908</run_address>
         <size>0x4a</size>
         <alignment>0x4</alignment>
         <input_file_ref idref="fl-c7"/>
      </object_component>
      <object_component id="oc-166">
         <name>.text.DL_ADC12_setClockConfig</name>
         <load_address>0x5954</load_address>
         <readonly>true</readonly>
         <executable>true</executable>
         <run_address>0x5954</run_address>
         <size>0x40</size>
         <alignment>0x4</alignment>
         <input_file_ref idref="fl-14"/>
      </object_component>
      <object_component id="oc-102">
         <name>.text.SYSCFG_DL_SYSCTL_init</name>
         <load_address>0x5994</load_address>
         <readonly>true</readonly>
         <executable>true</executable>
         <run_address>0x5994</run_address>
         <size>0x40</size>
         <alignment>0x4</alignment>
         <input_file_ref idref="fl-2"/>
      </object_component>
      <object_component id="oc-100">
         <name>.text.SYSCFG_DL_initPower</name>
         <load_address>0x59d4</load_address>
         <readonly>true</readonly>
         <executable>true</executable>
         <run_address>0x59d4</run_address>
         <size>0x40</size>
         <alignment>0x4</alignment>
         <input_file_ref idref="fl-2"/>
      </object_component>
      <object_component id="oc-115">
         <name>.text.__aeabi_uidivmod</name>
         <load_address>0x5a14</load_address>
         <readonly>true</readonly>
         <executable>true</executable>
         <run_address>0x5a14</run_address>
         <size>0x40</size>
         <alignment>0x4</alignment>
         <input_file_ref idref="fl-d3"/>
      </object_component>
      <object_component id="oc-95">
         <name>.text.__extendsfdf2</name>
         <load_address>0x5a54</load_address>
         <readonly>true</readonly>
         <executable>true</executable>
         <run_address>0x5a54</run_address>
         <size>0x40</size>
         <alignment>0x4</alignment>
         <input_file_ref idref="fl-c6"/>
      </object_component>
      <object_component id="oc-1ce">
         <name>.text.atoi</name>
         <load_address>0x5a94</load_address>
         <readonly>true</readonly>
         <executable>true</executable>
         <run_address>0x5a94</run_address>
         <size>0x40</size>
         <alignment>0x4</alignment>
         <input_file_ref idref="fl-44"/>
      </object_component>
      <object_component id="oc-119">
         <name>.text.__floatsisf</name>
         <load_address>0x5ad4</load_address>
         <readonly>true</readonly>
         <executable>true</executable>
         <run_address>0x5ad4</run_address>
         <size>0x3c</size>
         <alignment>0x4</alignment>
         <input_file_ref idref="fl-ca"/>
      </object_component>
      <object_component id="oc-154">
         <name>.text.__gtsf2</name>
         <load_address>0x5b10</load_address>
         <readonly>true</readonly>
         <executable>true</executable>
         <run_address>0x5b10</run_address>
         <size>0x3c</size>
         <alignment>0x4</alignment>
         <input_file_ref idref="fl-d5"/>
      </object_component>
      <object_component id="oc-e7">
         <name>.text:__TI_auto_init_nobinit_nopinit</name>
         <load_address>0x5b4c</load_address>
         <readonly>true</readonly>
         <executable>true</executable>
         <run_address>0x5b4c</run_address>
         <size>0x3c</size>
         <alignment>0x4</alignment>
         <input_file_ref idref="fl-30"/>
      </object_component>
      <object_component id="oc-14f">
         <name>.text.__eqsf2</name>
         <load_address>0x5b88</load_address>
         <readonly>true</readonly>
         <executable>true</executable>
         <run_address>0x5b88</run_address>
         <size>0x3a</size>
         <alignment>0x4</alignment>
         <input_file_ref idref="fl-d5"/>
      </object_component>
      <object_component id="oc-128">
         <name>.text.__muldsi3</name>
         <load_address>0x5bc4</load_address>
         <readonly>true</readonly>
         <executable>true</executable>
         <run_address>0x5bc4</run_address>
         <size>0x3a</size>
         <alignment>0x4</alignment>
         <input_file_ref idref="fl-c2"/>
      </object_component>
      <object_component id="oc-9d">
         <name>.text.sprintf</name>
         <load_address>0x5c00</load_address>
         <readonly>true</readonly>
         <executable>true</executable>
         <run_address>0x5c00</run_address>
         <size>0x38</size>
         <alignment>0x4</alignment>
         <input_file_ref idref="fl-25"/>
      </object_component>
      <object_component id="oc-221">
         <name>.text._fcpy</name>
         <load_address>0x5c38</load_address>
         <readonly>true</readonly>
         <executable>true</executable>
         <run_address>0x5c38</run_address>
         <size>0x30</size>
         <alignment>0x2</alignment>
         <input_file_ref idref="fl-36"/>
      </object_component>
      <object_component id="oc-ce">
         <name>.text.__floatsidf</name>
         <load_address>0x5c68</load_address>
         <readonly>true</readonly>
         <executable>true</executable>
         <run_address>0x5c68</run_address>
         <size>0x2c</size>
         <alignment>0x4</alignment>
         <input_file_ref idref="fl-c9"/>
      </object_component>
      <object_component id="oc-a4">
         <name>.text.__floatunsisf</name>
         <load_address>0x5c94</load_address>
         <readonly>true</readonly>
         <executable>true</executable>
         <run_address>0x5c94</run_address>
         <size>0x28</size>
         <alignment>0x4</alignment>
         <input_file_ref idref="fl-cb"/>
      </object_component>
      <object_component id="oc-54">
         <name>.text:_c_int00_noargs</name>
         <load_address>0x5cbc</load_address>
         <readonly>true</readonly>
         <executable>true</executable>
         <run_address>0x5cbc</run_address>
         <size>0x28</size>
         <alignment>0x4</alignment>
         <input_file_ref idref="fl-2e"/>
      </object_component>
      <object_component id="oc-164">
         <name>.text.DL_I2C_setClockConfig</name>
         <load_address>0x5ce4</load_address>
         <readonly>true</readonly>
         <executable>true</executable>
         <run_address>0x5ce4</run_address>
         <size>0x26</size>
         <alignment>0x2</alignment>
         <input_file_ref idref="fl-16"/>
      </object_component>
      <object_component id="oc-101">
         <name>.text.SYSCFG_DL_GPIO_init</name>
         <load_address>0x5d0c</load_address>
         <readonly>true</readonly>
         <executable>true</executable>
         <run_address>0x5d0c</run_address>
         <size>0x24</size>
         <alignment>0x4</alignment>
         <input_file_ref idref="fl-2"/>
      </object_component>
      <object_component id="oc-1d6">
         <name>.text.__muldi3</name>
         <load_address>0x5d30</load_address>
         <readonly>true</readonly>
         <executable>true</executable>
         <run_address>0x5d30</run_address>
         <size>0x24</size>
         <alignment>0x4</alignment>
         <input_file_ref idref="fl-cc"/>
      </object_component>
      <object_component id="oc-1c7">
         <name>.text.memccpy</name>
         <load_address>0x5d54</load_address>
         <readonly>true</readonly>
         <executable>true</executable>
         <run_address>0x5d54</run_address>
         <size>0x22</size>
         <alignment>0x2</alignment>
         <input_file_ref idref="fl-45"/>
      </object_component>
      <object_component id="oc-22f">
         <name>.text.__ashldi3</name>
         <load_address>0x5d78</load_address>
         <readonly>true</readonly>
         <executable>true</executable>
         <run_address>0x5d78</run_address>
         <size>0x1e</size>
         <alignment>0x4</alignment>
         <input_file_ref idref="fl-d7"/>
      </object_component>
      <object_component id="oc-34">
         <name>.text.ADC0_IRQHandler</name>
         <load_address>0x5d98</load_address>
         <readonly>true</readonly>
         <executable>true</executable>
         <run_address>0x5d98</run_address>
         <size>0x1c</size>
         <alignment>0x4</alignment>
         <input_file_ref idref="fl-1"/>
      </object_component>
      <object_component id="oc-81">
         <name>.text.SYSCFG_DL_init</name>
         <load_address>0x5db4</load_address>
         <readonly>true</readonly>
         <executable>true</executable>
         <run_address>0x5db4</run_address>
         <size>0x18</size>
         <alignment>0x2</alignment>
         <input_file_ref idref="fl-2"/>
      </object_component>
      <object_component id="oc-12e">
         <name>.text._outs</name>
         <load_address>0x5dcc</load_address>
         <readonly>true</readonly>
         <executable>true</executable>
         <run_address>0x5dcc</run_address>
         <size>0x18</size>
         <alignment>0x2</alignment>
         <input_file_ref idref="fl-25"/>
      </object_component>
      <object_component id="oc-1fe">
         <name>.text.OUTLINED_FUNCTION_0</name>
         <load_address>0x5de4</load_address>
         <readonly>true</readonly>
         <executable>true</executable>
         <run_address>0x5de4</run_address>
         <size>0x16</size>
         <alignment>0x2</alignment>
         <input_file_ref idref="fl-2a"/>
      </object_component>
      <object_component id="oc-282">
         <name>.tramp.__aeabi_dadd.1</name>
         <load_address>0x5dfc</load_address>
         <readonly>true</readonly>
         <executable>true</executable>
         <run_address>0x5dfc</run_address>
         <size>0x10</size>
         <alignment>0x4</alignment>
         <input_file_ref idref="fl-c0"/>
      </object_component>
      <object_component id="oc-1db">
         <name>.text.__aeabi_uldivmod</name>
         <load_address>0x5e0c</load_address>
         <readonly>true</readonly>
         <executable>true</executable>
         <run_address>0x5e0c</run_address>
         <size>0x14</size>
         <alignment>0x4</alignment>
         <input_file_ref idref="fl-d4"/>
      </object_component>
      <object_component id="oc-21f">
         <name>.text.strchr</name>
         <load_address>0x5e20</load_address>
         <readonly>true</readonly>
         <executable>true</executable>
         <run_address>0x5e20</run_address>
         <size>0x14</size>
         <alignment>0x2</alignment>
         <input_file_ref idref="fl-36"/>
      </object_component>
      <object_component id="oc-20">
         <name>.text:decompress:none</name>
         <load_address>0x5e34</load_address>
         <readonly>true</readonly>
         <executable>true</executable>
         <run_address>0x5e34</run_address>
         <size>0x12</size>
         <alignment>0x2</alignment>
         <input_file_ref idref="fl-34"/>
      </object_component>
      <object_component id="oc-1d2">
         <name>.text.wcslen</name>
         <load_address>0x5e46</load_address>
         <readonly>true</readonly>
         <executable>true</executable>
         <run_address>0x5e46</run_address>
         <size>0x10</size>
         <alignment>0x2</alignment>
         <input_file_ref idref="fl-46"/>
      </object_component>
      <object_component id="oc-51">
         <name>.text:decompress:ZI</name>
         <load_address>0x5e56</load_address>
         <readonly>true</readonly>
         <executable>true</executable>
         <run_address>0x5e56</run_address>
         <size>0x10</size>
         <alignment>0x2</alignment>
         <input_file_ref idref="fl-33"/>
      </object_component>
      <object_component id="oc-193">
         <name>.text.OUTLINED_FUNCTION_0</name>
         <load_address>0x5e66</load_address>
         <readonly>true</readonly>
         <executable>true</executable>
         <run_address>0x5e66</run_address>
         <size>0xe</size>
         <alignment>0x2</alignment>
         <input_file_ref idref="fl-27"/>
      </object_component>
      <object_component id="oc-283">
         <name>.tramp.__aeabi_dsub.1</name>
         <load_address>0x5e74</load_address>
         <readonly>true</readonly>
         <executable>true</executable>
         <run_address>0x5e74</run_address>
         <size>0x10</size>
         <alignment>0x4</alignment>
         <input_file_ref idref="fl-c0"/>
      </object_component>
      <object_component id="oc-1ac">
         <name>.text.OUTLINED_FUNCTION_0</name>
         <load_address>0x5e84</load_address>
         <readonly>true</readonly>
         <executable>true</executable>
         <run_address>0x5e84</run_address>
         <size>0xe</size>
         <alignment>0x2</alignment>
         <input_file_ref idref="fl-28"/>
      </object_component>
      <object_component id="oc-1fb">
         <name>.text.OUTLINED_FUNCTION_2</name>
         <load_address>0x5e92</load_address>
         <readonly>true</readonly>
         <executable>true</executable>
         <run_address>0x5e92</run_address>
         <size>0xe</size>
         <alignment>0x2</alignment>
         <input_file_ref idref="fl-2a"/>
      </object_component>
      <object_component id="oc-1c6">
         <name>.text.__aeabi_memset</name>
         <load_address>0x5ea0</load_address>
         <readonly>true</readonly>
         <executable>true</executable>
         <run_address>0x5ea0</run_address>
         <size>0xe</size>
         <alignment>0x4</alignment>
         <input_file_ref idref="fl-d2"/>
      </object_component>
      <object_component id="oc-1c5">
         <name>.text.strlen</name>
         <load_address>0x5eae</load_address>
         <readonly>true</readonly>
         <executable>true</executable>
         <run_address>0x5eae</run_address>
         <size>0xe</size>
         <alignment>0x2</alignment>
         <input_file_ref idref="fl-36"/>
      </object_component>
      <object_component id="oc-63">
         <name>.text.__aeabi_memclr</name>
         <load_address>0x5ebc</load_address>
         <readonly>true</readonly>
         <executable>true</executable>
         <run_address>0x5ebc</run_address>
         <size>0xc</size>
         <alignment>0x4</alignment>
         <input_file_ref idref="fl-d2"/>
      </object_component>
      <object_component id="oc-108">
         <name>.text.DL_Common_delayCycles</name>
         <load_address>0x5ec8</load_address>
         <readonly>true</readonly>
         <executable>true</executable>
         <run_address>0x5ec8</run_address>
         <size>0xa</size>
         <alignment>0x2</alignment>
         <input_file_ref idref="fl-15"/>
      </object_component>
      <object_component id="oc-8c">
         <name>.text.OLED_CLS</name>
         <load_address>0x5ed2</load_address>
         <readonly>true</readonly>
         <executable>true</executable>
         <run_address>0x5ed2</run_address>
         <size>0xa</size>
         <alignment>0x2</alignment>
         <input_file_ref idref="fl-6"/>
      </object_component>
      <object_component id="oc-21e">
         <name>.text.OUTLINED_FUNCTION_0</name>
         <load_address>0x5edc</load_address>
         <readonly>true</readonly>
         <executable>true</executable>
         <run_address>0x5edc</run_address>
         <size>0xa</size>
         <alignment>0x2</alignment>
         <input_file_ref idref="fl-36"/>
      </object_component>
      <object_component id="oc-223">
         <name>.text.OUTLINED_FUNCTION_1</name>
         <load_address>0x5ee6</load_address>
         <readonly>true</readonly>
         <executable>true</executable>
         <run_address>0x5ee6</run_address>
         <size>0xa</size>
         <alignment>0x2</alignment>
         <input_file_ref idref="fl-36"/>
      </object_component>
      <object_component id="oc-1ff">
         <name>.text.OUTLINED_FUNCTION_1</name>
         <load_address>0x5ef0</load_address>
         <readonly>true</readonly>
         <executable>true</executable>
         <run_address>0x5ef0</run_address>
         <size>0xa</size>
         <alignment>0x2</alignment>
         <input_file_ref idref="fl-2a"/>
      </object_component>
      <object_component id="oc-1a1">
         <name>.text.OUTLINED_FUNCTION_6</name>
         <load_address>0x5efa</load_address>
         <readonly>true</readonly>
         <executable>true</executable>
         <run_address>0x5efa</run_address>
         <size>0xa</size>
         <alignment>0x2</alignment>
         <input_file_ref idref="fl-27"/>
      </object_component>
      <object_component id="oc-284">
         <name>.tramp.__kernel_sin.1</name>
         <load_address>0x5f04</load_address>
         <readonly>true</readonly>
         <executable>true</executable>
         <run_address>0x5f04</run_address>
         <size>0x10</size>
         <alignment>0x4</alignment>
         <input_file_ref idref="fl-3c"/>
      </object_component>
      <object_component id="oc-12f">
         <name>.text._outc</name>
         <load_address>0x5f14</load_address>
         <readonly>true</readonly>
         <executable>true</executable>
         <run_address>0x5f14</run_address>
         <size>0xa</size>
         <alignment>0x2</alignment>
         <input_file_ref idref="fl-25"/>
      </object_component>
      <object_component id="oc-44">
         <name>.text.__aeabi_memcpy</name>
         <load_address>0x5f20</load_address>
         <readonly>true</readonly>
         <executable>true</executable>
         <run_address>0x5f20</run_address>
         <size>0x8</size>
         <alignment>0x4</alignment>
         <input_file_ref idref="fl-d1"/>
      </object_component>
      <object_component id="oc-1e4">
         <name>.text.OUTLINED_FUNCTION_0</name>
         <load_address>0x5f28</load_address>
         <readonly>true</readonly>
         <executable>true</executable>
         <run_address>0x5f28</run_address>
         <size>0x6</size>
         <alignment>0x2</alignment>
         <input_file_ref idref="fl-3b"/>
      </object_component>
      <object_component id="oc-285">
         <name>.tramp.__aeabi_dmul.1</name>
         <load_address>0x5f30</load_address>
         <readonly>true</readonly>
         <executable>true</executable>
         <run_address>0x5f30</run_address>
         <size>0x10</size>
         <alignment>0x4</alignment>
         <input_file_ref idref="fl-c1"/>
      </object_component>
      <object_component id="oc-203">
         <name>.text.OUTLINED_FUNCTION_0</name>
         <load_address>0x5f40</load_address>
         <readonly>true</readonly>
         <executable>true</executable>
         <run_address>0x5f40</run_address>
         <size>0x6</size>
         <alignment>0x2</alignment>
         <input_file_ref idref="fl-3c"/>
      </object_component>
      <object_component id="oc-191">
         <name>.text.OUTLINED_FUNCTION_1</name>
         <load_address>0x5f46</load_address>
         <readonly>true</readonly>
         <executable>true</executable>
         <run_address>0x5f46</run_address>
         <size>0x6</size>
         <alignment>0x2</alignment>
         <input_file_ref idref="fl-27"/>
      </object_component>
      <object_component id="oc-1aa">
         <name>.text.OUTLINED_FUNCTION_1</name>
         <load_address>0x5f4c</load_address>
         <readonly>true</readonly>
         <executable>true</executable>
         <run_address>0x5f4c</run_address>
         <size>0x6</size>
         <alignment>0x2</alignment>
         <input_file_ref idref="fl-28"/>
      </object_component>
      <object_component id="oc-195">
         <name>.text.OUTLINED_FUNCTION_3</name>
         <load_address>0x5f52</load_address>
         <readonly>true</readonly>
         <executable>true</executable>
         <run_address>0x5f52</run_address>
         <size>0x6</size>
         <alignment>0x2</alignment>
         <input_file_ref idref="fl-27"/>
      </object_component>
      <object_component id="oc-1ae">
         <name>.text.OUTLINED_FUNCTION_3</name>
         <load_address>0x5f58</load_address>
         <readonly>true</readonly>
         <executable>true</executable>
         <run_address>0x5f58</run_address>
         <size>0x6</size>
         <alignment>0x2</alignment>
         <input_file_ref idref="fl-28"/>
      </object_component>
      <object_component id="oc-196">
         <name>.text.OUTLINED_FUNCTION_5</name>
         <load_address>0x5f5e</load_address>
         <readonly>true</readonly>
         <executable>true</executable>
         <run_address>0x5f5e</run_address>
         <size>0x6</size>
         <alignment>0x2</alignment>
         <input_file_ref idref="fl-27"/>
      </object_component>
      <object_component id="oc-1af">
         <name>.text.OUTLINED_FUNCTION_5</name>
         <load_address>0x5f64</load_address>
         <readonly>true</readonly>
         <executable>true</executable>
         <run_address>0x5f64</run_address>
         <size>0x6</size>
         <alignment>0x2</alignment>
         <input_file_ref idref="fl-28"/>
      </object_component>
      <object_component id="oc-192">
         <name>.text.OUTLINED_FUNCTION_2</name>
         <load_address>0x5f6a</load_address>
         <readonly>true</readonly>
         <executable>true</executable>
         <run_address>0x5f6a</run_address>
         <size>0x4</size>
         <alignment>0x2</alignment>
         <input_file_ref idref="fl-27"/>
      </object_component>
      <object_component id="oc-1ab">
         <name>.text.OUTLINED_FUNCTION_2</name>
         <load_address>0x5f6e</load_address>
         <readonly>true</readonly>
         <executable>true</executable>
         <run_address>0x5f6e</run_address>
         <size>0x4</size>
         <alignment>0x2</alignment>
         <input_file_ref idref="fl-28"/>
      </object_component>
      <object_component id="oc-194">
         <name>.text.OUTLINED_FUNCTION_4</name>
         <load_address>0x5f72</load_address>
         <readonly>true</readonly>
         <executable>true</executable>
         <run_address>0x5f72</run_address>
         <size>0x4</size>
         <alignment>0x2</alignment>
         <input_file_ref idref="fl-27"/>
      </object_component>
      <object_component id="oc-1ad">
         <name>.text.OUTLINED_FUNCTION_4</name>
         <load_address>0x5f76</load_address>
         <readonly>true</readonly>
         <executable>true</executable>
         <run_address>0x5f76</run_address>
         <size>0x4</size>
         <alignment>0x2</alignment>
         <input_file_ref idref="fl-28"/>
      </object_component>
      <object_component id="oc-2f">
         <name>.text.Reset_Handler</name>
         <load_address>0x5f7a</load_address>
         <readonly>true</readonly>
         <executable>true</executable>
         <run_address>0x5f7a</run_address>
         <size>0x4</size>
         <alignment>0x2</alignment>
         <input_file_ref idref="fl-3"/>
      </object_component>
      <object_component id="oc-68">
         <name>.text._system_pre_init</name>
         <load_address>0x5f7e</load_address>
         <readonly>true</readonly>
         <executable>true</executable>
         <run_address>0x5f7e</run_address>
         <size>0x4</size>
         <alignment>0x2</alignment>
         <input_file_ref idref="fl-31"/>
      </object_component>
      <object_component id="oc-e0">
         <name>.text:abort</name>
         <load_address>0x5f82</load_address>
         <readonly>true</readonly>
         <executable>true</executable>
         <run_address>0x5f82</run_address>
         <size>0x4</size>
         <alignment>0x2</alignment>
         <input_file_ref idref="fl-40"/>
      </object_component>
      <object_component id="oc-27e">
         <name>.cinit..data.load</name>
         <load_address>0x8ad0</load_address>
         <readonly>true</readonly>
         <run_address>0x8ad0</run_address>
         <size>0xd</size>
         <alignment>0x1</alignment>
      </object_component>
      <object_component id="oc-27c">
         <name>__TI_handler_table</name>
         <load_address>0x8ae0</load_address>
         <readonly>true</readonly>
         <run_address>0x8ae0</run_address>
         <size>0xc</size>
         <alignment>0x4</alignment>
      </object_component>
      <object_component id="oc-27f">
         <name>.cinit..bss.load</name>
         <load_address>0x8aec</load_address>
         <readonly>true</readonly>
         <run_address>0x8aec</run_address>
         <size>0x8</size>
         <alignment>0x4</alignment>
      </object_component>
      <object_component id="oc-27d">
         <name>__TI_cinit_table</name>
         <load_address>0x8af4</load_address>
         <readonly>true</readonly>
         <run_address>0x8af4</run_address>
         <size>0x10</size>
         <alignment>0x4</alignment>
      </object_component>
      <object_component id="oc-c7">
         <name>.rodata.Ham_02048</name>
         <load_address>0x5f90</load_address>
         <readonly>true</readonly>
         <run_address>0x5f90</run_address>
         <size>0x2000</size>
         <alignment>0x4</alignment>
         <input_file_ref idref="fl-1"/>
      </object_component>
      <object_component id="oc-185">
         <name>.rodata.F8X16</name>
         <load_address>0x7f90</load_address>
         <readonly>true</readonly>
         <run_address>0x7f90</run_address>
         <size>0x5f0</size>
         <alignment>0x1</alignment>
         <input_file_ref idref="fl-6"/>
      </object_component>
      <object_component id="oc-186">
         <name>.rodata.F6x8</name>
         <load_address>0x8580</load_address>
         <readonly>true</readonly>
         <run_address>0x8580</run_address>
         <size>0x228</size>
         <alignment>0x1</alignment>
         <input_file_ref idref="fl-6"/>
      </object_component>
      <object_component id="oc-1fd">
         <name>.rodata.ipio2</name>
         <load_address>0x87a8</load_address>
         <readonly>true</readonly>
         <run_address>0x87a8</run_address>
         <size>0x108</size>
         <alignment>0x4</alignment>
         <input_file_ref idref="fl-2a"/>
      </object_component>
      <object_component id="oc-209">
         <name>.rodata:__aeabi_ctype_table_</name>
         <load_address>0x88b0</load_address>
         <readonly>true</readonly>
         <run_address>0x88b0</run_address>
         <size>0x101</size>
         <alignment>0x10</alignment>
         <input_file_ref idref="fl-49"/>
      </object_component>
      <object_component id="oc-165">
         <name>.rodata.gI2C_OLEDClockConfig</name>
         <load_address>0x89b1</load_address>
         <readonly>true</readonly>
         <run_address>0x89b1</run_address>
         <size>0x2</size>
         <alignment>0x1</alignment>
         <input_file_ref idref="fl-2"/>
      </object_component>
      <object_component id="oc-d5">
         <name>.rodata.res_Af_coeffCali</name>
         <load_address>0x89b4</load_address>
         <readonly>true</readonly>
         <run_address>0x89b4</run_address>
         <size>0x58</size>
         <alignment>0x4</alignment>
         <input_file_ref idref="fl-1"/>
      </object_component>
      <object_component id="oc-200">
         <name>.rodata.PIo2</name>
         <load_address>0x8a10</load_address>
         <readonly>true</readonly>
         <run_address>0x8a10</run_address>
         <size>0x40</size>
         <alignment>0x8</alignment>
         <input_file_ref idref="fl-2a"/>
      </object_component>
      <object_component id="oc-c6">
         <name>.rodata.str1.154845113543242430391</name>
         <load_address>0x8a50</load_address>
         <readonly>true</readonly>
         <run_address>0x8a50</run_address>
         <size>0x13</size>
         <alignment>0x1</alignment>
         <input_file_ref idref="fl-1"/>
      </object_component>
      <object_component id="oc-c4">
         <name>.rodata.str1.108539083448369711261</name>
         <load_address>0x8a63</load_address>
         <readonly>true</readonly>
         <run_address>0x8a63</run_address>
         <size>0x11</size>
         <alignment>0x1</alignment>
         <input_file_ref idref="fl-1"/>
      </object_component>
      <object_component id="oc-1da">
         <name>.rodata.str1.11645776875810915891</name>
         <load_address>0x8a74</load_address>
         <readonly>true</readonly>
         <run_address>0x8a74</run_address>
         <size>0x11</size>
         <alignment>0x1</alignment>
         <input_file_ref idref="fl-36"/>
      </object_component>
      <object_component id="oc-1cb">
         <name>.rodata.str1.44690500295887128011</name>
         <load_address>0x8a85</load_address>
         <readonly>true</readonly>
         <run_address>0x8a85</run_address>
         <size>0x11</size>
         <alignment>0x1</alignment>
         <input_file_ref idref="fl-36"/>
      </object_component>
      <object_component id="oc-1fc">
         <name>.rodata.cst16</name>
         <load_address>0x8a98</load_address>
         <readonly>true</readonly>
         <run_address>0x8a98</run_address>
         <size>0x10</size>
         <alignment>0x4</alignment>
         <input_file_ref idref="fl-2a"/>
      </object_component>
      <object_component id="oc-de">
         <name>.rodata.str1.158667471136297049921</name>
         <load_address>0x8aa8</load_address>
         <readonly>true</readonly>
         <run_address>0x8aa8</run_address>
         <size>0xc</size>
         <alignment>0x1</alignment>
         <input_file_ref idref="fl-1"/>
      </object_component>
      <object_component id="oc-df">
         <name>.rodata.str1.51889910553768966311</name>
         <load_address>0x8ab4</load_address>
         <readonly>true</readonly>
         <run_address>0x8ab4</run_address>
         <size>0x9</size>
         <alignment>0x1</alignment>
         <input_file_ref idref="fl-1"/>
      </object_component>
      <object_component id="oc-16c">
         <name>.rodata.gADC0ClockConfig</name>
         <load_address>0x8ac0</load_address>
         <readonly>true</readonly>
         <run_address>0x8ac0</run_address>
         <size>0x8</size>
         <alignment>0x4</alignment>
         <input_file_ref idref="fl-2"/>
      </object_component>
      <object_component id="oc-244">
         <name>.binit</name>
         <load_address>0x0</load_address>
         <readonly>true</readonly>
         <run_address>0x0</run_address>
         <size>0x0</size>
         <alignment>0x4</alignment>
      </object_component>
      <object_component id="oc-d7">
         <name>.data.res_N</name>
         <load_address>0x20204004</load_address>
         <readwrite>true</readwrite>
         <run_address>0x20204004</run_address>
         <size>0x4</size>
         <alignment>0x4</alignment>
         <input_file_ref idref="fl-1"/>
      </object_component>
      <object_component id="oc-d9">
         <name>.data.res_rms_U</name>
         <load_address>0x20204018</load_address>
         <readwrite>true</readwrite>
         <run_address>0x20204018</run_address>
         <size>0x4</size>
         <alignment>0x4</alignment>
         <input_file_ref idref="fl-1"/>
      </object_component>
      <object_component id="oc-da">
         <name>.data.res_rms_I</name>
         <load_address>0x20204014</load_address>
         <readwrite>true</readwrite>
         <run_address>0x20204014</run_address>
         <size>0x4</size>
         <alignment>0x4</alignment>
         <input_file_ref idref="fl-1"/>
      </object_component>
      <object_component id="oc-db">
         <name>.data.res_P</name>
         <load_address>0x20204008</load_address>
         <readwrite>true</readwrite>
         <run_address>0x20204008</run_address>
         <size>0x4</size>
         <alignment>0x4</alignment>
         <input_file_ref idref="fl-1"/>
      </object_component>
      <object_component id="oc-d8">
         <name>.data.res_PF</name>
         <load_address>0x2020400c</load_address>
         <readwrite>true</readwrite>
         <run_address>0x2020400c</run_address>
         <size>0x4</size>
         <alignment>0x4</alignment>
         <input_file_ref idref="fl-1"/>
      </object_component>
      <object_component id="oc-dd">
         <name>.data.res_THD</name>
         <load_address>0x20204010</load_address>
         <readwrite>true</readwrite>
         <run_address>0x20204010</run_address>
         <size>0x4</size>
         <alignment>0x4</alignment>
         <input_file_ref idref="fl-1"/>
      </object_component>
      <object_component id="oc-c8">
         <name>.data.complexBuffer</name>
         <load_address>0x20200000</load_address>
         <readwrite>true</readwrite>
         <run_address>0x20200000</run_address>
         <size>0x4000</size>
         <alignment>0x4</alignment>
         <input_file_ref idref="fl-5"/>
      </object_component>
      <object_component id="oc-1b2">
         <name>.data.__aeabi_errno</name>
         <load_address>0x20204000</load_address>
         <readwrite>true</readwrite>
         <run_address>0x20204000</run_address>
         <size>0x4</size>
         <alignment>0x4</alignment>
         <input_file_ref idref="fl-29"/>
      </object_component>
      <object_component id="oc-5b">
         <name>.common:ADC_conv_cplt_flag</name>
         <uninitialized>true</uninitialized>
         <readwrite>true</readwrite>
         <run_address>0x202060dc</run_address>
         <size>0x1</size>
         <alignment>0x1</alignment>
      </object_component>
      <object_component id="oc-c2">
         <name>.common:AdcResult_I</name>
         <uninitialized>true</uninitialized>
         <readwrite>true</readwrite>
         <run_address>0x2020401c</run_address>
         <size>0x1000</size>
         <alignment>0x2</alignment>
      </object_component>
      <object_component id="oc-c3">
         <name>.common:AdcResult_U</name>
         <uninitialized>true</uninitialized>
         <readwrite>true</readwrite>
         <run_address>0x2020501c</run_address>
         <size>0x1000</size>
         <alignment>0x2</alignment>
      </object_component>
      <object_component id="oc-c5">
         <name>.common:P</name>
         <uninitialized>true</uninitialized>
         <readwrite>true</readwrite>
         <run_address>0x202060cc</run_address>
         <size>0x4</size>
         <alignment>0x4</alignment>
      </object_component>
      <object_component id="oc-c9">
         <name>.common:maxData</name>
         <uninitialized>true</uninitialized>
         <readwrite>true</readwrite>
         <run_address>0x202060d8</run_address>
         <size>0x4</size>
         <alignment>0x4</alignment>
      </object_component>
      <object_component id="oc-d3">
         <name>.common:baseI</name>
         <uninitialized>true</uninitialized>
         <readwrite>true</readwrite>
         <run_address>0x202060d0</run_address>
         <size>0x4</size>
         <alignment>0x4</alignment>
      </object_component>
      <object_component id="oc-d4">
         <name>.common:cntI</name>
         <uninitialized>true</uninitialized>
         <readwrite>true</readwrite>
         <run_address>0x202060d4</run_address>
         <size>0x4</size>
         <alignment>0x4</alignment>
[...]
      <symbol id="sm-108">
         <name>OLED_ShowChar</name>
         <value>0x2c5d</value>
         <object_component_ref idref="oc-132"/>
      </symbol>
      <symbol id="sm-109">
         <name>F8X16</name>
         <value>0x7f90</value>
         <object_component_ref idref="oc-185"/>
      </symbol>
      <symbol id="sm-10a">
         <name>F6x8</name>
         <value>0x8580</value>
         <object_component_ref idref="oc-186"/>
      </symbol>
      <symbol id="sm-10b">
         <name>__TI_ATRegion0_src_addr</name>
         <value>0x0</value>
      </symbol>
      <symbol id="sm-10c">
         <name>__TI_ATRegion0_trg_addr</name>
         <value>0x0</value>
      </symbol>
      <symbol id="sm-10d">
         <name>__TI_ATRegion0_region_sz</name>
         <value>0x0</value>
      </symbol>
      <symbol id="sm-10e">
         <name>__TI_ATRegion1_src_addr</name>
         <value>0x0</value>
      </symbol>
      <symbol id="sm-10f">
         <name>__TI_ATRegion1_trg_addr</name>
         <value>0x0</value>
      </symbol>
      <symbol id="sm-110">
         <name>__TI_ATRegion1_region_sz</name>
         <value>0x0</value>
      </symbol>
      <symbol id="sm-111">
         <name>__TI_ATRegion2_src_addr</name>
         <value>0x0</value>
      </symbol>
      <symbol id="sm-112">
         <name>__TI_ATRegion2_trg_addr</name>
         <value>0x0</value>
      </symbol>
      <symbol id="sm-113">
         <name>__TI_ATRegion2_region_sz</name>
         <value>0x0</value>
      </symbol>
      <symbol id="sm-11e">
         <name>DL_ADC12_setClockConfig</name>
         <value>0x5955</value>
         <object_component_ref idref="oc-166"/>
      </symbol>
      <symbol id="sm-127">
         <name>DL_Common_delayCycles</name>
         <value>0x5ec9</value>
         <object_component_ref idref="oc-108"/>
      </symbol>
      <symbol id="sm-133">
         <name>DL_I2C_setClockConfig</name>
         <value>0x5ce5</value>
         <object_component_ref idref="oc-164"/>
      </symbol>
      <symbol id="sm-134">
         <name>DL_I2C_fillControllerTXFIFO</name>
         <value>0x5641</value>
         <object_component_ref idref="oc-10c"/>
      </symbol>
      <symbol id="sm-145">
         <name>sprintf</name>
         <value>0x5c01</value>
         <object_component_ref idref="oc-9d"/>
      </symbol>
      <symbol id="sm-14f">
         <name>sqrt</name>
         <value>0x3e9d</value>
         <object_component_ref idref="oc-be"/>
      </symbol>
      <symbol id="sm-150">
         <name>sqrtl</name>
         <value>0x3e9d</value>
         <object_component_ref idref="oc-be"/>
      </symbol>
      <symbol id="sm-170">
         <name>cos</name>
         <value>0x281d</value>
         <object_component_ref idref="oc-136"/>
      </symbol>
      <symbol id="sm-171">
         <name>cosl</name>
         <value>0x281d</value>
         <object_component_ref idref="oc-136"/>
      </symbol>
      <symbol id="sm-18e">
         <name>sin</name>
         <value>0x23c5</value>
         <object_component_ref idref="oc-13c"/>
      </symbol>
      <symbol id="sm-18f">
         <name>sinl</name>
         <value>0x23c5</value>
         <object_component_ref idref="oc-13c"/>
      </symbol>
      <symbol id="sm-19a">
         <name>__aeabi_errno_addr</name>
         <value>0x5359</value>
         <object_component_ref idref="oc-147"/>
      </symbol>
      <symbol id="sm-19b">
         <name>__aeabi_errno</name>
         <value>0x20204000</value>
         <object_component_ref idref="oc-1b2"/>
      </symbol>
      <symbol id="sm-1b7">
         <name>__kernel_rem_pio2</name>
         <value>0x1d6d</value>
         <object_component_ref idref="oc-19b"/>
      </symbol>
      <symbol id="sm-1c5">
         <name>_c_int00_noargs</name>
         <value>0x5cbd</value>
         <object_component_ref idref="oc-54"/>
      </symbol>
      <symbol id="sm-1c6">
         <name>__stack</name>
         <value>0x20207e00</value>
         <object_component_ref idref="oc-1a"/>
      </symbol>
      <symbol id="sm-1d2">
         <name>__TI_auto_init_nobinit_nopinit</name>
         <value>0x5b4d</value>
         <object_component_ref idref="oc-e7"/>
      </symbol>
      <symbol id="sm-1da">
         <name>_system_pre_init</name>
         <value>0x5f7f</value>
         <object_component_ref idref="oc-68"/>
      </symbol>
      <symbol id="sm-1e5">
         <name>__TI_zero_init</name>
         <value>0x5e57</value>
         <object_component_ref idref="oc-51"/>
      </symbol>
      <symbol id="sm-1ee">
         <name>__TI_decompress_none</name>
         <value>0x5e35</value>
         <object_component_ref idref="oc-20"/>
      </symbol>
      <symbol id="sm-1f9">
         <name>__TI_decompress_lzss</name>
         <value>0x52e1</value>
         <object_component_ref idref="oc-1c"/>
      </symbol>
      <symbol id="sm-242">
         <name>__TI_printfi</name>
         <value>0xb71</value>
         <object_component_ref idref="oc-183"/>
      </symbol>
      <symbol id="sm-254">
         <name>__kernel_cos</name>
         <value>0x4469</value>
         <object_component_ref idref="oc-18b"/>
      </symbol>
      <symbol id="sm-262">
         <name>__kernel_sin</name>
         <value>0x41a1</value>
         <object_component_ref idref="oc-1a4"/>
      </symbol>
      <symbol id="sm-26f">
         <name>floor</name>
         <value>0x4705</value>
         <object_component_ref idref="oc-1f7"/>
      </symbol>
      <symbol id="sm-270">
         <name>floorl</name>
         <value>0x4705</value>
         <object_component_ref idref="oc-1f7"/>
      </symbol>
      <symbol id="sm-27a">
         <name>frexp</name>
         <value>0x56fd</value>
         <object_component_ref idref="oc-216"/>
      </symbol>
      <symbol id="sm-27b">
         <name>frexpl</name>
         <value>0x56fd</value>
         <object_component_ref idref="oc-216"/>
      </symbol>
      <symbol id="sm-285">
         <name>scalbn</name>
         <value>0x4dcd</value>
         <object_component_ref idref="oc-1f3"/>
      </symbol>
      <symbol id="sm-286">
         <name>ldexp</name>
         <value>0x4dcd</value>
         <object_component_ref idref="oc-1f3"/>
      </symbol>
      <symbol id="sm-287">
         <name>scalbnl</name>
         <value>0x4dcd</value>
         <object_component_ref idref="oc-1f3"/>
      </symbol>
      <symbol id="sm-288">
         <name>ldexpl</name>
         <value>0x4dcd</value>
         <object_component_ref idref="oc-1f3"/>
      </symbol>
      <symbol id="sm-292">
         <name>abort</name>
         <value>0x5f83</value>
         <object_component_ref idref="oc-e0"/>
      </symbol>
      <symbol id="sm-293">
         <name>C$$EXIT</name>
         <value>0x5f82</value>
         <object_component_ref idref="oc-e0"/>
      </symbol>
      <symbol id="sm-29d">
         <name>__TI_ltoa</name>
         <value>0x5759</value>
         <object_component_ref idref="oc-21a"/>
      </symbol>
      <symbol id="sm-2a8">
         <name>atoi</name>
         <value>0x5a95</value>
         <object_component_ref idref="oc-1ce"/>
      </symbol>
      <symbol id="sm-2b1">
         <name>memccpy</name>
         <value>0x5d55</value>
         <object_component_ref idref="oc-1c7"/>
      </symbol>
      <symbol id="sm-2ba">
         <name>wcslen</name>
         <value>0x5e47</value>
         <object_component_ref idref="oc-1d2"/>
      </symbol>
      <symbol id="sm-2bd">
         <name>__aeabi_ctype_table_</name>
         <value>0x88b0</value>
         <object_component_ref idref="oc-209"/>
      </symbol>
      <symbol id="sm-2be">
         <name>__aeabi_ctype_table_C</name>
         <value>0x88b0</value>
         <object_component_ref idref="oc-209"/>
      </symbol>
      <symbol id="sm-2d4">
         <name>__aeabi_fadd</name>
         <value>0x4eaf</value>
         <object_component_ref idref="oc-ba"/>
      </symbol>
      <symbol id="sm-2d5">
         <name>__addsf3</name>
         <value>0x4eaf</value>
         <object_component_ref idref="oc-ba"/>
      </symbol>
      <symbol id="sm-2d6">
         <name>__aeabi_fsub</name>
         <value>0x4ea5</value>
         <object_component_ref idref="oc-ba"/>
      </symbol>
      <symbol id="sm-2d7">
         <name>__subsf3</name>
         <value>0x4ea5</value>
         <object_component_ref idref="oc-ba"/>
      </symbol>
      <symbol id="sm-2dd">
         <name>__aeabi_dadd</name>
         <value>0x3d13</value>
         <object_component_ref idref="oc-123"/>
      </symbol>
      <symbol id="sm-2de">
         <name>__adddf3</name>
         <value>0x3d13</value>
         <object_component_ref idref="oc-123"/>
      </symbol>
      <symbol id="sm-2df">
         <name>__aeabi_dsub</name>
         <value>0x3d09</value>
         <object_component_ref idref="oc-123"/>
      </symbol>
      <symbol id="sm-2e0">
         <name>__subdf3</name>
         <value>0x3d09</value>
         <object_component_ref idref="oc-123"/>
      </symbol>
      <symbol id="sm-2ec">
         <name>__aeabi_dmul</name>
         <value>0x4ce9</value>
         <object_component_ref idref="oc-99"/>
      </symbol>
      <symbol id="sm-2ed">
         <name>__muldf3</name>
         <value>0x4ce9</value>
         <object_component_ref idref="oc-99"/>
      </symbol>
      <symbol id="sm-2f6">
         <name>__muldsi3</name>
         <value>0x5bc5</value>
         <object_component_ref idref="oc-128"/>
      </symbol>
      <symbol id="sm-2fc">
         <name>__aeabi_fmul</name>
         <value>0x5159</value>
         <object_component_ref idref="oc-a8"/>
      </symbol>
      <symbol id="sm-2fd">
         <name>__mulsf3</name>
         <value>0x5159</value>
         <object_component_ref idref="oc-a8"/>
      </symbol>
      <symbol id="sm-303">
         <name>__aeabi_fdiv</name>
         <value>0x51e5</value>
         <object_component_ref idref="oc-11d"/>
      </symbol>
      <symbol id="sm-304">
         <name>__divsf3</name>
         <value>0x51e5</value>
         <object_component_ref idref="oc-11d"/>
      </symbol>
      <symbol id="sm-30a">
         <name>__aeabi_ddiv</name>
         <value>0x4bdd</value>
         <object_component_ref idref="oc-b2"/>
      </symbol>
      <symbol id="sm-30b">
         <name>__divdf3</name>
         <value>0x4bdd</value>
         <object_component_ref idref="oc-b2"/>
      </symbol>
      <symbol id="sm-311">
         <name>__aeabi_f2d</name>
         <value>0x5a55</value>
         <object_component_ref idref="oc-95"/>
      </symbol>
      <symbol id="sm-312">
         <name>__extendsfdf2</name>
         <value>0x5a55</value>
         <object_component_ref idref="oc-95"/>
      </symbol>
      <symbol id="sm-318">
         <name>__aeabi_d2iz</name>
         <value>0x5909</value>
         <object_component_ref idref="oc-187"/>
      </symbol>
      <symbol id="sm-319">
         <name>__fixdfsi</name>
         <value>0x5909</value>
         <object_component_ref idref="oc-187"/>
      </symbol>
      <symbol id="sm-31f">
         <name>__aeabi_i2d</name>
         <value>0x5c69</value>
         <object_component_ref idref="oc-ce"/>
      </symbol>
      <symbol id="sm-320">
         <name>__floatsidf</name>
         <value>0x5c69</value>
         <object_component_ref idref="oc-ce"/>
      </symbol>
      <symbol id="sm-326">
         <name>__aeabi_i2f</name>
         <value>0x5ad5</value>
         <object_component_ref idref="oc-119"/>
      </symbol>
      <symbol id="sm-327">
         <name>__floatsisf</name>
         <value>0x5ad5</value>
         <object_component_ref idref="oc-119"/>
      </symbol>
      <symbol id="sm-32d">
         <name>__aeabi_ui2f</name>
         <value>0x5c95</value>
         <object_component_ref idref="oc-a4"/>
      </symbol>
      <symbol id="sm-32e">
         <name>__floatunsisf</name>
         <value>0x5c95</value>
         <object_component_ref idref="oc-a4"/>
      </symbol>
      <symbol id="sm-334">
         <name>__aeabi_lmul</name>
         <value>0x5d31</value>
         <object_component_ref idref="oc-1d6"/>
      </symbol>
      <symbol id="sm-335">
         <name>__muldi3</name>
         <value>0x5d31</value>
         <object_component_ref idref="oc-1d6"/>
      </symbol>
      <symbol id="sm-33c">
         <name>__aeabi_d2f</name>
         <value>0x5361</value>
         <object_component_ref idref="oc-b6"/>
      </symbol>
      <symbol id="sm-33d">
         <name>__truncdfsf2</name>
         <value>0x5361</value>
         <object_component_ref idref="oc-b6"/>
      </symbol>
      <symbol id="sm-343">
         <name>__aeabi_dcmpeq</name>
         <value>0x5519</value>
         <object_component_ref idref="oc-197"/>
      </symbol>
      <symbol id="sm-344">
         <name>__aeabi_dcmplt</name>
         <value>0x552d</value>
         <object_component_ref idref="oc-197"/>
      </symbol>
      <symbol id="sm-345">
         <name>__aeabi_dcmple</name>
         <value>0x5541</value>
         <object_component_ref idref="oc-197"/>
      </symbol>
      <symbol id="sm-346">
         <name>__aeabi_dcmpge</name>
         <value>0x5555</value>
         <object_component_ref idref="oc-197"/>
      </symbol>
      <symbol id="sm-347">
         <name>__aeabi_dcmpgt</name>
         <value>0x5569</value>
         <object_component_ref idref="oc-197"/>
      </symbol>
      <symbol id="sm-34d">
         <name>__aeabi_fcmpeq</name>
         <value>0x557d</value>
         <object_component_ref idref="oc-ca"/>
      </symbol>
      <symbol id="sm-34e">
         <name>__aeabi_fcmplt</name>
         <value>0x5591</value>
         <object_component_ref idref="oc-ca"/>
      </symbol>
      <symbol id="sm-34f">
         <name>__aeabi_fcmple</name>
         <value>0x55a5</value>
         <object_component_ref idref="oc-ca"/>
      </symbol>
      <symbol id="sm-350">
         <name>__aeabi_fcmpge</name>
         <value>0x55b9</value>
         <object_component_ref idref="oc-ca"/>
      </symbol>
      <symbol id="sm-351">
         <name>__aeabi_fcmpgt</name>
         <value>0x55cd</value>
         <object_component_ref idref="oc-ca"/>
      </symbol>
      <symbol id="sm-357">
         <name>__aeabi_idiv</name>
         <value>0x5809</value>
         <object_component_ref idref="oc-1ef"/>
      </symbol>
      <symbol id="sm-358">
         <name>__aeabi_idivmod</name>
         <value>0x5809</value>
         <object_component_ref idref="oc-1ef"/>
      </symbol>
      <symbol id="sm-35e">
         <name>__aeabi_memcpy</name>
         <value>0x5f21</value>
         <object_component_ref idref="oc-44"/>
      </symbol>
      <symbol id="sm-35f">
         <name>__aeabi_memcpy4</name>
         <value>0x5f21</value>
         <object_component_ref idref="oc-44"/>
      </symbol>
      <symbol id="sm-360">
         <name>__aeabi_memcpy8</name>
         <value>0x5f21</value>
         <object_component_ref idref="oc-44"/>
      </symbol>
      <symbol id="sm-369">
         <name>__aeabi_memset</name>
         <value>0x5ea1</value>
         <object_component_ref idref="oc-1c6"/>
      </symbol>
      <symbol id="sm-36a">
         <name>__aeabi_memset4</name>
         <value>0x5ea1</value>
         <object_component_ref idref="oc-1c6"/>
      </symbol>
      <symbol id="sm-36b">
         <name>__aeabi_memset8</name>
         <value>0x5ea1</value>
         <object_component_ref idref="oc-1c6"/>
      </symbol>
      <symbol id="sm-36c">
         <name>__aeabi_memclr</name>
         <value>0x5ebd</value>
         <object_component_ref idref="oc-63"/>
      </symbol>
      <symbol id="sm-36d">
         <name>__aeabi_memclr4</name>
         <value>0x5ebd</value>
         <object_component_ref idref="oc-63"/>
      </symbol>
      <symbol id="sm-36e">
         <name>__aeabi_memclr8</name>
         <value>0x5ebd</value>
         <object_component_ref idref="oc-63"/>
      </symbol>
      <symbol id="sm-374">
         <name>__aeabi_uidiv</name>
         <value>0x5a15</value>
         <object_component_ref idref="oc-115"/>
      </symbol>
      <symbol id="sm-375">
         <name>__aeabi_uidivmod</name>
         <value>0x5a15</value>
         <object_component_ref idref="oc-115"/>
      </symbol>
      <symbol id="sm-37b">
         <name>__aeabi_uldivmod</name>
         <value>0x5e0d</value>
         <object_component_ref idref="oc-1db"/>
      </symbol>
      <symbol id="sm-384">
         <name>__eqsf2</name>
         <value>0x5b89</value>
         <object_component_ref idref="oc-14f"/>
      </symbol>
      <symbol id="sm-385">
         <name>__lesf2</name>
         <value>0x5b89</value>
         <object_component_ref idref="oc-14f"/>
      </symbol>
      <symbol id="sm-386">
         <name>__ltsf2</name>
         <value>0x5b89</value>
         <object_component_ref idref="oc-14f"/>
      </symbol>
      <symbol id="sm-387">
         <name>__nesf2</name>
         <value>0x5b89</value>
         <object_component_ref idref="oc-14f"/>
      </symbol>
      <symbol id="sm-388">
         <name>__cmpsf2</name>
         <value>0x5b89</value>
         <object_component_ref idref="oc-14f"/>
      </symbol>
      <symbol id="sm-389">
         <name>__gtsf2</name>
         <value>0x5b11</value>
         <object_component_ref idref="oc-154"/>
      </symbol>
      <symbol id="sm-38a">
         <name>__gesf2</name>
         <value>0x5b11</value>
         <object_component_ref idref="oc-154"/>
      </symbol>
      <symbol id="sm-390">
         <name>__udivmoddi4</name>
         <value>0x4f7d</value>
         <object_component_ref idref="oc-211"/>
      </symbol>
      <symbol id="sm-396">
         <name>__aeabi_llsl</name>
         <value>0x5d79</value>
         <object_component_ref idref="oc-22f"/>
      </symbol>
      <symbol id="sm-397">
         <name>__ashldi3</name>
         <value>0x5d79</value>
         <object_component_ref idref="oc-22f"/>
      </symbol>
      <symbol id="sm-3a5">
         <name>__ledf2</name>
         <value>0x5445</value>
         <object_component_ref idref="oc-1e7"/>
      </symbol>
      <symbol id="sm-3a6">
         <name>__gedf2</name>
         <value>0x53d5</value>
         <object_component_ref idref="oc-1ed"/>
      </symbol>
      <symbol id="sm-3a7">
         <name>__cmpdf2</name>
         <value>0x5445</value>
         <object_component_ref idref="oc-1e7"/>
      </symbol>
      <symbol id="sm-3a8">
         <name>__eqdf2</name>
         <value>0x5445</value>
         <object_component_ref idref="oc-1e7"/>
      </symbol>
      <symbol id="sm-3a9">
         <name>__ltdf2</name>
         <value>0x5445</value>
         <object_component_ref idref="oc-1e7"/>
      </symbol>
      <symbol id="sm-3aa">
         <name>__nedf2</name>
         <value>0x5445</value>
         <object_component_ref idref="oc-1e7"/>
      </symbol>
      <symbol id="sm-3ab">
         <name>__gtdf2</name>
         <value>0x53d5</value>
         <object_component_ref idref="oc-1ed"/>
      </symbol>
      <symbol id="sm-3b7">
         <name>__aeabi_idiv0</name>
         <value>0x4703</value>
         <object_component_ref idref="oc-172"/>
      </symbol>
      <symbol id="sm-3b8">
         <name>__aeabi_ldiv0</name>
         <value>0x5267</value>
         <object_component_ref idref="oc-22e"/>
      </symbol>
      <symbol id="sm-3d2">
         <name>memcpy</name>
         <value>0x50bf</value>
         <object_component_ref idref="oc-7c"/>
      </symbol>
      <symbol id="sm-3e1">
         <name>memset</name>
         <value>0x55df</value>
         <object_component_ref idref="oc-ff"/>
      </symbol>
      <symbol id="sm-3e2">
         <name>__TI_static_base__</name>
         <value>0x0</value>
      </symbol>
      <symbol id="sm-3e6">
         <name>__mpu_init</name>
         <value>0x0</value>
      </symbol>
      <symbol id="sm-3e7">
         <name>_system_post_cinit</name>
         <value>0x0</value>
      </symbol>
   </symbol_table>
   <title>Link successful</title>
</link_info>
