******************************************************************************
            TI ARM Clang Linker PC v3.2.2                      
******************************************************************************
>> Linked Thu Jul 17 11:27:50 2025

OUTPUT FILE NAME:   <2024NUEDC.out>
ENTRY POINT SYMBOL: "_c_int00_noargs"  address: 00001629


MEMORY CONFIGURATION

         name            origin    length      used     unused   attr    fill
----------------------  --------  ---------  --------  --------  ----  --------
  FLASH                 00000000   00020000  00001f60  0001e0a0  R  X
  SRAM                  20200000   00008000  00002201  00005dff  RW X
  BCR_CONFIG            41c00000   000000ff  00000000  000000ff  R   
  BSL_CONFIG            41c00100   00000080  00000000  00000080  R   


SEGMENT ALLOCATION MAP

run origin  load origin   length   init length attrs members
----------  ----------- ---------- ----------- ----- -------
00000000    00000000    00001f60   00001f60    r-x
  00000000    00000000    000000c0   000000c0    r-- .intvecs
  000000c0    000000c0    00001650   00001650    r-x .text
  00001710    00001710    00000838   00000838    r-- .rodata
  00001f48    00001f48    00000018   00000018    r-- .cinit
20200000    20200000    00002001   00000000    rw-
  20200000    20200000    00002001   00000000    rw- .bss
20207e00    20207e00    00000200   00000000    rw-
  20207e00    20207e00    00000200   00000000    rw- .stack


SECTION ALLOCATION MAP

 output                                  attributes/
section   page    origin      length       input sections
--------  ----  ----------  ----------   ----------------
.intvecs   0    00000000    000000c0     
                  00000000    000000c0     startup_mspm0g350x_ticlang.o (.intvecs)

.text      0    000000c0    00001650     
                  000000c0    00000ab0     oled.o (.text.OLED_Init)
                  00000b70    00000368     oled.o (.text.OLED_ShowChar)
                  00000ed8    000002ac     oled.o (.text.OLED_Fill)
                  00001184    00000138     oled.o (.text.OLED_SetPos)
                  000012bc    00000088     2024NUEDC.o (.text.main)
                  00001344    00000078     ti_msp_dl_config.o (.text.SYSCFG_DL_ADC0_init)
                  000013bc    00000062     libc.a : memset16.S.obj (.text:memset)
                  0000141e    0000005e     driverlib.a : dl_i2c.o (.text.DL_I2C_fillControllerTXFIFO)
                  0000147c    0000005c     oled.o (.text.OLED_ShowString)
                  000014d8    00000054     ti_msp_dl_config.o (.text.SYSCFG_DL_I2C_OLED_init)
                  0000152c    00000040     driverlib.a : dl_adc12.o (.text.DL_ADC12_setClockConfig)
                  0000156c    00000040     ti_msp_dl_config.o (.text.SYSCFG_DL_SYSCTL_init)
                  000015ac    00000040     ti_msp_dl_config.o (.text.SYSCFG_DL_initPower)
                  000015ec    0000003c     libc.a : autoinit.c.obj (.text:__TI_auto_init_nobinit_nopinit)
                  00001628    00000028            : boot_cortex_m.c.obj (.text:_c_int00_noargs)
                  00001650    00000026     driverlib.a : dl_i2c.o (.text.DL_I2C_setClockConfig)
                  00001676    00000002     startup_mspm0g350x_ticlang.o (.text.Default_Handler)
                  00001678    00000024     ti_msp_dl_config.o (.text.SYSCFG_DL_GPIO_init)
                  0000169c    0000001c     2024NUEDC.o (.text.ADC0_IRQHandler)
                  000016b8    00000018     ti_msp_dl_config.o (.text.SYSCFG_DL_init)
                  000016d0    00000010     libc.a : copy_zero_init.c.obj (.text:decompress:ZI)
                  000016e0    0000000c     libclang_rt.builtins.a : aeabi_memset.S.obj (.text.__aeabi_memclr)
                  000016ec    0000000a     driverlib.a : dl_common.o (.text.DL_Common_delayCycles)
                  000016f6    0000000a     oled.o (.text.OLED_CLS)
                  00001700    00000004     startup_mspm0g350x_ticlang.o (.text.Reset_Handler)
                  00001704    00000004     libc.a : pre_init.c.obj (.text._system_pre_init)
                  00001708    00000004            : exit.c.obj (.text:abort)
                  0000170c    00000004     --HOLE-- [fill = 0]

.cinit     0    00001f48    00000018     
                  00001f48    00000008     (.cinit..bss.load) [load image, compression = zero_init]
                  00001f50    00000004     (__TI_handler_table)
                  00001f54    00000008     (__TI_cinit_table)
                  00001f5c    00000004     --HOLE-- [fill = 0]

.rodata    0    00001710    00000838     
                  00001710    000005f0     oled.o (.rodata.F8X16)
                  00001d00    00000228     oled.o (.rodata.F6x8)
                  00001f28    00000012     2024NUEDC.o (.rodata.str1.108539083448369711261)
                  00001f3a    00000002     ti_msp_dl_config.o (.rodata.gI2C_OLEDClockConfig)
                  00001f3c    00000008     ti_msp_dl_config.o (.rodata.gADC0ClockConfig)
                  00001f44    00000004     --HOLE-- [fill = 0]

.init_array 
*          0    00000000    00000000     UNINITIALIZED

.binit     0    00000000    00000000     

.bss       0    20200000    00002001     UNINITIALIZED
                  20200000    00001000     (.common:AdcResult0)
                  20201000    00001000     (.common:AdcResult1)
                  20202000    00000001     (.common:ADC_complete_flag)

.stack     0    20207e00    00000200     UNINITIALIZED
                  20207e00    00000004     libc.a : boot_cortex_m.c.obj (.stack)
                  20207e04    000001fc     --HOLE--

__llvm_prf_cnts 
*          0    20200000    00000000     UNINITIALIZED

__llvm_prf_bits 
*          0    20200000    00000000     UNINITIALIZED

MODULE SUMMARY

       Module                         code   ro data   rw data
       ------                         ----   -------   -------
    .\
       2024NUEDC.o                    164    18        8193   
       ti_msp_dl_config.o             392    10        0      
       startup_mspm0g350x_ticlang.o   6      192       0      
    +--+------------------------------+------+---------+---------+
       Total:                         562    220       8193   
                                                              
    .\oled\
       oled.o                         4706   2072      0      
    +--+------------------------------+------+---------+---------+
       Total:                         4706   2072      0      
                                                              
    D:/A_Scholastic/33/ti/mspm0_sdk_2_04_00_06/source/ti/driverlib/lib/ticlang/m0p/mspm0g1x0x_g3x0x/driverlib.a
       dl_i2c.o                       132    0         0      
       dl_adc12.o                     64     0         0      
       dl_common.o                    10     0         0      
    +--+------------------------------+------+---------+---------+
       Total:                         206    0         0      
                                                              
    D:\ccstheia141\ccs\tools\compiler\ti-cgt-armllvm_3.2.2.LTS\lib\armv6m-ti-none-eabi/c/libc.a
       memset16.S.obj                 98     0         0      
       autoinit.c.obj                 60     0         0      
       boot_cortex_m.c.obj            40     0         0      
       copy_zero_init.c.obj           16     0         0      
       exit.c.obj                     4      0         0      
       pre_init.c.obj                 4      0         0      
    +--+------------------------------+------+---------+---------+
       Total:                         222    0         0      
                                                              
    D:\ccstheia141\ccs\tools\compiler\ti-cgt-armllvm_3.2.2.LTS\lib\clang/15.0.7/lib/armv6m-ti-none-eabi/libclang_rt.builtins.a
       aeabi_memset.S.obj             12     0         0      
    +--+------------------------------+------+---------+---------+
       Total:                         12     0         0      
                                                              
       Stack:                         0      0         512    
       Linker Generated:              0      20        0      
    +--+------------------------------+------+---------+---------+
       Grand Total:                   5708   2312      8705   


LINKER GENERATED COPY TABLES

__TI_cinit_table @ 00001f54 records: 1, size/record: 8, table size: 8
	.bss: load addr=00001f48, load size=00000008 bytes, run addr=20200000, run size=00002001 bytes, compression=zero_init


LINKER GENERATED HANDLER TABLE

__TI_handler_table @ 00001f50 records: 1, size/record: 4, table size: 4
	index: 0, handler: __TI_zero_init


GLOBAL SYMBOLS: SORTED ALPHABETICALLY BY Name 

address   name                          
-------   ----                          
0000169d  ADC0_IRQHandler               
00001677  ADC1_IRQHandler               
20202000  ADC_complete_flag             
00001677  AES_IRQHandler                
20200000  AdcResult0                    
20201000  AdcResult1                    
00001708  C$$EXIT                       
00001677  CANFD0_IRQHandler             
00001677  DAC0_IRQHandler               
0000152d  DL_ADC12_setClockConfig       
000016ed  DL_Common_delayCycles         
0000141f  DL_I2C_fillControllerTXFIFO   
00001651  DL_I2C_setClockConfig         
00001677  DMA_IRQHandler                
00001677  Default_Handler               
00001d00  F6x8                          
00001710  F8X16                         
00001677  GROUP0_IRQHandler             
00001677  GROUP1_IRQHandler             
00001677  HardFault_Handler             
00001677  I2C0_IRQHandler               
00001677  I2C1_IRQHandler               
00001677  NMI_Handler                   
000016f7  OLED_CLS                      
00000ed9  OLED_Fill                     
000000c1  OLED_Init                     
00001185  OLED_SetPos                   
00000b71  OLED_ShowChar                 
0000147d  OLED_ShowString               
00001677  PendSV_Handler                
00001677  RTC_IRQHandler                
00001701  Reset_Handler                 
00001677  SPI0_IRQHandler               
00001677  SPI1_IRQHandler               
00001677  SVC_Handler                   
00001345  SYSCFG_DL_ADC0_init           
00001679  SYSCFG_DL_GPIO_init           
000014d9  SYSCFG_DL_I2C_OLED_init       
0000156d  SYSCFG_DL_SYSCTL_init         
000016b9  SYSCFG_DL_init                
000015ad  SYSCFG_DL_initPower           
00001677  SysTick_Handler               
00001677  TIMA0_IRQHandler              
00001677  TIMA1_IRQHandler              
00001677  TIMG0_IRQHandler              
00001677  TIMG12_IRQHandler             
00001677  TIMG6_IRQHandler              
00001677  TIMG7_IRQHandler              
00001677  TIMG8_IRQHandler              
00001677  UART0_IRQHandler              
00001677  UART1_IRQHandler              
00001677  UART2_IRQHandler              
00001677  UART3_IRQHandler              
20208000  __STACK_END                   
00000200  __STACK_SIZE                  
00000000  __TI_ATRegion0_region_sz      
00000000  __TI_ATRegion0_src_addr       
00000000  __TI_ATRegion0_trg_addr       
00000000  __TI_ATRegion1_region_sz      
00000000  __TI_ATRegion1_src_addr       
00000000  __TI_ATRegion1_trg_addr       
00000000  __TI_ATRegion2_region_sz      
00000000  __TI_ATRegion2_src_addr       
00000000  __TI_ATRegion2_trg_addr       
00001f54  __TI_CINIT_Base               
00001f5c  __TI_CINIT_Limit              
00001f5c  __TI_CINIT_Warm               
00001f50  __TI_Handler_Table_Base       
00001f54  __TI_Handler_Table_Limit      
000015ed  __TI_auto_init_nobinit_nopinit
ffffffff  __TI_pprof_out_hndl           
ffffffff  __TI_prof_data_size           
ffffffff  __TI_prof_data_start          
00000000  __TI_static_base__            
000016d1  __TI_zero_init                
000016e1  __aeabi_memclr                
000016e1  __aeabi_memclr4               
000016e1  __aeabi_memclr8               
ffffffff  __binit__                     
UNDEFED   __mpu_init                    
20207e00  __stack                       
20200000  __start___llvm_prf_bits       
20200000  __start___llvm_prf_cnts       
20200000  __stop___llvm_prf_bits        
20200000  __stop___llvm_prf_cnts        
00001629  _c_int00_noargs               
UNDEFED   _system_post_cinit            
00001705  _system_pre_init              
00001709  abort                         
ffffffff  binit                         
00000000  interruptVectors              
000012bd  main                          
000013bd  memset                        


GLOBAL SYMBOLS: SORTED BY Symbol Address 

address   name                          
-------   ----                          
00000000  __TI_ATRegion0_region_sz      
00000000  __TI_ATRegion0_src_addr       
00000000  __TI_ATRegion0_trg_addr       
00000000  __TI_ATRegion1_region_sz      
00000000  __TI_ATRegion1_src_addr       
00000000  __TI_ATRegion1_trg_addr       
00000000  __TI_ATRegion2_region_sz      
00000000  __TI_ATRegion2_src_addr       
00000000  __TI_ATRegion2_trg_addr       
00000000  __TI_static_base__            
00000000  interruptVectors              
000000c1  OLED_Init                     
00000200  __STACK_SIZE                  
00000b71  OLED_ShowChar                 
00000ed9  OLED_Fill                     
00001185  OLED_SetPos                   
000012bd  main                          
00001345  SYSCFG_DL_ADC0_init           
000013bd  memset                        
0000141f  DL_I2C_fillControllerTXFIFO   
0000147d  OLED_ShowString               
000014d9  SYSCFG_DL_I2C_OLED_init       
0000152d  DL_ADC12_setClockConfig       
0000156d  SYSCFG_DL_SYSCTL_init         
000015ad  SYSCFG_DL_initPower           
000015ed  __TI_auto_init_nobinit_nopinit
00001629  _c_int00_noargs               
00001651  DL_I2C_setClockConfig         
00001677  ADC1_IRQHandler               
00001677  AES_IRQHandler                
00001677  CANFD0_IRQHandler             
00001677  DAC0_IRQHandler               
00001677  DMA_IRQHandler                
00001677  Default_Handler               
00001677  GROUP0_IRQHandler             
00001677  GROUP1_IRQHandler             
00001677  HardFault_Handler             
00001677  I2C0_IRQHandler               
00001677  I2C1_IRQHandler               
00001677  NMI_Handler                   
00001677  PendSV_Handler                
00001677  RTC_IRQHandler                
00001677  SPI0_IRQHandler               
00001677  SPI1_IRQHandler               
00001677  SVC_Handler                   
00001677  SysTick_Handler               
00001677  TIMA0_IRQHandler              
00001677  TIMA1_IRQHandler              
00001677  TIMG0_IRQHandler              
00001677  TIMG12_IRQHandler             
00001677  TIMG6_IRQHandler              
00001677  TIMG7_IRQHandler              
00001677  TIMG8_IRQHandler              
00001677  UART0_IRQHandler              
00001677  UART1_IRQHandler              
00001677  UART2_IRQHandler              
00001677  UART3_IRQHandler              
00001679  SYSCFG_DL_GPIO_init           
0000169d  ADC0_IRQHandler               
000016b9  SYSCFG_DL_init                
000016d1  __TI_zero_init                
000016e1  __aeabi_memclr                
000016e1  __aeabi_memclr4               
000016e1  __aeabi_memclr8               
000016ed  DL_Common_delayCycles         
000016f7  OLED_CLS                      
00001701  Reset_Handler                 
00001705  _system_pre_init              
00001708  C$$EXIT                       
00001709  abort                         
00001710  F8X16                         
00001d00  F6x8                          
00001f50  __TI_Handler_Table_Base       
00001f54  __TI_CINIT_Base               
00001f54  __TI_Handler_Table_Limit      
00001f5c  __TI_CINIT_Limit              
00001f5c  __TI_CINIT_Warm               
20200000  AdcResult0                    
20200000  __start___llvm_prf_bits       
20200000  __start___llvm_prf_cnts       
20200000  __stop___llvm_prf_bits        
20200000  __stop___llvm_prf_cnts        
20201000  AdcResult1                    
20202000  ADC_complete_flag             
20207e00  __stack                       
20208000  __STACK_END                   
ffffffff  __TI_pprof_out_hndl           
ffffffff  __TI_prof_data_size           
ffffffff  __TI_prof_data_start          
ffffffff  __binit__                     
ffffffff  binit                         
UNDEFED   __mpu_init                    
UNDEFED   _system_post_cinit            

[93 symbols]
