******************************************************************************
            TI ARM Clang Linker PC v3.2.2                      
******************************************************************************
>> Linked Wed Jul 16 21:52:55 2025

OUTPUT FILE NAME:   <2024NUEDC.out>
ENTRY POINT SYMBOL: "_c_int00_noargs"  address: 000015c9


MEMORY CONFIGURATION

         name            origin    length      used     unused   attr    fill
----------------------  --------  ---------  --------  --------  ----  --------
  FLASH                 00000000   00020000  00001ef8  0001e108  R  X
  SRAM                  20200000   00008000  00000301  00007cff  RW X
  BCR_CONFIG            41c00000   000000ff  00000000  000000ff  R   
  BSL_CONFIG            41c00100   00000080  00000000  00000080  R   


SEGMENT ALLOCATION MAP

run origin  load origin   length   init length attrs members
----------  ----------- ---------- ----------- ----- -------
00000000    00000000    00001ef8   00001ef8    r-x
  00000000    00000000    000000c0   000000c0    r-- .intvecs
  000000c0    000000c0    000015e8   000015e8    r-x .text
  000016a8    000016a8    00000838   00000838    r-- .rodata
  00001ee0    00001ee0    00000018   00000018    r-- .cinit
20200000    20200000    00000101   00000000    rw-
  20200000    20200000    00000101   00000000    rw- .bss
20207e00    20207e00    00000200   00000000    rw-
  20207e00    20207e00    00000200   00000000    rw- .stack


SECTION ALLOCATION MAP

 output                                  attributes/
section   page    origin      length       input sections
--------  ----  ----------  ----------   ----------------
.intvecs   0    00000000    000000c0     
                  00000000    000000c0     startup_mspm0g350x_ticlang.o (.intvecs)

.text      0    000000c0    000015e8     
                  000000c0    00000ab0     oled.o (.text.OLED_Init)
                  00000b70    00000368     oled.o (.text.OLED_ShowChar)
                  00000ed8    000002ac     oled.o (.text.OLED_Fill)
                  00001184    00000138     oled.o (.text.OLED_SetPos)
                  000012bc    0000008c     2024NUEDC.o (.text.main)
                  00001348    00000074     ti_msp_dl_config.o (.text.SYSCFG_DL_ADC12_0_init)
                  000013bc    0000005e     driverlib.a : dl_i2c.o (.text.DL_I2C_fillControllerTXFIFO)
                  0000141a    0000005c     oled.o (.text.OLED_ShowString)
                  00001476    00000002     startup_mspm0g350x_ticlang.o (.text.Default_Handler)
                  00001478    00000054     ti_msp_dl_config.o (.text.SYSCFG_DL_I2C_OLED_init)
                  000014cc    00000040     driverlib.a : dl_adc12.o (.text.DL_ADC12_setClockConfig)
                  0000150c    00000040     ti_msp_dl_config.o (.text.SYSCFG_DL_SYSCTL_init)
                  0000154c    00000040     ti_msp_dl_config.o (.text.SYSCFG_DL_initPower)
                  0000158c    0000003c     libc.a : autoinit.c.obj (.text:__TI_auto_init_nobinit_nopinit)
                  000015c8    00000028            : boot_cortex_m.c.obj (.text:_c_int00_noargs)
                  000015f0    00000026     driverlib.a : dl_i2c.o (.text.DL_I2C_setClockConfig)
                  00001616    00000002     --HOLE-- [fill = 0]
                  00001618    00000024     ti_msp_dl_config.o (.text.SYSCFG_DL_GPIO_init)
                  0000163c    0000001c     2024NUEDC.o (.text.ADC0_IRQHandler)
                  00001658    00000018     ti_msp_dl_config.o (.text.SYSCFG_DL_init)
                  00001670    00000016     libc.a : copy_zero_init.c.obj (.text:decompress:ZI:__TI_zero_init_nomemset)
                  00001686    0000000a     driverlib.a : dl_common.o (.text.DL_Common_delayCycles)
                  00001690    0000000a     oled.o (.text.OLED_CLS)
                  0000169a    00000004     startup_mspm0g350x_ticlang.o (.text.Reset_Handler)
                  0000169e    00000004     libc.a : pre_init.c.obj (.text._system_pre_init)
                  000016a2    00000004            : exit.c.obj (.text:abort)
                  000016a6    00000002     --HOLE-- [fill = 0]

.cinit     0    00001ee0    00000018     
                  00001ee0    00000008     (.cinit..bss.load) [load image, compression = zero_init]
                  00001ee8    00000004     (__TI_handler_table)
                  00001eec    00000008     (__TI_cinit_table)
                  00001ef4    00000004     --HOLE-- [fill = 0]

.rodata    0    000016a8    00000838     
                  000016a8    000005f0     oled.o (.rodata.F8X16)
                  00001c98    00000228     oled.o (.rodata.F6x8)
                  00001ec0    00000012     2024NUEDC.o (.rodata.str1.108539083448369711261)
                  00001ed2    00000002     ti_msp_dl_config.o (.rodata.gI2C_OLEDClockConfig)
                  00001ed4    00000008     ti_msp_dl_config.o (.rodata.gADC12_0ClockConfig)
                  00001edc    00000004     --HOLE-- [fill = 0]

.init_array 
*          0    00000000    00000000     UNINITIALIZED

.binit     0    00000000    00000000     

.bss       0    20200000    00000101     UNINITIALIZED
                  20200000    00000080     (.common:gAdcResult0)
                  20200080    00000080     (.common:gAdcResult1)
                  20200100    00000001     (.common:gCheckADC)

.stack     0    20207e00    00000200     UNINITIALIZED
                  20207e00    00000004     libc.a : boot_cortex_m.c.obj (.stack)
                  20207e04    000001fc     --HOLE--

__llvm_prf_cnts 
*          0    20200000    00000000     UNINITIALIZED

__llvm_prf_bits 
*          0    20200000    00000000     UNINITIALIZED

MODULE SUMMARY

       Module                         code   ro data   rw data
       ------                         ----   -------   -------
    .\
       2024NUEDC.o                    168    18        257    
       ti_msp_dl_config.o             388    10        0      
       startup_mspm0g350x_ticlang.o   6      192       0      
    +--+------------------------------+------+---------+---------+
       Total:                         562    220       257    
                                                              
    .\oled\
       oled.o                         4706   2072      0      
    +--+------------------------------+------+---------+---------+
       Total:                         4706   2072      0      
                                                              
    D:/A_Scholastic/33/ti/mspm0_sdk_2_04_00_06/source/ti/driverlib/lib/ticlang/m0p/mspm0g1x0x_g3x0x/driverlib.a
       dl_i2c.o                       132    0         0      
       dl_adc12.o                     64     0         0      
       dl_common.o                    10     0         0      
    +--+------------------------------+------+---------+---------+
       Total:                         206    0         0      
                                                              
    D:\ccstheia141\ccs\tools\compiler\ti-cgt-armllvm_3.2.2.LTS\lib\armv6m-ti-none-eabi/c/libc.a
       autoinit.c.obj                 60     0         0      
       boot_cortex_m.c.obj            40     0         0      
       copy_zero_init.c.obj           22     0         0      
       exit.c.obj                     4      0         0      
       pre_init.c.obj                 4      0         0      
    +--+------------------------------+------+---------+---------+
       Total:                         130    0         0      
                                                              
       Stack:                         0      0         512    
       Linker Generated:              0      20        0      
    +--+------------------------------+------+---------+---------+
       Grand Total:                   5604   2312      769    


LINKER GENERATED COPY TABLES

__TI_cinit_table @ 00001eec records: 1, size/record: 8, table size: 8
	.bss: load addr=00001ee0, load size=00000008 bytes, run addr=20200000, run size=00000101 bytes, compression=zero_init


LINKER GENERATED HANDLER TABLE

__TI_handler_table @ 00001ee8 records: 1, size/record: 4, table size: 4
	index: 0, handler: __TI_zero_init


GLOBAL SYMBOLS: SORTED ALPHABETICALLY BY Name 

address   name                          
-------   ----                          
0000163d  ADC0_IRQHandler               
00001477  ADC1_IRQHandler               
00001477  AES_IRQHandler                
000016a2  C$$EXIT                       
00001477  CANFD0_IRQHandler             
00001477  DAC0_IRQHandler               
000014cd  DL_ADC12_setClockConfig       
00001687  DL_Common_delayCycles         
000013bd  DL_I2C_fillControllerTXFIFO   
000015f1  DL_I2C_setClockConfig         
00001477  DMA_IRQHandler                
00001477  Default_Handler               
00001c98  F6x8                          
000016a8  F8X16                         
00001477  GROUP0_IRQHandler             
00001477  GROUP1_IRQHandler             
00001477  HardFault_Handler             
00001477  I2C0_IRQHandler               
00001477  I2C1_IRQHandler               
00001477  NMI_Handler                   
00001691  OLED_CLS                      
00000ed9  OLED_Fill                     
000000c1  OLED_Init                     
00001185  OLED_SetPos                   
00000b71  OLED_ShowChar                 
0000141b  OLED_ShowString               
00001477  PendSV_Handler                
00001477  RTC_IRQHandler                
0000169b  Reset_Handler                 
00001477  SPI0_IRQHandler               
00001477  SPI1_IRQHandler               
00001477  SVC_Handler                   
00001349  SYSCFG_DL_ADC12_0_init        
00001619  SYSCFG_DL_GPIO_init           
00001479  SYSCFG_DL_I2C_OLED_init       
0000150d  SYSCFG_DL_SYSCTL_init         
00001659  SYSCFG_DL_init                
0000154d  SYSCFG_DL_initPower           
00001477  SysTick_Handler               
00001477  TIMA0_IRQHandler              
00001477  TIMA1_IRQHandler              
00001477  TIMG0_IRQHandler              
00001477  TIMG12_IRQHandler             
00001477  TIMG6_IRQHandler              
00001477  TIMG7_IRQHandler              
00001477  TIMG8_IRQHandler              
00001477  UART0_IRQHandler              
00001477  UART1_IRQHandler              
00001477  UART2_IRQHandler              
00001477  UART3_IRQHandler              
20208000  __STACK_END                   
00000200  __STACK_SIZE                  
00000000  __TI_ATRegion0_region_sz      
00000000  __TI_ATRegion0_src_addr       
00000000  __TI_ATRegion0_trg_addr       
00000000  __TI_ATRegion1_region_sz      
00000000  __TI_ATRegion1_src_addr       
00000000  __TI_ATRegion1_trg_addr       
00000000  __TI_ATRegion2_region_sz      
00000000  __TI_ATRegion2_src_addr       
00000000  __TI_ATRegion2_trg_addr       
00001eec  __TI_CINIT_Base               
00001ef4  __TI_CINIT_Limit              
00001ef4  __TI_CINIT_Warm               
00001ee8  __TI_Handler_Table_Base       
00001eec  __TI_Handler_Table_Limit      
0000158d  __TI_auto_init_nobinit_nopinit
ffffffff  __TI_pprof_out_hndl           
ffffffff  __TI_prof_data_size           
ffffffff  __TI_prof_data_start          
00000000  __TI_static_base__            
00001671  __TI_zero_init_nomemset       
ffffffff  __binit__                     
UNDEFED   __mpu_init                    
20207e00  __stack                       
20200000  __start___llvm_prf_bits       
20200000  __start___llvm_prf_cnts       
20200000  __stop___llvm_prf_bits        
20200000  __stop___llvm_prf_cnts        
000015c9  _c_int00_noargs               
UNDEFED   _system_post_cinit            
0000169f  _system_pre_init              
000016a3  abort                         
ffffffff  binit                         
20200000  gAdcResult0                   
20200080  gAdcResult1                   
20200100  gCheckADC                     
00000000  interruptVectors              
000012bd  main                          


GLOBAL SYMBOLS: SORTED BY Symbol Address 

address   name                          
-------   ----                          
00000000  __TI_ATRegion0_region_sz      
00000000  __TI_ATRegion0_src_addr       
00000000  __TI_ATRegion0_trg_addr       
00000000  __TI_ATRegion1_region_sz      
00000000  __TI_ATRegion1_src_addr       
00000000  __TI_ATRegion1_trg_addr       
00000000  __TI_ATRegion2_region_sz      
00000000  __TI_ATRegion2_src_addr       
00000000  __TI_ATRegion2_trg_addr       
00000000  __TI_static_base__            
00000000  interruptVectors              
000000c1  OLED_Init                     
00000200  __STACK_SIZE                  
00000b71  OLED_ShowChar                 
00000ed9  OLED_Fill                     
00001185  OLED_SetPos                   
000012bd  main                          
00001349  SYSCFG_DL_ADC12_0_init        
000013bd  DL_I2C_fillControllerTXFIFO   
0000141b  OLED_ShowString               
00001477  ADC1_IRQHandler               
00001477  AES_IRQHandler                
00001477  CANFD0_IRQHandler             
00001477  DAC0_IRQHandler               
00001477  DMA_IRQHandler                
00001477  Default_Handler               
00001477  GROUP0_IRQHandler             
00001477  GROUP1_IRQHandler             
00001477  HardFault_Handler             
00001477  I2C0_IRQHandler               
00001477  I2C1_IRQHandler               
00001477  NMI_Handler                   
00001477  PendSV_Handler                
00001477  RTC_IRQHandler                
00001477  SPI0_IRQHandler               
00001477  SPI1_IRQHandler               
00001477  SVC_Handler                   
00001477  SysTick_Handler               
00001477  TIMA0_IRQHandler              
00001477  TIMA1_IRQHandler              
00001477  TIMG0_IRQHandler              
00001477  TIMG12_IRQHandler             
00001477  TIMG6_IRQHandler              
00001477  TIMG7_IRQHandler              
00001477  TIMG8_IRQHandler              
00001477  UART0_IRQHandler              
00001477  UART1_IRQHandler              
00001477  UART2_IRQHandler              
00001477  UART3_IRQHandler              
00001479  SYSCFG_DL_I2C_OLED_init       
000014cd  DL_ADC12_setClockConfig       
0000150d  SYSCFG_DL_SYSCTL_init         
0000154d  SYSCFG_DL_initPower           
0000158d  __TI_auto_init_nobinit_nopinit
000015c9  _c_int00_noargs               
000015f1  DL_I2C_setClockConfig         
00001619  SYSCFG_DL_GPIO_init           
0000163d  ADC0_IRQHandler               
00001659  SYSCFG_DL_init                
00001671  __TI_zero_init_nomemset       
00001687  DL_Common_delayCycles         
00001691  OLED_CLS                      
0000169b  Reset_Handler                 
0000169f  _system_pre_init              
000016a2  C$$EXIT                       
000016a3  abort                         
000016a8  F8X16                         
00001c98  F6x8                          
00001ee8  __TI_Handler_Table_Base       
00001eec  __TI_CINIT_Base               
00001eec  __TI_Handler_Table_Limit      
00001ef4  __TI_CINIT_Limit              
00001ef4  __TI_CINIT_Warm               
20200000  __start___llvm_prf_bits       
20200000  __start___llvm_prf_cnts       
20200000  __stop___llvm_prf_bits        
20200000  __stop___llvm_prf_cnts        
20200000  gAdcResult0                   
20200080  gAdcResult1                   
20200100  gCheckADC                     
20207e00  __stack                       
20208000  __STACK_END                   
ffffffff  __TI_pprof_out_hndl           
ffffffff  __TI_prof_data_size           
ffffffff  __TI_prof_data_start          
ffffffff  __binit__                     
ffffffff  binit                         
UNDEFED   __mpu_init                    
UNDEFED   _system_post_cinit            

[89 symbols]
