******************************************************************************
            TI ARM Clang Linker PC v3.2.2                      
******************************************************************************
>> Linked Wed Jul 16 19:27:19 2025

OUTPUT FILE NAME:   <2024NUEDC.out>
ENTRY POINT SYMBOL: "_c_int00_noargs"  address: 000015d1


MEMORY CONFIGURATION

         name            origin    length      used     unused   attr    fill
----------------------  --------  ---------  --------  --------  ----  --------
  FLASH                 00000000   00020000  00001f08  0001e0f8  R  X
  SRAM                  20200000   00008000  00000401  00007bff  RW X
  BCR_CONFIG            41c00000   000000ff  00000000  000000ff  R   
  BSL_CONFIG            41c00100   00000080  00000000  00000080  R   


SEGMENT ALLOCATION MAP

run origin  load origin   length   init length attrs members
----------  ----------- ---------- ----------- ----- -------
00000000    00000000    00001f08   00001f08    r-x
  00000000    00000000    000000c0   000000c0    r-- .intvecs
  000000c0    000000c0    000015f0   000015f0    r-x .text
  000016b0    000016b0    00000840   00000840    r-- .rodata
  00001ef0    00001ef0    00000018   00000018    r-- .cinit
20200000    20200000    00000201   00000000    rw-
  20200000    20200000    00000201   00000000    rw- .bss
20207e00    20207e00    00000200   00000000    rw-
  20207e00    20207e00    00000200   00000000    rw- .stack


SECTION ALLOCATION MAP

 output                                  attributes/
section   page    origin      length       input sections
--------  ----  ----------  ----------   ----------------
.intvecs   0    00000000    000000c0     
                  00000000    000000c0     startup_mspm0g350x_ticlang.o (.intvecs)

.text      0    000000c0    000015f0     
                  000000c0    00000ab0     oled.o (.text.OLED_Init)
                  00000b70    00000368     oled.o (.text.OLED_ShowChar)
                  00000ed8    000002ac     oled.o (.text.OLED_Fill)
                  00001184    00000138     oled.o (.text.OLED_SetPos)
                  000012bc    000000a0     2024NUEDC.o (.text.main)
                  0000135c    00000068     ti_msp_dl_config.o (.text.SYSCFG_DL_ADC12_0_init)
                  000013c4    0000005e     driverlib.a : dl_i2c.o (.text.DL_I2C_fillControllerTXFIFO)
                  00001422    0000005c     oled.o (.text.OLED_ShowString)
                  0000147e    00000002     startup_mspm0g350x_ticlang.o (.text.Default_Handler)
                  00001480    00000054     ti_msp_dl_config.o (.text.SYSCFG_DL_I2C_OLED_init)
                  000014d4    00000040     driverlib.a : dl_adc12.o (.text.DL_ADC12_setClockConfig)
                  00001514    00000040     ti_msp_dl_config.o (.text.SYSCFG_DL_SYSCTL_init)
                  00001554    00000040     ti_msp_dl_config.o (.text.SYSCFG_DL_initPower)
                  00001594    0000003c     libc.a : autoinit.c.obj (.text:__TI_auto_init_nobinit_nopinit)
                  000015d0    00000028            : boot_cortex_m.c.obj (.text:_c_int00_noargs)
                  000015f8    00000026     driverlib.a : dl_i2c.o (.text.DL_I2C_setClockConfig)
                  0000161e    00000002     --HOLE-- [fill = 0]
                  00001620    00000024     ti_msp_dl_config.o (.text.SYSCFG_DL_GPIO_init)
                  00001644    0000001c     2024NUEDC.o (.text.ADC0_IRQHandler)
                  00001660    00000018     ti_msp_dl_config.o (.text.SYSCFG_DL_init)
                  00001678    00000016     libc.a : copy_zero_init.c.obj (.text:decompress:ZI:__TI_zero_init_nomemset)
                  0000168e    0000000a     driverlib.a : dl_common.o (.text.DL_Common_delayCycles)
                  00001698    0000000a     oled.o (.text.OLED_CLS)
                  000016a2    00000004     startup_mspm0g350x_ticlang.o (.text.Reset_Handler)
                  000016a6    00000004     libc.a : pre_init.c.obj (.text._system_pre_init)
                  000016aa    00000004            : exit.c.obj (.text:abort)
                  000016ae    00000002     --HOLE-- [fill = 0]

.cinit     0    00001ef0    00000018     
                  00001ef0    00000008     (.cinit..bss.load) [load image, compression = zero_init]
                  00001ef8    00000004     (__TI_handler_table)
                  00001efc    00000008     (__TI_cinit_table)
                  00001f04    00000004     --HOLE-- [fill = 0]

.rodata    0    000016b0    00000840     
                  000016b0    000005f0     oled.o (.rodata.F8X16)
                  00001ca0    00000228     oled.o (.rodata.F6x8)
                  00001ec8    00000017     2024NUEDC.o (.rodata.str1.108539083448369711261)
                  00001edf    00000001     --HOLE-- [fill = 0]
                  00001ee0    00000008     ti_msp_dl_config.o (.rodata.gADC12_0ClockConfig)
                  00001ee8    00000002     ti_msp_dl_config.o (.rodata.gI2C_OLEDClockConfig)
                  00001eea    00000006     --HOLE-- [fill = 0]

.init_array 
*          0    00000000    00000000     UNINITIALIZED

.binit     0    00000000    00000000     

.bss       0    20200000    00000201     UNINITIALIZED
                  20200000    00000080     (.common:gAdcResult0)
                  20200080    00000080     (.common:gAdcResult1)
                  20200100    00000080     (.common:gAdcResult2)
                  20200180    00000080     (.common:gAdcResult3)
                  20200200    00000001     (.common:gCheckADC)

.stack     0    20207e00    00000200     UNINITIALIZED
                  20207e00    00000004     libc.a : boot_cortex_m.c.obj (.stack)
                  20207e04    000001fc     --HOLE--

__llvm_prf_cnts 
*          0    20200000    00000000     UNINITIALIZED

__llvm_prf_bits 
*          0    20200000    00000000     UNINITIALIZED

MODULE SUMMARY

       Module                         code   ro data   rw data
       ------                         ----   -------   -------
    .\
       2024NUEDC.o                    188    23        513    
       ti_msp_dl_config.o             376    10        0      
       startup_mspm0g350x_ticlang.o   6      192       0      
    +--+------------------------------+------+---------+---------+
       Total:                         570    225       513    
                                                              
    .\oled\
       oled.o                         4706   2072      0      
    +--+------------------------------+------+---------+---------+
       Total:                         4706   2072      0      
                                                              
    D:/A_Scholastic/33/ti/mspm0_sdk_2_04_00_06/source/ti/driverlib/lib/ticlang/m0p/mspm0g1x0x_g3x0x/driverlib.a
       dl_i2c.o                       132    0         0      
       dl_adc12.o                     64     0         0      
       dl_common.o                    10     0         0      
    +--+------------------------------+------+---------+---------+
       Total:                         206    0         0      
                                                              
    D:\ccstheia141\ccs\tools\compiler\ti-cgt-armllvm_3.2.2.LTS\lib\armv6m-ti-none-eabi/c/libc.a
       autoinit.c.obj                 60     0         0      
       boot_cortex_m.c.obj            40     0         0      
       copy_zero_init.c.obj           22     0         0      
       exit.c.obj                     4      0         0      
       pre_init.c.obj                 4      0         0      
    +--+------------------------------+------+---------+---------+
       Total:                         130    0         0      
                                                              
       Stack:                         0      0         512    
       Linker Generated:              0      20        0      
    +--+------------------------------+------+---------+---------+
       Grand Total:                   5612   2317      1025   


LINKER GENERATED COPY TABLES

__TI_cinit_table @ 00001efc records: 1, size/record: 8, table size: 8
	.bss: load addr=00001ef0, load size=00000008 bytes, run addr=20200000, run size=00000201 bytes, compression=zero_init


LINKER GENERATED HANDLER TABLE

__TI_handler_table @ 00001ef8 records: 1, size/record: 4, table size: 4
	index: 0, handler: __TI_zero_init


GLOBAL SYMBOLS: SORTED ALPHABETICALLY BY Name 

address   name                          
-------   ----                          
00001645  ADC0_IRQHandler               
0000147f  ADC1_IRQHandler               
0000147f  AES_IRQHandler                
000016aa  C$$EXIT                       
0000147f  CANFD0_IRQHandler             
0000147f  DAC0_IRQHandler               
000014d5  DL_ADC12_setClockConfig       
0000168f  DL_Common_delayCycles         
000013c5  DL_I2C_fillControllerTXFIFO   
000015f9  DL_I2C_setClockConfig         
0000147f  DMA_IRQHandler                
0000147f  Default_Handler               
00001ca0  F6x8                          
000016b0  F8X16                         
0000147f  GROUP0_IRQHandler             
0000147f  GROUP1_IRQHandler             
0000147f  HardFault_Handler             
0000147f  I2C0_IRQHandler               
0000147f  I2C1_IRQHandler               
0000147f  NMI_Handler                   
00001699  OLED_CLS                      
00000ed9  OLED_Fill                     
000000c1  OLED_Init                     
00001185  OLED_SetPos                   
00000b71  OLED_ShowChar                 
00001423  OLED_ShowString               
0000147f  PendSV_Handler                
0000147f  RTC_IRQHandler                
000016a3  Reset_Handler                 
0000147f  SPI0_IRQHandler               
0000147f  SPI1_IRQHandler               
0000147f  SVC_Handler                   
0000135d  SYSCFG_DL_ADC12_0_init        
00001621  SYSCFG_DL_GPIO_init           
00001481  SYSCFG_DL_I2C_OLED_init       
00001515  SYSCFG_DL_SYSCTL_init         
00001661  SYSCFG_DL_init                
00001555  SYSCFG_DL_initPower           
0000147f  SysTick_Handler               
0000147f  TIMA0_IRQHandler              
0000147f  TIMA1_IRQHandler              
0000147f  TIMG0_IRQHandler              
0000147f  TIMG12_IRQHandler             
0000147f  TIMG6_IRQHandler              
0000147f  TIMG7_IRQHandler              
0000147f  TIMG8_IRQHandler              
0000147f  UART0_IRQHandler              
0000147f  UART1_IRQHandler              
0000147f  UART2_IRQHandler              
0000147f  UART3_IRQHandler              
20208000  __STACK_END                   
00000200  __STACK_SIZE                  
00000000  __TI_ATRegion0_region_sz      
00000000  __TI_ATRegion0_src_addr       
00000000  __TI_ATRegion0_trg_addr       
00000000  __TI_ATRegion1_region_sz      
00000000  __TI_ATRegion1_src_addr       
00000000  __TI_ATRegion1_trg_addr       
00000000  __TI_ATRegion2_region_sz      
00000000  __TI_ATRegion2_src_addr       
00000000  __TI_ATRegion2_trg_addr       
00001efc  __TI_CINIT_Base               
00001f04  __TI_CINIT_Limit              
00001f04  __TI_CINIT_Warm               
00001ef8  __TI_Handler_Table_Base       
00001efc  __TI_Handler_Table_Limit      
00001595  __TI_auto_init_nobinit_nopinit
ffffffff  __TI_pprof_out_hndl           
ffffffff  __TI_prof_data_size           
ffffffff  __TI_prof_data_start          
00000000  __TI_static_base__            
00001679  __TI_zero_init_nomemset       
ffffffff  __binit__                     
UNDEFED   __mpu_init                    
20207e00  __stack                       
20200000  __start___llvm_prf_bits       
20200000  __start___llvm_prf_cnts       
20200000  __stop___llvm_prf_bits        
20200000  __stop___llvm_prf_cnts        
000015d1  _c_int00_noargs               
UNDEFED   _system_post_cinit            
000016a7  _system_pre_init              
000016ab  abort                         
ffffffff  binit                         
20200000  gAdcResult0                   
20200080  gAdcResult1                   
20200100  gAdcResult2                   
20200180  gAdcResult3                   
20200200  gCheckADC                     
00000000  interruptVectors              
000012bd  main                          


GLOBAL SYMBOLS: SORTED BY Symbol Address 

address   name                          
-------   ----                          
00000000  __TI_ATRegion0_region_sz      
00000000  __TI_ATRegion0_src_addr       
00000000  __TI_ATRegion0_trg_addr       
00000000  __TI_ATRegion1_region_sz      
00000000  __TI_ATRegion1_src_addr       
00000000  __TI_ATRegion1_trg_addr       
00000000  __TI_ATRegion2_region_sz      
00000000  __TI_ATRegion2_src_addr       
00000000  __TI_ATRegion2_trg_addr       
00000000  __TI_static_base__            
00000000  interruptVectors              
000000c1  OLED_Init                     
00000200  __STACK_SIZE                  
00000b71  OLED_ShowChar                 
00000ed9  OLED_Fill                     
00001185  OLED_SetPos                   
000012bd  main                          
0000135d  SYSCFG_DL_ADC12_0_init        
000013c5  DL_I2C_fillControllerTXFIFO   
00001423  OLED_ShowString               
0000147f  ADC1_IRQHandler               
0000147f  AES_IRQHandler                
0000147f  CANFD0_IRQHandler             
0000147f  DAC0_IRQHandler               
0000147f  DMA_IRQHandler                
0000147f  Default_Handler               
0000147f  GROUP0_IRQHandler             
0000147f  GROUP1_IRQHandler             
0000147f  HardFault_Handler             
0000147f  I2C0_IRQHandler               
0000147f  I2C1_IRQHandler               
0000147f  NMI_Handler                   
0000147f  PendSV_Handler                
0000147f  RTC_IRQHandler                
0000147f  SPI0_IRQHandler               
0000147f  SPI1_IRQHandler               
0000147f  SVC_Handler                   
0000147f  SysTick_Handler               
0000147f  TIMA0_IRQHandler              
0000147f  TIMA1_IRQHandler              
0000147f  TIMG0_IRQHandler              
0000147f  TIMG12_IRQHandler             
0000147f  TIMG6_IRQHandler              
0000147f  TIMG7_IRQHandler              
0000147f  TIMG8_IRQHandler              
0000147f  UART0_IRQHandler              
0000147f  UART1_IRQHandler              
0000147f  UART2_IRQHandler              
0000147f  UART3_IRQHandler              
00001481  SYSCFG_DL_I2C_OLED_init       
000014d5  DL_ADC12_setClockConfig       
00001515  SYSCFG_DL_SYSCTL_init         
00001555  SYSCFG_DL_initPower           
00001595  __TI_auto_init_nobinit_nopinit
000015d1  _c_int00_noargs               
000015f9  DL_I2C_setClockConfig         
00001621  SYSCFG_DL_GPIO_init           
00001645  ADC0_IRQHandler               
00001661  SYSCFG_DL_init                
00001679  __TI_zero_init_nomemset       
0000168f  DL_Common_delayCycles         
00001699  OLED_CLS                      
000016a3  Reset_Handler                 
000016a7  _system_pre_init              
000016aa  C$$EXIT                       
000016ab  abort                         
000016b0  F8X16                         
00001ca0  F6x8                          
00001ef8  __TI_Handler_Table_Base       
00001efc  __TI_CINIT_Base               
00001efc  __TI_Handler_Table_Limit      
00001f04  __TI_CINIT_Limit              
00001f04  __TI_CINIT_Warm               
20200000  __start___llvm_prf_bits       
20200000  __start___llvm_prf_cnts       
20200000  __stop___llvm_prf_bits        
20200000  __stop___llvm_prf_cnts        
20200000  gAdcResult0                   
20200080  gAdcResult1                   
20200100  gAdcResult2                   
20200180  gAdcResult3                   
20200200  gCheckADC                     
20207e00  __stack                       
20208000  __STACK_END                   
ffffffff  __TI_pprof_out_hndl           
ffffffff  __TI_prof_data_size           
ffffffff  __TI_prof_data_start          
ffffffff  __binit__                     
ffffffff  binit                         
UNDEFED   __mpu_init                    
UNDEFED   _system_post_cinit            

[91 symbols]
