******************************************************************************
            TI ARM Clang Linker PC v3.2.2                      
******************************************************************************
>> Linked Fri Jul 18 17:35:07 2025

OUTPUT FILE NAME:   <2024NUEDC.out>
ENTRY POINT SYMBOL: "_c_int00_noargs"  address: 00005cbd


MEMORY CONFIGURATION

         name            origin    length      used     unused   attr    fill
----------------------  --------  ---------  --------  --------  ----  --------
  FLASH                 00000000   00020000  00008b08  000174f8  R  X
  SRAM                  20200000   00008000  000062dd  00001d23  RW X
  BCR_CONFIG            41c00000   000000ff  00000000  000000ff  R   
  BSL_CONFIG            41c00100   00000080  00000000  00000080  R   


SEGMENT ALLOCATION MAP

run origin  load origin   length   init length attrs members
----------  ----------- ---------- ----------- ----- -------
00000000    00000000    00008b08   00008b08    r-x
  00000000    00000000    000000c0   000000c0    r-- .intvecs
  000000c0    000000c0    00005ed0   00005ed0    r-x .text
  00005f90    00005f90    00002b40   00002b40    r-- .rodata
  00008ad0    00008ad0    00000038   00000038    r-- .cinit
20200000    20200000    000060dd   00000000    rw-
  20200000    20200000    0000401c   00000000    rw- .data
  2020401c    2020401c    000020c1   00000000    rw- .bss
20207e00    20207e00    00000200   00000000    rw-
  20207e00    20207e00    00000200   00000000    rw- .stack


SECTION ALLOCATION MAP

 output                                  attributes/
section   page    origin      length       input sections
--------  ----  ----------  ----------   ----------------
.intvecs   0    00000000    000000c0     
                  00000000    000000c0     startup_mspm0g350x_ticlang.o (.intvecs)

.text      0    000000c0    00005ed0     
                  000000c0    00000ab0     oled.o (.text.OLED_Init)
                  00000b70    00000a00     libc.a : _printfi.c.obj (.text:__TI_printfi)
                  00001570    000007fc     2024NUEDC.o (.text.main)
                  00001d6c    00000658     libc.a : k_rem_pio2.c.obj (.text.__kernel_rem_pio2)
                  000023c4    00000458            : s_sin.c.obj (.text.sin)
                  0000281c    00000440            : s_cos.c.obj (.text.cos)
                  00002c5c    00000368     oled.o (.text.OLED_ShowChar)
                  00002fc4    00000360     fft.o (.text.FFT)
                  00003324    0000033c     calculate.o (.text.calculate_power_factor)
                  00003660    000002ac     oled.o (.text.OLED_Fill)
                  0000390c    00000220     libc.a : _printfi.c.obj (.text._pconv_a)
                  00003b2c    000001dc            : _printfi.c.obj (.text._pconv_g)
                  00003d08    00000192     libclang_rt.builtins.a : adddf3.S.obj (.text.adddf3_subdf3)
                  00003e9a    00000002     startup_mspm0g350x_ticlang.o (.text.Default_Handler)
                  00003e9c    00000184     libc.a : e_sqrt.c.obj (.text.sqrt)
                  00004020    00000180     calculate.o (.text.max115)
                  000041a0    00000168     libc.a : k_sin.c.obj (.text.__kernel_sin)
                  00004308    00000160     calculate.o (.text.calculate_rms_dc_removed)
                  00004468    00000150     libc.a : k_cos.c.obj (.text.__kernel_cos)
                  000045b8    0000014a     fft.o (.text.RemoveDCBias)
                  00004702    00000002     libclang_rt.builtins.a : aeabi_div0.c.obj (.text.__aeabi_idiv0)
                  00004704    00000144     libc.a : s_floor.c.obj (.text.floor)
                  00004848    0000013c            : _printfi.c.obj (.text.fcvt)
                  00004984    00000138     oled.o (.text.OLED_SetPos)
                  00004abc    00000120     libc.a : _printfi.c.obj (.text._pconv_e)
                  00004bdc    0000010c     libclang_rt.builtins.a : divdf3.S.obj (.text.__divdf3)
                  00004ce8    000000e4                            : muldf3.S.obj (.text.__muldf3)
                  00004dcc    000000d8     libc.a : s_scalbn.c.obj (.text.scalbn)
                  00004ea4    000000d8     libclang_rt.builtins.a : addsf3.S.obj (.text)
                  00004f7c    000000a2                            : udivmoddi4.S.obj (.text)
                  0000501e    000000a0     calculate.o (.text.calculate_avg)
                  000050be    0000009a     libc.a : memcpy16.S.obj (.text:memcpy)
                  00005158    0000008c     libclang_rt.builtins.a : mulsf3.S.obj (.text.__mulsf3)
                  000051e4    00000082                            : divsf3.S.obj (.text.__divsf3)
                  00005266    00000002                            : aeabi_div0.c.obj (.text.__aeabi_ldiv0)
                  00005268    00000078     ti_msp_dl_config.o (.text.SYSCFG_DL_ADC0_init)
                  000052e0    00000078     libc.a : copy_decompress_lzss.c.obj (.text:decompress:lzss)
                  00005358    00000008            : aeabi_portable.c.obj (.text.__aeabi_errno_addr)
                  00005360    00000074     libclang_rt.builtins.a : truncdfsf2.S.obj (.text.__truncdfsf2)
                  000053d4    00000070                            : comparedf2.c.obj (.text.__gedf2)
                  00005444    0000006c                            : comparedf2.c.obj (.text.__ledf2)
                  000054b0    00000066     libc.a : _printfi.c.obj (.text._mcpy)
                  00005516    00000002     --HOLE-- [fill = 0]
                  00005518    00000062     libclang_rt.builtins.a : aeabi_dcmp.S.obj (.text.__aeabi_dcmp)
                  0000557a    00000002     --HOLE-- [fill = 0]
                  0000557c    00000062                            : aeabi_fcmp.S.obj (.text.__aeabi_fcmp)
                  000055de    00000062     libc.a : memset16.S.obj (.text:memset)
                  00005640    0000005e     driverlib.a : dl_i2c.o (.text.DL_I2C_fillControllerTXFIFO)
                  0000569e    0000005c     oled.o (.text.OLED_ShowString)
                  000056fa    00000002     --HOLE-- [fill = 0]
                  000056fc    0000005c     libc.a : s_frexp.c.obj (.text.frexp)
                  00005758    00000058            : _ltoa.c.obj (.text.__TI_ltoa)
                  000057b0    00000058            : _printfi.c.obj (.text._pconv_f)
                  00005808    00000056     libclang_rt.builtins.a : aeabi_idivmod.S.obj (.text.__aeabi_idivmod)
                  0000585e    00000002     --HOLE-- [fill = 0]
                  00005860    00000054     ti_msp_dl_config.o (.text.SYSCFG_DL_I2C_OLED_init)
                  000058b4    00000052     libc.a : _printfi.c.obj (.text._ecpy)
                  00005906    00000002     --HOLE-- [fill = 0]
                  00005908    0000004a     libclang_rt.builtins.a : fixdfsi.S.obj (.text.__fixdfsi)
                  00005952    00000002     --HOLE-- [fill = 0]
                  00005954    00000040     driverlib.a : dl_adc12.o (.text.DL_ADC12_setClockConfig)
                  00005994    00000040     ti_msp_dl_config.o (.text.SYSCFG_DL_SYSCTL_init)
                  000059d4    00000040     ti_msp_dl_config.o (.text.SYSCFG_DL_initPower)
                  00005a14    00000040     libclang_rt.builtins.a : aeabi_uidivmod.S.obj (.text.__aeabi_uidivmod)
                  00005a54    00000040                            : extendsfdf2.S.obj (.text.__extendsfdf2)
                  00005a94    00000040     libc.a : atoi.c.obj (.text.atoi)
                  00005ad4    0000003c     libclang_rt.builtins.a : floatsisf.S.obj (.text.__floatsisf)
                  00005b10    0000003c                            : comparesf2.S.obj (.text.__gtsf2)
                  00005b4c    0000003c     libc.a : autoinit.c.obj (.text:__TI_auto_init_nobinit_nopinit)
                  00005b88    0000003a     libclang_rt.builtins.a : comparesf2.S.obj (.text.__eqsf2)
                  00005bc2    00000002     --HOLE-- [fill = 0]
                  00005bc4    0000003a                            : muldsi3.S.obj (.text.__muldsi3)
                  00005bfe    00000002     --HOLE-- [fill = 0]
                  00005c00    00000038     libc.a : sprintf.c.obj (.text.sprintf)
                  00005c38    00000030            : _printfi.c.obj (.text._fcpy)
                  00005c68    0000002c     libclang_rt.builtins.a : floatsidf.S.obj (.text.__floatsidf)
                  00005c94    00000028                            : floatunsisf.S.obj (.text.__floatunsisf)
                  00005cbc    00000028     libc.a : boot_cortex_m.c.obj (.text:_c_int00_noargs)
                  00005ce4    00000026     driverlib.a : dl_i2c.o (.text.DL_I2C_setClockConfig)
                  00005d0a    00000002     --HOLE-- [fill = 0]
                  00005d0c    00000024     ti_msp_dl_config.o (.text.SYSCFG_DL_GPIO_init)
                  00005d30    00000024     libclang_rt.builtins.a : muldi3.S.obj (.text.__muldi3)
                  00005d54    00000022     libc.a : memccpy.c.obj (.text.memccpy)
                  00005d76    00000002     --HOLE-- [fill = 0]
                  00005d78    0000001e     libclang_rt.builtins.a : ashldi3.S.obj (.text.__ashldi3)
                  00005d96    00000002     --HOLE-- [fill = 0]
                  00005d98    0000001c     2024NUEDC.o (.text.ADC0_IRQHandler)
                  00005db4    00000018     ti_msp_dl_config.o (.text.SYSCFG_DL_init)
                  00005dcc    00000018     libc.a : sprintf.c.obj (.text._outs)
                  00005de4    00000016            : k_rem_pio2.c.obj (.text.OUTLINED_FUNCTION_0)
                  00005dfa    00000002     --HOLE-- [fill = 0]
                  00005dfc    00000010     libclang_rt.builtins.a : adddf3.S.obj (.tramp.__aeabi_dadd.1)
                  00005e0c    00000014                            : aeabi_uldivmod.S.obj (.text.__aeabi_uldivmod)
                  00005e20    00000014     libc.a : _printfi.c.obj (.text.strchr)
                  00005e34    00000012            : copy_decompress_none.c.obj (.text:decompress:none)
                  00005e46    00000010            : wcslen.c.obj (.text.wcslen)
                  00005e56    00000010            : copy_zero_init.c.obj (.text:decompress:ZI)
                  00005e66    0000000e            : s_cos.c.obj (.text.OUTLINED_FUNCTION_0)
                  00005e74    00000010     libclang_rt.builtins.a : adddf3.S.obj (.tramp.__aeabi_dsub.1)
                  00005e84    0000000e     libc.a : s_sin.c.obj (.text.OUTLINED_FUNCTION_0)
                  00005e92    0000000e            : k_rem_pio2.c.obj (.text.OUTLINED_FUNCTION_2)
                  00005ea0    0000000e     libclang_rt.builtins.a : aeabi_memset.S.obj (.text.__aeabi_memset)
                  00005eae    0000000e     libc.a : _printfi.c.obj (.text.strlen)
                  00005ebc    0000000c     libclang_rt.builtins.a : aeabi_memset.S.obj (.text.__aeabi_memclr)
                  00005ec8    0000000a     driverlib.a : dl_common.o (.text.DL_Common_delayCycles)
                  00005ed2    0000000a     oled.o (.text.OLED_CLS)
                  00005edc    0000000a     libc.a : _printfi.c.obj (.text.OUTLINED_FUNCTION_0)
                  00005ee6    0000000a            : _printfi.c.obj (.text.OUTLINED_FUNCTION_1)
                  00005ef0    0000000a            : k_rem_pio2.c.obj (.text.OUTLINED_FUNCTION_1)
                  00005efa    0000000a            : s_cos.c.obj (.text.OUTLINED_FUNCTION_6)
                  00005f04    00000010            : k_sin.c.obj (.tramp.__kernel_sin.1)
                  00005f14    0000000a            : sprintf.c.obj (.text._outc)
                  00005f1e    00000002     --HOLE-- [fill = 0]
                  00005f20    00000008     libclang_rt.builtins.a : aeabi_memcpy.S.obj (.text.__aeabi_memcpy)
                  00005f28    00000006     libc.a : k_cos.c.obj (.text.OUTLINED_FUNCTION_0)
                  00005f2e    00000002     --HOLE-- [fill = 0]
                  00005f30    00000010     libclang_rt.builtins.a : muldf3.S.obj (.tramp.__aeabi_dmul.1)
                  00005f40    00000006     libc.a : k_sin.c.obj (.text.OUTLINED_FUNCTION_0)
                  00005f46    00000006            : s_cos.c.obj (.text.OUTLINED_FUNCTION_1)
                  00005f4c    00000006            : s_sin.c.obj (.text.OUTLINED_FUNCTION_1)
                  00005f52    00000006            : s_cos.c.obj (.text.OUTLINED_FUNCTION_3)
                  00005f58    00000006            : s_sin.c.obj (.text.OUTLINED_FUNCTION_3)
                  00005f5e    00000006            : s_cos.c.obj (.text.OUTLINED_FUNCTION_5)
                  00005f64    00000006            : s_sin.c.obj (.text.OUTLINED_FUNCTION_5)
                  00005f6a    00000004            : s_cos.c.obj (.text.OUTLINED_FUNCTION_2)
                  00005f6e    00000004            : s_sin.c.obj (.text.OUTLINED_FUNCTION_2)
                  00005f72    00000004            : s_cos.c.obj (.text.OUTLINED_FUNCTION_4)
                  00005f76    00000004            : s_sin.c.obj (.text.OUTLINED_FUNCTION_4)
                  00005f7a    00000004     startup_mspm0g350x_ticlang.o (.text.Reset_Handler)
                  00005f7e    00000004     libc.a : pre_init.c.obj (.text._system_pre_init)
                  00005f82    00000004            : exit.c.obj (.text:abort)
                  00005f86    0000000a     --HOLE-- [fill = 0]

.cinit     0    00008ad0    00000038     
                  00008ad0    0000000d     (.cinit..data.load) [load image, compression = lzss]
                  00008add    00000003     --HOLE-- [fill = 0]
                  00008ae0    0000000c     (__TI_handler_table)
                  00008aec    00000008     (.cinit..bss.load) [load image, compression = zero_init]
                  00008af4    00000010     (__TI_cinit_table)
                  00008b04    00000004     --HOLE-- [fill = 0]

.rodata    0    00005f90    00002b40     
                  00005f90    00002000     2024NUEDC.o (.rodata.Ham_02048)
                  00007f90    000005f0     oled.o (.rodata.F8X16)
                  00008580    00000228     oled.o (.rodata.F6x8)
                  000087a8    00000108     libc.a : k_rem_pio2.c.obj (.rodata.ipio2)
                  000088b0    00000101            : aeabi_ctype.S.obj (.rodata:__aeabi_ctype_table_)
                  000089b1    00000002     ti_msp_dl_config.o (.rodata.gI2C_OLEDClockConfig)
                  000089b3    00000001     --HOLE-- [fill = 0]
                  000089b4    00000058     2024NUEDC.o (.rodata.res_Af_coeffCali)
                  00008a0c    00000004     --HOLE-- [fill = 0]
                  00008a10    00000040     libc.a : k_rem_pio2.c.obj (.rodata.PIo2)
                  00008a50    00000013     2024NUEDC.o (.rodata.str1.154845113543242430391)
                  00008a63    00000011     2024NUEDC.o (.rodata.str1.108539083448369711261)
                  00008a74    00000011     libc.a : _printfi.c.obj (.rodata.str1.11645776875810915891)
                  00008a85    00000011            : _printfi.c.obj (.rodata.str1.44690500295887128011)
                  00008a96    00000002     --HOLE-- [fill = 0]
                  00008a98    00000010            : k_rem_pio2.c.obj (.rodata.cst16)
                  00008aa8    0000000c     2024NUEDC.o (.rodata.str1.158667471136297049921)
                  00008ab4    00000009     2024NUEDC.o (.rodata.str1.51889910553768966311)
                  00008abd    00000003     --HOLE-- [fill = 0]
                  00008ac0    00000008     ti_msp_dl_config.o (.rodata.gADC0ClockConfig)
                  00008ac8    00000008     --HOLE-- [fill = 0]

.init_array 
*          0    00000000    00000000     UNINITIALIZED

.binit     0    00000000    00000000     

.data      0    20200000    0000401c     UNINITIALIZED
                  20200000    00004000     fft.o (.data.complexBuffer)
                  20204000    00000004     libc.a : aeabi_portable.c.obj (.data.__aeabi_errno)
                  20204004    00000004     2024NUEDC.o (.data.res_N)
                  20204008    00000004     2024NUEDC.o (.data.res_P)
                  2020400c    00000004     2024NUEDC.o (.data.res_PF)
                  20204010    00000004     2024NUEDC.o (.data.res_THD)
                  20204014    00000004     2024NUEDC.o (.data.res_rms_I)
                  20204018    00000004     2024NUEDC.o (.data.res_rms_U)

.bss       0    2020401c    000020c1     UNINITIALIZED
                  2020401c    00001000     (.common:AdcResult_I)
                  2020501c    00001000     (.common:AdcResult_U)
                  2020601c    00000058     (.common:res_Af)
                  20206074    00000058     (.common:res_AfAf)
                  202060cc    00000004     (.common:P)
                  202060d0    00000004     (.common:baseI)
                  202060d4    00000004     (.common:cntI)
                  202060d8    00000004     (.common:maxData)
                  202060dc    00000001     (.common:ADC_conv_cplt_flag)

.stack     0    20207e00    00000200     UNINITIALIZED
                  20207e00    00000004     libc.a : boot_cortex_m.c.obj (.stack)
                  20207e04    000001fc     --HOLE--

__llvm_prf_cnts 
*          0    20200000    00000000     UNINITIALIZED

__llvm_prf_bits 
*          0    20200000    00000000     UNINITIALIZED

MODULE SUMMARY

       Module                         code    ro data   rw data
       ------                         ----    -------   -------
    .\
       2024NUEDC.o                    2072    8337      8409   
       ti_msp_dl_config.o             392     10        0      
       startup_mspm0g350x_ticlang.o   6       192       0      
    +--+------------------------------+-------+---------+---------+
       Total:                         2470    8539      8409   
                                                               
    .\bsp\
       fft.o                          1194    0         16384  
       oled.o                         4706    2072      0      
       calculate.o                    1724    0         0      
    +--+------------------------------+-------+---------+---------+
       Total:                         7624    2072      16384  
                                                               
    D:/A_Scholastic/33/ti/mspm0_sdk_2_04_00_06/source/ti/driverlib/lib/ticlang/m0p/mspm0g1x0x_g3x0x/driverlib.a
       dl_i2c.o                       132     0         0      
       dl_adc12.o                     64      0         0      
       dl_common.o                    10      0         0      
    +--+------------------------------+-------+---------+---------+
       Total:                         206     0         0      
                                                               
    D:\ccstheia141\ccs\tools\compiler\ti-cgt-armllvm_3.2.2.LTS\lib\armv6m-ti-none-eabi/c/libc.a
       _printfi.c.obj                 4558    34        0      
       k_rem_pio2.c.obj               1670    344       0      
       s_sin.c.obj                    1152    0         0      
       s_cos.c.obj                    1138    0         0      
       e_sqrt.c.obj                   388     0         0      
       k_sin.c.obj                    382     0         0      
       k_cos.c.obj                    342     0         0      
       s_floor.c.obj                  324     0         0      
       aeabi_ctype.S.obj              0       257       0      
       s_scalbn.c.obj                 216     0         0      
       memcpy16.S.obj                 154     0         0      
       copy_decompress_lzss.c.obj     120     0         0      
       memset16.S.obj                 98      0         0      
       s_frexp.c.obj                  92      0         0      
       sprintf.c.obj                  90      0         0      
       _ltoa.c.obj                    88      0         0      
       atoi.c.obj                     64      0         0      
       autoinit.c.obj                 60      0         0      
       boot_cortex_m.c.obj            40      0         0      
       memccpy.c.obj                  34      0         0      
       copy_decompress_none.c.obj     18      0         0      
       copy_zero_init.c.obj           16      0         0      
       wcslen.c.obj                   16      0         0      
       aeabi_portable.c.obj           8       0         4      
       exit.c.obj                     4       0         0      
       pre_init.c.obj                 4       0         0      
    +--+------------------------------+-------+---------+---------+
       Total:                         11076   635       4      
                                                               
    D:\ccstheia141\ccs\tools\compiler\ti-cgt-armllvm_3.2.2.LTS\lib\clang/15.0.7/lib/armv6m-ti-none-eabi/libclang_rt.builtins.a
       adddf3.S.obj                   434     0         0      
       divdf3.S.obj                   268     0         0      
       muldf3.S.obj                   244     0         0      
       comparedf2.c.obj               220     0         0      
       addsf3.S.obj                   216     0         0      
       udivmoddi4.S.obj               162     0         0      
       mulsf3.S.obj                   140     0         0      
       divsf3.S.obj                   130     0         0      
       comparesf2.S.obj               118     0         0      
       truncdfsf2.S.obj               116     0         0      
       aeabi_dcmp.S.obj               98      0         0      
       aeabi_fcmp.S.obj               98      0         0      
       aeabi_idivmod.S.obj            86      0         0      
       fixdfsi.S.obj                  74      0         0      
       aeabi_uidivmod.S.obj           64      0         0      
       extendsfdf2.S.obj              64      0         0      
       floatsisf.S.obj                60      0         0      
       muldsi3.S.obj                  58      0         0      
       floatsidf.S.obj                44      0         0      
       floatunsisf.S.obj              40      0         0      
       muldi3.S.obj                   36      0         0      
       ashldi3.S.obj                  30      0         0      
       aeabi_memset.S.obj             26      0         0      
       aeabi_uldivmod.S.obj           20      0         0      
       aeabi_memcpy.S.obj             8       0         0      
       aeabi_div0.c.obj               4       0         0      
    +--+------------------------------+-------+---------+---------+
       Total:                         2858    0         0      
                                                               
       Stack:                         0       0         512    
       Linker Generated:              0       49        0      
    +--+------------------------------+-------+---------+---------+
       Grand Total:                   24234   11295     25309  


LINKER GENERATED COPY TABLES

__TI_cinit_table @ 00008af4 records: 2, size/record: 8, table size: 16
	.data: load addr=00008ad0, load size=0000000d bytes, run addr=20200000, run size=0000401c bytes, compression=lzss
	.bss: load addr=00008aec, load size=00000008 bytes, run addr=2020401c, run size=000020c1 bytes, compression=zero_init


LINKER GENERATED HANDLER TABLE

__TI_handler_table @ 00008ae0 records: 3, size/record: 4, table size: 12
	index: 0, handler: __TI_decompress_lzss
	index: 1, handler: __TI_decompress_none
	index: 2, handler: __TI_zero_init


FAR CALL TRAMPOLINES

callee name               trampoline name
   callee addr  tramp addr   call addr  call info
--------------  -----------  ---------  ----------------
__aeabi_dadd              $Tramp$TT$L$PI$$__aeabi_dadd
   00003d13     00005dfc     00005df8   libc.a : k_rem_pio2.c.obj (.text.OUTLINED_FUNCTION_0)
                             00005ef8          : k_rem_pio2.c.obj (.text.OUTLINED_FUNCTION_1)
                             00005f4a          : s_cos.c.obj (.text.OUTLINED_FUNCTION_1)
                             00005f50          : s_sin.c.obj (.text.OUTLINED_FUNCTION_1)
                             00005f6c          : s_cos.c.obj (.text.OUTLINED_FUNCTION_2)
                             00005f70          : s_sin.c.obj (.text.OUTLINED_FUNCTION_2)
__aeabi_dsub              $Tramp$TT$L$PI$$__aeabi_dsub
   00003d09     00005e74     00005e72   libc.a : s_cos.c.obj (.text.OUTLINED_FUNCTION_0)
                             00005e90          : s_sin.c.obj (.text.OUTLINED_FUNCTION_0)
                             00005ee4          : _printfi.c.obj (.text.OUTLINED_FUNCTION_0)
                             00005f62          : s_cos.c.obj (.text.OUTLINED_FUNCTION_5)
                             00005f68          : s_sin.c.obj (.text.OUTLINED_FUNCTION_5)
                             00005f74          : s_cos.c.obj (.text.OUTLINED_FUNCTION_4)
                             00005f78          : s_sin.c.obj (.text.OUTLINED_FUNCTION_4)
__kernel_sin              $Tramp$TT$L$PI$$__kernel_sin
   000041a1     00005f04     00005f02   libc.a : s_cos.c.obj (.text.OUTLINED_FUNCTION_6)
__aeabi_dmul              $Tramp$TT$L$PI$$__aeabi_dmul
   00004ce9     00005f30     00005f2c   libc.a : k_cos.c.obj (.text.OUTLINED_FUNCTION_0)
                             00005f44          : k_sin.c.obj (.text.OUTLINED_FUNCTION_0)
                             00005f56          : s_cos.c.obj (.text.OUTLINED_FUNCTION_3)
                             00005f5c          : s_sin.c.obj (.text.OUTLINED_FUNCTION_3)

[4 trampolines]
[18 trampoline calls]


GLOBAL SYMBOLS: SORTED ALPHABETICALLY BY Name 

address   name                          
-------   ----                          
00005d99  ADC0_IRQHandler               
00003e9b  ADC1_IRQHandler               
202060dc  ADC_conv_cplt_flag            
00003e9b  AES_IRQHandler                
2020401c  AdcResult_I                   
2020501c  AdcResult_U                   
00005f82  C$$EXIT                       
00003e9b  CANFD0_IRQHandler             
00003e9b  DAC0_IRQHandler               
00005955  DL_ADC12_setClockConfig       
00005ec9  DL_Common_delayCycles         
00005641  DL_I2C_fillControllerTXFIFO   
00005ce5  DL_I2C_setClockConfig         
00003e9b  DMA_IRQHandler                
00003e9b  Default_Handler               
00008580  F6x8                          
00007f90  F8X16                         
00002fc5  FFT                           
00003e9b  GROUP0_IRQHandler             
00003e9b  GROUP1_IRQHandler             
00005f90  Ham_02048                     
00003e9b  HardFault_Handler             
00003e9b  I2C0_IRQHandler               
00003e9b  I2C1_IRQHandler               
00003e9b  NMI_Handler                   
00005ed3  OLED_CLS                      
00003661  OLED_Fill                     
000000c1  OLED_Init                     
00004985  OLED_SetPos                   
00002c5d  OLED_ShowChar                 
0000569f  OLED_ShowString               
202060cc  P                             
00003e9b  PendSV_Handler                
00003e9b  RTC_IRQHandler                
000045b9  RemoveDCBias                  
00005f7b  Reset_Handler                 
00003e9b  SPI0_IRQHandler               
00003e9b  SPI1_IRQHandler               
00003e9b  SVC_Handler                   
00005269  SYSCFG_DL_ADC0_init           
00005d0d  SYSCFG_DL_GPIO_init           
00005861  SYSCFG_DL_I2C_OLED_init       
00005995  SYSCFG_DL_SYSCTL_init         
00005db5  SYSCFG_DL_init                
000059d5  SYSCFG_DL_initPower           
00003e9b  SysTick_Handler               
00003e9b  TIMA0_IRQHandler              
00003e9b  TIMA1_IRQHandler              
00003e9b  TIMG0_IRQHandler              
00003e9b  TIMG12_IRQHandler             
00003e9b  TIMG6_IRQHandler              
00003e9b  TIMG7_IRQHandler              
00003e9b  TIMG8_IRQHandler              
00003e9b  UART0_IRQHandler              
00003e9b  UART1_IRQHandler              
00003e9b  UART2_IRQHandler              
00003e9b  UART3_IRQHandler              
20208000  __STACK_END                   
00000200  __STACK_SIZE                  
00000000  __TI_ATRegion0_region_sz      
00000000  __TI_ATRegion0_src_addr       
00000000  __TI_ATRegion0_trg_addr       
00000000  __TI_ATRegion1_region_sz      
00000000  __TI_ATRegion1_src_addr       
00000000  __TI_ATRegion1_trg_addr       
00000000  __TI_ATRegion2_region_sz      
00000000  __TI_ATRegion2_src_addr       
00000000  __TI_ATRegion2_trg_addr       
00008af4  __TI_CINIT_Base               
00008b04  __TI_CINIT_Limit              
00008b04  __TI_CINIT_Warm               
00008ae0  __TI_Handler_Table_Base       
00008aec  __TI_Handler_Table_Limit      
00005b4d  __TI_auto_init_nobinit_nopinit
000052e1  __TI_decompress_lzss          
00005e35  __TI_decompress_none          
00005759  __TI_ltoa                     
ffffffff  __TI_pprof_out_hndl           
00000b71  __TI_printfi                  
ffffffff  __TI_prof_data_size           
ffffffff  __TI_prof_data_start          
00000000  __TI_static_base__            
00005e57  __TI_zero_init                
00003d13  __adddf3                      
00004eaf  __addsf3                      
000088b0  __aeabi_ctype_table_          
000088b0  __aeabi_ctype_table_C         
00005361  __aeabi_d2f                   
00005909  __aeabi_d2iz                  
00003d13  __aeabi_dadd                  
00005519  __aeabi_dcmpeq                
00005555  __aeabi_dcmpge                
00005569  __aeabi_dcmpgt                
00005541  __aeabi_dcmple                
0000552d  __aeabi_dcmplt                
00004bdd  __aeabi_ddiv                  
00004ce9  __aeabi_dmul                  
00003d09  __aeabi_dsub                  
20204000  __aeabi_errno                 
00005359  __aeabi_errno_addr            
00005a55  __aeabi_f2d                   
00004eaf  __aeabi_fadd                  
0000557d  __aeabi_fcmpeq                
000055b9  __aeabi_fcmpge                
000055cd  __aeabi_fcmpgt                
000055a5  __aeabi_fcmple                
00005591  __aeabi_fcmplt                
000051e5  __aeabi_fdiv                  
00005159  __aeabi_fmul                  
00004ea5  __aeabi_fsub                  
00005c69  __aeabi_i2d                   
00005ad5  __aeabi_i2f                   
00005809  __aeabi_idiv                  
00004703  __aeabi_idiv0                 
00005809  __aeabi_idivmod               
00005267  __aeabi_ldiv0                 
00005d79  __aeabi_llsl                  
00005d31  __aeabi_lmul                  
00005ebd  __aeabi_memclr                
00005ebd  __aeabi_memclr4               
00005ebd  __aeabi_memclr8               
00005f21  __aeabi_memcpy                
00005f21  __aeabi_memcpy4               
00005f21  __aeabi_memcpy8               
00005ea1  __aeabi_memset                
00005ea1  __aeabi_memset4               
00005ea1  __aeabi_memset8               
00005c95  __aeabi_ui2f                  
00005a15  __aeabi_uidiv                 
00005a15  __aeabi_uidivmod              
00005e0d  __aeabi_uldivmod              
00005d79  __ashldi3                     
ffffffff  __binit__                     
00005445  __cmpdf2                      
00005b89  __cmpsf2                      
00004bdd  __divdf3                      
000051e5  __divsf3                      
00005445  __eqdf2                       
00005b89  __eqsf2                       
00005a55  __extendsfdf2                 
00005909  __fixdfsi                     
00005c69  __floatsidf                   
00005ad5  __floatsisf                   
00005c95  __floatunsisf                 
000053d5  __gedf2                       
00005b11  __gesf2                       
000053d5  __gtdf2                       
00005b11  __gtsf2                       
00004469  __kernel_cos                  
00001d6d  __kernel_rem_pio2             
000041a1  __kernel_sin                  
00005445  __ledf2                       
00005b89  __lesf2                       
00005445  __ltdf2                       
00005b89  __ltsf2                       
UNDEFED   __mpu_init                    
00004ce9  __muldf3                      
00005d31  __muldi3                      
00005bc5  __muldsi3                     
00005159  __mulsf3                      
00005445  __nedf2                       
00005b89  __nesf2                       
20207e00  __stack                       
20200000  __start___llvm_prf_bits       
20200000  __start___llvm_prf_cnts       
20200000  __stop___llvm_prf_bits        
20200000  __stop___llvm_prf_cnts        
00003d09  __subdf3                      
00004ea5  __subsf3                      
00005361  __truncdfsf2                  
00004f7d  __udivmoddi4                  
00005cbd  _c_int00_noargs               
UNDEFED   _system_post_cinit            
00005f7f  _system_pre_init              
00005f83  abort                         
00005a95  atoi                          
202060d0  baseI                         
ffffffff  binit                         
0000501f  calculate_avg                 
00003325  calculate_power_factor        
00004309  calculate_rms_dc_removed      
202060d4  cntI                          
20200000  complexBuffer                 
0000281d  cos                           
0000281d  cosl                          
00004705  floor                         
00004705  floorl                        
000056fd  frexp                         
000056fd  frexpl                        
00000000  interruptVectors              
00004dcd  ldexp                         
00004dcd  ldexpl                        
00001571  main                          
00004021  max115                        
202060d8  maxData                       
00005d55  memccpy                       
000050bf  memcpy                        
000055df  memset                        
2020601c  res_Af                        
20206074  res_AfAf                      
000089b4  res_Af_coeffCali              
20204004  res_N                         
20204008  res_P                         
2020400c  res_PF                        
20204010  res_THD                       
20204014  res_rms_I                     
20204018  res_rms_U                     
00004dcd  scalbn                        
00004dcd  scalbnl                       
000023c5  sin                           
000023c5  sinl                          
00005c01  sprintf                       
00003e9d  sqrt                          
00003e9d  sqrtl                         
00005e47  wcslen                        


GLOBAL SYMBOLS: SORTED BY Symbol Address 

address   name                          
-------   ----                          
00000000  __TI_ATRegion0_region_sz      
00000000  __TI_ATRegion0_src_addr       
00000000  __TI_ATRegion0_trg_addr       
00000000  __TI_ATRegion1_region_sz      
00000000  __TI_ATRegion1_src_addr       
00000000  __TI_ATRegion1_trg_addr       
00000000  __TI_ATRegion2_region_sz      
00000000  __TI_ATRegion2_src_addr       
00000000  __TI_ATRegion2_trg_addr       
00000000  __TI_static_base__            
00000000  interruptVectors              
000000c1  OLED_Init                     
00000200  __STACK_SIZE                  
00000b71  __TI_printfi                  
00001571  main                          
00001d6d  __kernel_rem_pio2             
000023c5  sin                           
000023c5  sinl                          
0000281d  cos                           
0000281d  cosl                          
00002c5d  OLED_ShowChar                 
00002fc5  FFT                           
00003325  calculate_power_factor        
00003661  OLED_Fill                     
00003d09  __aeabi_dsub                  
00003d09  __subdf3                      
00003d13  __adddf3                      
00003d13  __aeabi_dadd                  
00003e9b  ADC1_IRQHandler               
00003e9b  AES_IRQHandler                
00003e9b  CANFD0_IRQHandler             
00003e9b  DAC0_IRQHandler               
00003e9b  DMA_IRQHandler                
00003e9b  Default_Handler               
00003e9b  GROUP0_IRQHandler             
00003e9b  GROUP1_IRQHandler             
00003e9b  HardFault_Handler             
00003e9b  I2C0_IRQHandler               
00003e9b  I2C1_IRQHandler               
00003e9b  NMI_Handler                   
00003e9b  PendSV_Handler                
00003e9b  RTC_IRQHandler                
00003e9b  SPI0_IRQHandler               
00003e9b  SPI1_IRQHandler               
00003e9b  SVC_Handler                   
00003e9b  SysTick_Handler               
00003e9b  TIMA0_IRQHandler              
00003e9b  TIMA1_IRQHandler              
00003e9b  TIMG0_IRQHandler              
00003e9b  TIMG12_IRQHandler             
00003e9b  TIMG6_IRQHandler              
00003e9b  TIMG7_IRQHandler              
00003e9b  TIMG8_IRQHandler              
00003e9b  UART0_IRQHandler              
00003e9b  UART1_IRQHandler              
00003e9b  UART2_IRQHandler              
00003e9b  UART3_IRQHandler              
00003e9d  sqrt                          
00003e9d  sqrtl                         
00004021  max115                        
000041a1  __kernel_sin                  
00004309  calculate_rms_dc_removed      
00004469  __kernel_cos                  
000045b9  RemoveDCBias                  
00004703  __aeabi_idiv0                 
00004705  floor                         
00004705  floorl                        
00004985  OLED_SetPos                   
00004bdd  __aeabi_ddiv                  
00004bdd  __divdf3                      
00004ce9  __aeabi_dmul                  
00004ce9  __muldf3                      
00004dcd  ldexp                         
00004dcd  ldexpl                        
00004dcd  scalbn                        
00004dcd  scalbnl                       
00004ea5  __aeabi_fsub                  
00004ea5  __subsf3                      
00004eaf  __addsf3                      
00004eaf  __aeabi_fadd                  
00004f7d  __udivmoddi4                  
0000501f  calculate_avg                 
000050bf  memcpy                        
00005159  __aeabi_fmul                  
00005159  __mulsf3                      
000051e5  __aeabi_fdiv                  
000051e5  __divsf3                      
00005267  __aeabi_ldiv0                 
00005269  SYSCFG_DL_ADC0_init           
000052e1  __TI_decompress_lzss          
00005359  __aeabi_errno_addr            
00005361  __aeabi_d2f                   
00005361  __truncdfsf2                  
000053d5  __gedf2                       
000053d5  __gtdf2                       
00005445  __cmpdf2                      
00005445  __eqdf2                       
00005445  __ledf2                       
00005445  __ltdf2                       
00005445  __nedf2                       
00005519  __aeabi_dcmpeq                
0000552d  __aeabi_dcmplt                
00005541  __aeabi_dcmple                
00005555  __aeabi_dcmpge                
00005569  __aeabi_dcmpgt                
0000557d  __aeabi_fcmpeq                
00005591  __aeabi_fcmplt                
000055a5  __aeabi_fcmple                
000055b9  __aeabi_fcmpge                
000055cd  __aeabi_fcmpgt                
000055df  memset                        
00005641  DL_I2C_fillControllerTXFIFO   
0000569f  OLED_ShowString               
000056fd  frexp                         
000056fd  frexpl                        
00005759  __TI_ltoa                     
00005809  __aeabi_idiv                  
00005809  __aeabi_idivmod               
00005861  SYSCFG_DL_I2C_OLED_init       
00005909  __aeabi_d2iz                  
00005909  __fixdfsi                     
00005955  DL_ADC12_setClockConfig       
00005995  SYSCFG_DL_SYSCTL_init         
000059d5  SYSCFG_DL_initPower           
00005a15  __aeabi_uidiv                 
00005a15  __aeabi_uidivmod              
00005a55  __aeabi_f2d                   
00005a55  __extendsfdf2                 
00005a95  atoi                          
00005ad5  __aeabi_i2f                   
00005ad5  __floatsisf                   
00005b11  __gesf2                       
00005b11  __gtsf2                       
00005b4d  __TI_auto_init_nobinit_nopinit
00005b89  __cmpsf2                      
00005b89  __eqsf2                       
00005b89  __lesf2                       
00005b89  __ltsf2                       
00005b89  __nesf2                       
00005bc5  __muldsi3                     
00005c01  sprintf                       
00005c69  __aeabi_i2d                   
00005c69  __floatsidf                   
00005c95  __aeabi_ui2f                  
00005c95  __floatunsisf                 
00005cbd  _c_int00_noargs               
00005ce5  DL_I2C_setClockConfig         
00005d0d  SYSCFG_DL_GPIO_init           
00005d31  __aeabi_lmul                  
00005d31  __muldi3                      
00005d55  memccpy                       
00005d79  __aeabi_llsl                  
00005d79  __ashldi3                     
00005d99  ADC0_IRQHandler               
00005db5  SYSCFG_DL_init                
00005e0d  __aeabi_uldivmod              
00005e35  __TI_decompress_none          
00005e47  wcslen                        
00005e57  __TI_zero_init                
00005ea1  __aeabi_memset                
00005ea1  __aeabi_memset4               
00005ea1  __aeabi_memset8               
00005ebd  __aeabi_memclr                
00005ebd  __aeabi_memclr4               
00005ebd  __aeabi_memclr8               
00005ec9  DL_Common_delayCycles         
00005ed3  OLED_CLS                      
00005f21  __aeabi_memcpy                
00005f21  __aeabi_memcpy4               
00005f21  __aeabi_memcpy8               
00005f7b  Reset_Handler                 
00005f7f  _system_pre_init              
00005f82  C$$EXIT                       
00005f83  abort                         
00005f90  Ham_02048                     
00007f90  F8X16                         
00008580  F6x8                          
000088b0  __aeabi_ctype_table_          
000088b0  __aeabi_ctype_table_C         
000089b4  res_Af_coeffCali              
00008ae0  __TI_Handler_Table_Base       
00008aec  __TI_Handler_Table_Limit      
00008af4  __TI_CINIT_Base               
00008b04  __TI_CINIT_Limit              
00008b04  __TI_CINIT_Warm               
20200000  __start___llvm_prf_bits       
20200000  __start___llvm_prf_cnts       
20200000  __stop___llvm_prf_bits        
20200000  __stop___llvm_prf_cnts        
20200000  complexBuffer                 
20204000  __aeabi_errno                 
20204004  res_N                         
20204008  res_P                         
2020400c  res_PF                        
20204010  res_THD                       
20204014  res_rms_I                     
20204018  res_rms_U                     
2020401c  AdcResult_I                   
2020501c  AdcResult_U                   
2020601c  res_Af                        
20206074  res_AfAf                      
202060cc  P                             
202060d0  baseI                         
202060d4  cntI                          
202060d8  maxData                       
202060dc  ADC_conv_cplt_flag            
20207e00  __stack                       
20208000  __STACK_END                   
ffffffff  __TI_pprof_out_hndl           
ffffffff  __TI_prof_data_size           
ffffffff  __TI_prof_data_start          
ffffffff  __binit__                     
ffffffff  binit                         
UNDEFED   __mpu_init                    
UNDEFED   _system_post_cinit            

[215 symbols]
