<?xml version="1.0" encoding="ISO-8859-1" ?>
<link_info>
   <banner>TI ARM Clang Linker PC v3.2.2.LTS</banner>
   <copyright>Copyright (c) 1996-2018 Texas Instruments Incorporated</copyright>
   <link_time>0x687b8511</link_time>
   <link_errors>0x0</link_errors>
   <output_file>D:\A_Scholastic\33\workspace1\2024NUEDC\Debug\2024NUEDC.out</output_file>
   <entry_point>
      <name>_c_int00_noargs</name>
      <address>0x4931</address>
   </entry_point>
   <input_file_list>
      <input_file id="fl-1">
         <path>D:\A_Scholastic\33\workspace1\2024NUEDC\Debug\.\</path>
         <kind>object</kind>
         <file>2024NUEDC.o</file>
         <name>2024NUEDC.o</name>
      </input_file>
      <input_file id="fl-2">
         <path>D:\A_Scholastic\33\workspace1\2024NUEDC\Debug\.\</path>
         <kind>object</kind>
         <file>ti_msp_dl_config.o</file>
         <name>ti_msp_dl_config.o</name>
      </input_file>
      <input_file id="fl-3">
         <path>D:\A_Scholastic\33\workspace1\2024NUEDC\Debug\.\</path>
         <kind>object</kind>
         <file>startup_mspm0g350x_ticlang.o</file>
         <name>startup_mspm0g350x_ticlang.o</name>
      </input_file>
      <input_file id="fl-4">
         <path>D:\A_Scholastic\33\workspace1\2024NUEDC\Debug\.\bsp\</path>
         <kind>object</kind>
         <file>calculate.o</file>
         <name>calculate.o</name>
      </input_file>
      <input_file id="fl-5">
         <path>D:\A_Scholastic\33\workspace1\2024NUEDC\Debug\.\bsp\</path>
         <kind>object</kind>
         <file>fft.o</file>
         <name>fft.o</name>
      </input_file>
      <input_file id="fl-6">
         <path>D:\A_Scholastic\33\workspace1\2024NUEDC\Debug\.\bsp\</path>
         <kind>object</kind>
         <file>oled.o</file>
         <name>oled.o</name>
      </input_file>
      <input_file id="fl-13">
         <path>D:\A_Scholastic\33\workspace1\2024NUEDC\Debug\</path>
         <kind>object</kind>
         <file>&lt;internal&gt;</file>
         <name>&lt;internal&gt;</name>
      </input_file>
      <input_file id="fl-14">
         <path>D:\A_Scholastic\33\ti\mspm0_sdk_2_04_00_06\source\ti\driverlib\lib\ticlang\m0p\mspm0g1x0x_g3x0x\</path>
         <kind>archive</kind>
         <file>driverlib.a</file>
         <name>dl_adc12.o</name>
      </input_file>
      <input_file id="fl-15">
         <path>D:\A_Scholastic\33\ti\mspm0_sdk_2_04_00_06\source\ti\driverlib\lib\ticlang\m0p\mspm0g1x0x_g3x0x\</path>
         <kind>archive</kind>
         <file>driverlib.a</file>
         <name>dl_common.o</name>
      </input_file>
      <input_file id="fl-16">
         <path>D:\A_Scholastic\33\ti\mspm0_sdk_2_04_00_06\source\ti\driverlib\lib\ticlang\m0p\mspm0g1x0x_g3x0x\</path>
         <kind>archive</kind>
         <file>driverlib.a</file>
         <name>dl_i2c.o</name>
      </input_file>
      <input_file id="fl-25">
         <path>D:\ccstheia141\ccs\tools\compiler\ti-cgt-armllvm_3.2.2.LTS\lib\armv6m-ti-none-eabi\c\</path>
         <kind>archive</kind>
         <file>libc.a</file>
         <name>sprintf.c.obj</name>
      </input_file>
      <input_file id="fl-26">
         <path>D:\ccstheia141\ccs\tools\compiler\ti-cgt-armllvm_3.2.2.LTS\lib\armv6m-ti-none-eabi\c\</path>
         <kind>archive</kind>
         <file>libc.a</file>
         <name>e_sqrt.c.obj</name>
      </input_file>
      <input_file id="fl-27">
         <path>D:\ccstheia141\ccs\tools\compiler\ti-cgt-armllvm_3.2.2.LTS\lib\armv6m-ti-none-eabi\c\</path>
         <kind>archive</kind>
         <file>libc.a</file>
         <name>s_cos.c.obj</name>
      </input_file>
      <input_file id="fl-28">
         <path>D:\ccstheia141\ccs\tools\compiler\ti-cgt-armllvm_3.2.2.LTS\lib\armv6m-ti-none-eabi\c\</path>
         <kind>archive</kind>
         <file>libc.a</file>
         <name>s_sin.c.obj</name>
      </input_file>
      <input_file id="fl-29">
         <path>D:\ccstheia141\ccs\tools\compiler\ti-cgt-armllvm_3.2.2.LTS\lib\armv6m-ti-none-eabi\c\</path>
         <kind>archive</kind>
         <file>libc.a</file>
         <name>aeabi_portable.c.obj</name>
      </input_file>
      <input_file id="fl-2a">
         <path>D:\ccstheia141\ccs\tools\compiler\ti-cgt-armllvm_3.2.2.LTS\lib\armv6m-ti-none-eabi\c\</path>
         <kind>archive</kind>
         <file>libc.a</file>
         <name>k_rem_pio2.c.obj</name>
      </input_file>
      <input_file id="fl-2b">
         <path>D:\ccstheia141\ccs\tools\compiler\ti-cgt-armllvm_3.2.2.LTS\lib\armv6m-ti-none-eabi\c\</path>
         <kind>archive</kind>
         <file>libc.a</file>
         <name>assert.c.obj</name>
      </input_file>
      <input_file id="fl-2c">
         <path>D:\ccstheia141\ccs\tools\compiler\ti-cgt-armllvm_3.2.2.LTS\lib\armv6m-ti-none-eabi\c\</path>
         <kind>archive</kind>
         <file>libc.a</file>
         <name>defs.c.obj</name>
      </input_file>
      <input_file id="fl-2d">
         <path>D:\ccstheia141\ccs\tools\compiler\ti-cgt-armllvm_3.2.2.LTS\lib\armv6m-ti-none-eabi\c\</path>
         <kind>archive</kind>
         <file>libc.a</file>
         <name>memory.c.obj</name>
      </input_file>
      <input_file id="fl-2e">
         <path>D:\ccstheia141\ccs\tools\compiler\ti-cgt-armllvm_3.2.2.LTS\lib\armv6m-ti-none-eabi\c\</path>
         <kind>archive</kind>
         <file>libc.a</file>
         <name>boot_cortex_m.c.obj</name>
      </input_file>
      <input_file id="fl-2f">
         <path>D:\ccstheia141\ccs\tools\compiler\ti-cgt-armllvm_3.2.2.LTS\lib\armv6m-ti-none-eabi\c\</path>
         <kind>archive</kind>
         <file>libc.a</file>
         <name>mathacl_init.c.obj</name>
      </input_file>
      <input_file id="fl-30">
         <path>D:\ccstheia141\ccs\tools\compiler\ti-cgt-armllvm_3.2.2.LTS\lib\armv6m-ti-none-eabi\c\</path>
         <kind>archive</kind>
         <file>libc.a</file>
         <name>autoinit.c.obj</name>
      </input_file>
      <input_file id="fl-31">
         <path>D:\ccstheia141\ccs\tools\compiler\ti-cgt-armllvm_3.2.2.LTS\lib\armv6m-ti-none-eabi\c\</path>
         <kind>archive</kind>
         <file>libc.a</file>
         <name>pre_init.c.obj</name>
      </input_file>
      <input_file id="fl-32">
         <path>D:\ccstheia141\ccs\tools\compiler\ti-cgt-armllvm_3.2.2.LTS\lib\armv6m-ti-none-eabi\c\</path>
         <kind>archive</kind>
         <file>libc.a</file>
         <name>cpy_tbl.c.obj</name>
      </input_file>
      <input_file id="fl-33">
         <path>D:\ccstheia141\ccs\tools\compiler\ti-cgt-armllvm_3.2.2.LTS\lib\armv6m-ti-none-eabi\c\</path>
         <kind>archive</kind>
         <file>libc.a</file>
         <name>copy_zero_init.c.obj</name>
      </input_file>
      <input_file id="fl-34">
         <path>D:\ccstheia141\ccs\tools\compiler\ti-cgt-armllvm_3.2.2.LTS\lib\armv6m-ti-none-eabi\c\</path>
         <kind>archive</kind>
         <file>libc.a</file>
         <name>copy_decompress_none.c.obj</name>
      </input_file>
      <input_file id="fl-35">
         <path>D:\ccstheia141\ccs\tools\compiler\ti-cgt-armllvm_3.2.2.LTS\lib\armv6m-ti-none-eabi\c\</path>
         <kind>archive</kind>
         <file>libc.a</file>
         <name>copy_decompress_lzss.c.obj</name>
      </input_file>
      <input_file id="fl-36">
         <path>D:\ccstheia141\ccs\tools\compiler\ti-cgt-armllvm_3.2.2.LTS\lib\armv6m-ti-none-eabi\c\</path>
         <kind>archive</kind>
         <file>libc.a</file>
         <name>_printfi.c.obj</name>
      </input_file>
      <input_file id="fl-37">
         <path>D:\ccstheia141\ccs\tools\compiler\ti-cgt-armllvm_3.2.2.LTS\lib\armv6m-ti-none-eabi\c\</path>
         <kind>archive</kind>
         <file>libc.a</file>
         <name>fflush.c.obj</name>
      </input_file>
      <input_file id="fl-38">
         <path>D:\ccstheia141\ccs\tools\compiler\ti-cgt-armllvm_3.2.2.LTS\lib\armv6m-ti-none-eabi\c\</path>
         <kind>archive</kind>
         <file>libc.a</file>
         <name>fputs.c.obj</name>
      </input_file>
      <input_file id="fl-39">
         <path>D:\ccstheia141\ccs\tools\compiler\ti-cgt-armllvm_3.2.2.LTS\lib\armv6m-ti-none-eabi\c\</path>
         <kind>archive</kind>
         <file>libc.a</file>
         <name>_io_perm.c.obj</name>
      </input_file>
      <input_file id="fl-3a">
         <path>D:\ccstheia141\ccs\tools\compiler\ti-cgt-armllvm_3.2.2.LTS\lib\armv6m-ti-none-eabi\c\</path>
         <kind>archive</kind>
         <file>libc.a</file>
         <name>setvbuf.c.obj</name>
      </input_file>
      <input_file id="fl-3b">
         <path>D:\ccstheia141\ccs\tools\compiler\ti-cgt-armllvm_3.2.2.LTS\lib\armv6m-ti-none-eabi\c\</path>
         <kind>archive</kind>
         <file>libc.a</file>
         <name>k_cos.c.obj</name>
      </input_file>
      <input_file id="fl-3c">
         <path>D:\ccstheia141\ccs\tools\compiler\ti-cgt-armllvm_3.2.2.LTS\lib\armv6m-ti-none-eabi\c\</path>
         <kind>archive</kind>
         <file>libc.a</file>
         <name>k_sin.c.obj</name>
      </input_file>
      <input_file id="fl-3d">
         <path>D:\ccstheia141\ccs\tools\compiler\ti-cgt-armllvm_3.2.2.LTS\lib\armv6m-ti-none-eabi\c\</path>
         <kind>archive</kind>
         <file>libc.a</file>
         <name>s_floor.c.obj</name>
      </input_file>
      <input_file id="fl-3e">
         <path>D:\ccstheia141\ccs\tools\compiler\ti-cgt-armllvm_3.2.2.LTS\lib\armv6m-ti-none-eabi\c\</path>
         <kind>archive</kind>
         <file>libc.a</file>
         <name>s_frexp.c.obj</name>
      </input_file>
      <input_file id="fl-3f">
         <path>D:\ccstheia141\ccs\tools\compiler\ti-cgt-armllvm_3.2.2.LTS\lib\armv6m-ti-none-eabi\c\</path>
         <kind>archive</kind>
         <file>libc.a</file>
         <name>s_scalbn.c.obj</name>
      </input_file>
      <input_file id="fl-40">
         <path>D:\ccstheia141\ccs\tools\compiler\ti-cgt-armllvm_3.2.2.LTS\lib\armv6m-ti-none-eabi\c\</path>
         <kind>archive</kind>
         <file>libc.a</file>
         <name>exit.c.obj</name>
      </input_file>
      <input_file id="fl-41">
         <path>D:\ccstheia141\ccs\tools\compiler\ti-cgt-armllvm_3.2.2.LTS\lib\armv6m-ti-none-eabi\c\</path>
         <kind>archive</kind>
         <file>libc.a</file>
         <name>_lock.c.obj</name>
      </input_file>
      <input_file id="fl-42">
         <path>D:\ccstheia141\ccs\tools\compiler\ti-cgt-armllvm_3.2.2.LTS\lib\armv6m-ti-none-eabi\c\</path>
         <kind>archive</kind>
         <file>libc.a</file>
         <name>_ltoa.c.obj</name>
      </input_file>
      <input_file id="fl-43">
         <path>D:\ccstheia141\ccs\tools\compiler\ti-cgt-armllvm_3.2.2.LTS\lib\armv6m-ti-none-eabi\c\</path>
         <kind>archive</kind>
         <file>libc.a</file>
         <name>args_main.c.obj</name>
      </input_file>
      <input_file id="fl-44">
         <path>D:\ccstheia141\ccs\tools\compiler\ti-cgt-armllvm_3.2.2.LTS\lib\armv6m-ti-none-eabi\c\</path>
         <kind>archive</kind>
         <file>libc.a</file>
         <name>atoi.c.obj</name>
      </input_file>
      <input_file id="fl-45">
         <path>D:\ccstheia141\ccs\tools\compiler\ti-cgt-armllvm_3.2.2.LTS\lib\armv6m-ti-none-eabi\c\</path>
         <kind>archive</kind>
         <file>libc.a</file>
         <name>memccpy.c.obj</name>
      </input_file>
      <input_file id="fl-46">
         <path>D:\ccstheia141\ccs\tools\compiler\ti-cgt-armllvm_3.2.2.LTS\lib\armv6m-ti-none-eabi\c\</path>
         <kind>archive</kind>
         <file>libc.a</file>
         <name>wcslen.c.obj</name>
      </input_file>
      <input_file id="fl-47">
         <path>D:\ccstheia141\ccs\tools\compiler\ti-cgt-armllvm_3.2.2.LTS\lib\armv6m-ti-none-eabi\c\</path>
         <kind>archive</kind>
         <file>libc.a</file>
         <name>fopen.c.obj</name>
      </input_file>
      <input_file id="fl-48">
         <path>D:\ccstheia141\ccs\tools\compiler\ti-cgt-armllvm_3.2.2.LTS\lib\armv6m-ti-none-eabi\c\</path>
         <kind>archive</kind>
         <file>libc.a</file>
         <name>fseek.c.obj</name>
      </input_file>
      <input_file id="fl-49">
         <path>D:\ccstheia141\ccs\tools\compiler\ti-cgt-armllvm_3.2.2.LTS\lib\armv6m-ti-none-eabi\c\</path>
         <kind>archive</kind>
         <file>libc.a</file>
         <name>aeabi_ctype.S.obj</name>
      </input_file>
      <input_file id="fl-4a">
         <path>D:\ccstheia141\ccs\tools\compiler\ti-cgt-armllvm_3.2.2.LTS\lib\armv6m-ti-none-eabi\c\</path>
         <kind>archive</kind>
         <file>libc.a</file>
         <name>fclose.c.obj</name>
      </input_file>
      <input_file id="fl-b0">
         <path>D:\ccstheia141\ccs\tools\compiler\ti-cgt-armllvm_3.2.2.LTS\lib\armv6m-ti-none-eabi\c\</path>
         <kind>archive</kind>
         <file>libsysbm.a</file>
         <name>write.c.obj</name>
      </input_file>
      <input_file id="fl-b1">
         <path>D:\ccstheia141\ccs\tools\compiler\ti-cgt-armllvm_3.2.2.LTS\lib\armv6m-ti-none-eabi\c\</path>
         <kind>archive</kind>
         <file>libsysbm.a</file>
         <name>host_device.c.obj</name>
      </input_file>
      <input_file id="fl-b2">
         <path>D:\ccstheia141\ccs\tools\compiler\ti-cgt-armllvm_3.2.2.LTS\lib\armv6m-ti-none-eabi\c\</path>
         <kind>archive</kind>
         <file>libsysbm.a</file>
         <name>remove.c.obj</name>
      </input_file>
      <input_file id="fl-b3">
         <path>D:\ccstheia141\ccs\tools\compiler\ti-cgt-armllvm_3.2.2.LTS\lib\armv6m-ti-none-eabi\c\</path>
         <kind>archive</kind>
         <file>libsysbm.a</file>
         <name>open.c.obj</name>
      </input_file>
      <input_file id="fl-b4">
         <path>D:\ccstheia141\ccs\tools\compiler\ti-cgt-armllvm_3.2.2.LTS\lib\armv6m-ti-none-eabi\c\</path>
         <kind>archive</kind>
         <file>libsysbm.a</file>
         <name>lseek.c.obj</name>
      </input_file>
      <input_file id="fl-b5">
         <path>D:\ccstheia141\ccs\tools\compiler\ti-cgt-armllvm_3.2.2.LTS\lib\armv6m-ti-none-eabi\c\</path>
         <kind>archive</kind>
         <file>libsysbm.a</file>
         <name>close.c.obj</name>
      </input_file>
      <input_file id="fl-b6">
         <path>D:\ccstheia141\ccs\tools\compiler\ti-cgt-armllvm_3.2.2.LTS\lib\armv6m-ti-none-eabi\c\</path>
         <kind>archive</kind>
         <file>libsysbm.a</file>
         <name>unlink.c.obj</name>
      </input_file>
      <input_file id="fl-b7">
         <path>D:\ccstheia141\ccs\tools\compiler\ti-cgt-armllvm_3.2.2.LTS\lib\armv6m-ti-none-eabi\c\</path>
         <kind>archive</kind>
         <file>libsysbm.a</file>
         <name>hostclose.c.obj</name>
      </input_file>
      <input_file id="fl-b8">
         <path>D:\ccstheia141\ccs\tools\compiler\ti-cgt-armllvm_3.2.2.LTS\lib\armv6m-ti-none-eabi\c\</path>
         <kind>archive</kind>
         <file>libsysbm.a</file>
         <name>hostlseek.c.obj</name>
      </input_file>
      <input_file id="fl-b9">
         <path>D:\ccstheia141\ccs\tools\compiler\ti-cgt-armllvm_3.2.2.LTS\lib\armv6m-ti-none-eabi\c\</path>
         <kind>archive</kind>
         <file>libsysbm.a</file>
         <name>hostopen.c.obj</name>
      </input_file>
      <input_file id="fl-ba">
         <path>D:\ccstheia141\ccs\tools\compiler\ti-cgt-armllvm_3.2.2.LTS\lib\armv6m-ti-none-eabi\c\</path>
         <kind>archive</kind>
         <file>libsysbm.a</file>
         <name>hostread.c.obj</name>
      </input_file>
      <input_file id="fl-bb">
         <path>D:\ccstheia141\ccs\tools\compiler\ti-cgt-armllvm_3.2.2.LTS\lib\armv6m-ti-none-eabi\c\</path>
         <kind>archive</kind>
         <file>libsysbm.a</file>
         <name>hostrename.c.obj</name>
      </input_file>
      <input_file id="fl-bc">
         <path>D:\ccstheia141\ccs\tools\compiler\ti-cgt-armllvm_3.2.2.LTS\lib\armv6m-ti-none-eabi\c\</path>
         <kind>archive</kind>
         <file>libsysbm.a</file>
         <name>hostunlink.c.obj</name>
      </input_file>
      <input_file id="fl-bd">
         <path>D:\ccstheia141\ccs\tools\compiler\ti-cgt-armllvm_3.2.2.LTS\lib\armv6m-ti-none-eabi\c\</path>
         <kind>archive</kind>
         <file>libsysbm.a</file>
         <name>hostwrite.c.obj</name>
      </input_file>
      <input_file id="fl-be">
         <path>D:\ccstheia141\ccs\tools\compiler\ti-cgt-armllvm_3.2.2.LTS\lib\armv6m-ti-none-eabi\c\</path>
         <kind>archive</kind>
         <file>libsysbm.a</file>
         <name>trgmsg.c.obj</name>
      </input_file>
      <input_file id="fl-bf">
         <path>D:\ccstheia141\ccs\tools\compiler\ti-cgt-armllvm_3.2.2.LTS\lib\clang\15.0.7\lib\armv6m-ti-none-eabi\</path>
         <kind>archive</kind>
         <file>libclang_rt.builtins.a</file>
         <name>addsf3.S.obj</name>
      </input_file>
      <input_file id="fl-c0">
         <path>D:\ccstheia141\ccs\tools\compiler\ti-cgt-armllvm_3.2.2.LTS\lib\clang\15.0.7\lib\armv6m-ti-none-eabi\</path>
         <kind>archive</kind>
         <file>libclang_rt.builtins.a</file>
         <name>adddf3.S.obj</name>
      </input_file>
      <input_file id="fl-c1">
         <path>D:\ccstheia141\ccs\tools\compiler\ti-cgt-armllvm_3.2.2.LTS\lib\clang\15.0.7\lib\armv6m-ti-none-eabi\</path>
         <kind>archive</kind>
         <file>libclang_rt.builtins.a</file>
         <name>muldf3.S.obj</name>
      </input_file>
      <input_file id="fl-c2">
         <path>D:\ccstheia141\ccs\tools\compiler\ti-cgt-armllvm_3.2.2.LTS\lib\clang\15.0.7\lib\armv6m-ti-none-eabi\</path>
         <kind>archive</kind>
         <file>libclang_rt.builtins.a</file>
         <name>muldsi3.S.obj</name>
      </input_file>
      <input_file id="fl-c3">
         <path>D:\ccstheia141\ccs\tools\compiler\ti-cgt-armllvm_3.2.2.LTS\lib\clang\15.0.7\lib\armv6m-ti-none-eabi\</path>
         <kind>archive</kind>
         <file>libclang_rt.builtins.a</file>
         <name>mulsf3.S.obj</name>
      </input_file>
      <input_file id="fl-c4">
         <path>D:\ccstheia141\ccs\tools\compiler\ti-cgt-armllvm_3.2.2.LTS\lib\clang\15.0.7\lib\armv6m-ti-none-eabi\</path>
         <kind>archive</kind>
         <file>libclang_rt.builtins.a</file>
         <name>divsf3.S.obj</name>
      </input_file>
      <input_file id="fl-c5">
         <path>D:\ccstheia141\ccs\tools\compiler\ti-cgt-armllvm_3.2.2.LTS\lib\clang\15.0.7\lib\armv6m-ti-none-eabi\</path>
         <kind>archive</kind>
         <file>libclang_rt.builtins.a</file>
         <name>divdf3.S.obj</name>
      </input_file>
      <input_file id="fl-c6">
         <path>D:\ccstheia141\ccs\tools\compiler\ti-cgt-armllvm_3.2.2.LTS\lib\clang\15.0.7\lib\armv6m-ti-none-eabi\</path>
         <kind>archive</kind>
         <file>libclang_rt.builtins.a</file>
         <name>extendsfdf2.S.obj</name>
      </input_file>
      <input_file id="fl-c7">
         <path>D:\ccstheia141\ccs\tools\compiler\ti-cgt-armllvm_3.2.2.LTS\lib\clang\15.0.7\lib\armv6m-ti-none-eabi\</path>
         <kind>archive</kind>
         <file>libclang_rt.builtins.a</file>
         <name>fixdfsi.S.obj</name>
      </input_file>
      <input_file id="fl-c8">
         <path>D:\ccstheia141\ccs\tools\compiler\ti-cgt-armllvm_3.2.2.LTS\lib\clang\15.0.7\lib\armv6m-ti-none-eabi\</path>
         <kind>archive</kind>
         <file>libclang_rt.builtins.a</file>
         <name>fixsfsi.S.obj</name>
      </input_file>
      <input_file id="fl-c9">
         <path>D:\ccstheia141\ccs\tools\compiler\ti-cgt-armllvm_3.2.2.LTS\lib\clang\15.0.7\lib\armv6m-ti-none-eabi\</path>
         <kind>archive</kind>
         <file>libclang_rt.builtins.a</file>
         <name>floatsidf.S.obj</name>
      </input_file>
      <input_file id="fl-ca">
         <path>D:\ccstheia141\ccs\tools\compiler\ti-cgt-armllvm_3.2.2.LTS\lib\clang\15.0.7\lib\armv6m-ti-none-eabi\</path>
         <kind>archive</kind>
         <file>libclang_rt.builtins.a</file>
         <name>floatsisf.S.obj</name>
      </input_file>
      <input_file id="fl-cb">
         <path>D:\ccstheia141\ccs\tools\compiler\ti-cgt-armllvm_3.2.2.LTS\lib\clang\15.0.7\lib\armv6m-ti-none-eabi\</path>
         <kind>archive</kind>
         <file>libclang_rt.builtins.a</file>
         <name>floatunsisf.S.obj</name>
      </input_file>
      <input_file id="fl-cc">
         <path>D:\ccstheia141\ccs\tools\compiler\ti-cgt-armllvm_3.2.2.LTS\lib\clang\15.0.7\lib\armv6m-ti-none-eabi\</path>
         <kind>archive</kind>
         <file>libclang_rt.builtins.a</file>
         <name>muldi3.S.obj</name>
      </input_file>
      <input_file id="fl-cd">
         <path>D:\ccstheia141\ccs\tools\compiler\ti-cgt-armllvm_3.2.2.LTS\lib\clang\15.0.7\lib\armv6m-ti-none-eabi\</path>
         <kind>archive</kind>
         <file>libclang_rt.builtins.a</file>
         <name>truncdfsf2.S.obj</name>
      </input_file>
      <input_file id="fl-ce">
         <path>D:\ccstheia141\ccs\tools\compiler\ti-cgt-armllvm_3.2.2.LTS\lib\clang\15.0.7\lib\armv6m-ti-none-eabi\</path>
         <kind>archive</kind>
         <file>libclang_rt.builtins.a</file>
         <name>aeabi_dcmp.S.obj</name>
      </input_file>
      <input_file id="fl-cf">
         <path>D:\ccstheia141\ccs\tools\compiler\ti-cgt-armllvm_3.2.2.LTS\lib\clang\15.0.7\lib\armv6m-ti-none-eabi\</path>
         <kind>archive</kind>
         <file>libclang_rt.builtins.a</file>
         <name>aeabi_fcmp.S.obj</name>
      </input_file>
      <input_file id="fl-d0">
         <path>D:\ccstheia141\ccs\tools\compiler\ti-cgt-armllvm_3.2.2.LTS\lib\clang\15.0.7\lib\armv6m-ti-none-eabi\</path>
         <kind>archive</kind>
         <file>libclang_rt.builtins.a</file>
         <name>aeabi_idivmod.S.obj</name>
      </input_file>
      <input_file id="fl-d1">
         <path>D:\ccstheia141\ccs\tools\compiler\ti-cgt-armllvm_3.2.2.LTS\lib\clang\15.0.7\lib\armv6m-ti-none-eabi\</path>
         <kind>archive</kind>
         <file>libclang_rt.builtins.a</file>
         <name>aeabi_memcpy.S.obj</name>
      </input_file>
      <input_file id="fl-d2">
         <path>D:\ccstheia141\ccs\tools\compiler\ti-cgt-armllvm_3.2.2.LTS\lib\clang\15.0.7\lib\armv6m-ti-none-eabi\</path>
         <kind>archive</kind>
         <file>libclang_rt.builtins.a</file>
         <name>aeabi_memset.S.obj</name>
      </input_file>
      <input_file id="fl-d3">
         <path>D:\ccstheia141\ccs\tools\compiler\ti-cgt-armllvm_3.2.2.LTS\lib\clang\15.0.7\lib\armv6m-ti-none-eabi\</path>
         <kind>archive</kind>
         <file>libclang_rt.builtins.a</file>
         <name>aeabi_uidivmod.S.obj</name>
      </input_file>
      <input_file id="fl-d4">
         <path>D:\ccstheia141\ccs\tools\compiler\ti-cgt-armllvm_3.2.2.LTS\lib\clang\15.0.7\lib\armv6m-ti-none-eabi\</path>
         <kind>archive</kind>
         <file>libclang_rt.builtins.a</file>
         <name>aeabi_uldivmod.S.obj</name>
      </input_file>
      <input_file id="fl-d5">
         <path>D:\ccstheia141\ccs\tools\compiler\ti-cgt-armllvm_3.2.2.LTS\lib\clang\15.0.7\lib\armv6m-ti-none-eabi\</path>
         <kind>archive</kind>
         <file>libclang_rt.builtins.a</file>
         <name>comparesf2.S.obj</name>
      </input_file>
      <input_file id="fl-d6">
         <path>D:\ccstheia141\ccs\tools\compiler\ti-cgt-armllvm_3.2.2.LTS\lib\clang\15.0.7\lib\armv6m-ti-none-eabi\</path>
         <kind>archive</kind>
         <file>libclang_rt.builtins.a</file>
         <name>udivmoddi4.S.obj</name>
      </input_file>
      <input_file id="fl-d7">
         <path>D:\ccstheia141\ccs\tools\compiler\ti-cgt-armllvm_3.2.2.LTS\lib\clang\15.0.7\lib\armv6m-ti-none-eabi\</path>
         <kind>archive</kind>
         <file>libclang_rt.builtins.a</file>
         <name>ashldi3.S.obj</name>
      </input_file>
      <input_file id="fl-d8">
         <path>D:\ccstheia141\ccs\tools\compiler\ti-cgt-armllvm_3.2.2.LTS\lib\clang\15.0.7\lib\armv6m-ti-none-eabi\</path>
         <kind>archive</kind>
         <file>libclang_rt.builtins.a</file>
         <name>comparedf2.c.obj</name>
      </input_file>
      <input_file id="fl-d9">
         <path>D:\ccstheia141\ccs\tools\compiler\ti-cgt-armllvm_3.2.2.LTS\lib\clang\15.0.7\lib\armv6m-ti-none-eabi\</path>
         <kind>archive</kind>
         <file>libclang_rt.builtins.a</file>
         <name>aeabi_div0.c.obj</name>
      </input_file>
      <input_file id="fl-da">
         <path>D:\ccstheia141\ccs\tools\compiler\ti-cgt-armllvm_3.2.2.LTS\lib\armv6m-ti-none-eabi\c\</path>
         <kind>archive</kind>
         <file>libc.a</file>
         <name>getdevice.c.obj</name>
      </input_file>
      <input_file id="fl-db">
         <path>D:\ccstheia141\ccs\tools\compiler\ti-cgt-armllvm_3.2.2.LTS\lib\armv6m-ti-none-eabi\c\</path>
         <kind>archive</kind>
         <file>libc.a</file>
         <name>memcpy16.S.obj</name>
      </input_file>
      <input_file id="fl-dc">
         <path>D:\ccstheia141\ccs\tools\compiler\ti-cgt-armllvm_3.2.2.LTS\lib\armv6m-ti-none-eabi\c\</path>
         <kind>archive</kind>
         <file>libc.a</file>
         <name>memset16.S.obj</name>
      </input_file>
   </input_file_list>
   <object_component_list>
      <object_component id="oc-18">
         <name>.intvecs</name>
         <load_address>0x0</load_address>
         <readonly>true</readonly>
         <run_address>0x0</run_address>
         <size>0xc0</size>
         <alignment>0x4</alignment>
         <input_file_ref idref="fl-3"/>
      </object_component>
      <object_component id="oc-10d">
         <name>.text:__TI_printfi</name>
         <load_address>0xc0</load_address>
         <readonly>true</readonly>
         <executable>true</executable>
         <run_address>0xc0</run_address>
         <size>0xa00</size>
         <alignment>0x4</alignment>
         <input_file_ref idref="fl-36"/>
      </object_component>
      <object_component id="oc-7d">
         <name>.text.main</name>
         <load_address>0xac0</load_address>
         <readonly>true</readonly>
         <executable>true</executable>
         <run_address>0xac0</run_address>
         <size>0x684</size>
         <alignment>0x4</alignment>
         <input_file_ref idref="fl-1"/>
      </object_component>
      <object_component id="oc-1db">
         <name>.text.__kernel_rem_pio2</name>
         <load_address>0x1144</load_address>
         <readonly>true</readonly>
         <executable>true</executable>
         <run_address>0x1144</run_address>
         <size>0x658</size>
         <alignment>0x4</alignment>
         <input_file_ref idref="fl-2a"/>
      </object_component>
      <object_component id="oc-146">
         <name>.text.sin</name>
         <load_address>0x179c</load_address>
         <readonly>true</readonly>
         <executable>true</executable>
         <run_address>0x179c</run_address>
         <size>0x458</size>
         <alignment>0x4</alignment>
         <input_file_ref idref="fl-28"/>
      </object_component>
      <object_component id="oc-140">
         <name>.text.cos</name>
         <load_address>0x1bf4</load_address>
         <readonly>true</readonly>
         <executable>true</executable>
         <run_address>0x1bf4</run_address>
         <size>0x440</size>
         <alignment>0x4</alignment>
         <input_file_ref idref="fl-27"/>
      </object_component>
      <object_component id="oc-bf">
         <name>.text.FFT</name>
         <load_address>0x2034</load_address>
         <readonly>true</readonly>
         <executable>true</executable>
         <run_address>0x2034</run_address>
         <size>0x2a0</size>
         <alignment>0x4</alignment>
         <input_file_ref idref="fl-5"/>
      </object_component>
      <object_component id="oc-18e">
         <name>.text._pconv_a</name>
         <load_address>0x22d4</load_address>
         <readonly>true</readonly>
         <executable>true</executable>
         <run_address>0x22d4</run_address>
         <size>0x220</size>
         <alignment>0x4</alignment>
         <input_file_ref idref="fl-36"/>
      </object_component>
      <object_component id="oc-191">
         <name>.text._pconv_g</name>
         <load_address>0x24f4</load_address>
         <readonly>true</readonly>
         <executable>true</executable>
         <run_address>0x24f4</run_address>
         <size>0x1dc</size>
         <alignment>0x4</alignment>
         <input_file_ref idref="fl-36"/>
      </object_component>
      <object_component id="oc-130">
         <name>.text.adddf3_subdf3</name>
         <load_address>0x26d0</load_address>
         <readonly>true</readonly>
         <executable>true</executable>
         <run_address>0x26d0</run_address>
         <size>0x192</size>
         <alignment>0x4</alignment>
         <input_file_ref idref="fl-c0"/>
      </object_component>
      <object_component id="oc-203">
         <name>.text.__aeabi_idiv0</name>
         <load_address>0x2862</load_address>
         <readonly>true</readonly>
         <executable>true</executable>
         <run_address>0x2862</run_address>
         <size>0x2</size>
         <alignment>0x2</alignment>
         <input_file_ref idref="fl-d9"/>
      </object_component>
      <object_component id="oc-c8">
         <name>.text.sqrt</name>
         <load_address>0x2864</load_address>
         <readonly>true</readonly>
         <executable>true</executable>
         <run_address>0x2864</run_address>
         <size>0x184</size>
         <alignment>0x4</alignment>
         <input_file_ref idref="fl-26"/>
      </object_component>
      <object_component id="oc-1e4">
         <name>.text.__kernel_sin</name>
         <load_address>0x29e8</load_address>
         <readonly>true</readonly>
         <executable>true</executable>
         <run_address>0x29e8</run_address>
         <size>0x168</size>
         <alignment>0x4</alignment>
         <input_file_ref idref="fl-3c"/>
      </object_component>
      <object_component id="oc-8d">
         <name>.text.OLED_ShowChar</name>
         <load_address>0x2b50</load_address>
         <readonly>true</readonly>
         <executable>true</executable>
         <run_address>0x2b50</run_address>
         <size>0x150</size>
         <alignment>0x4</alignment>
         <input_file_ref idref="fl-6"/>
      </object_component>
      <object_component id="oc-1cf">
         <name>.text.__kernel_cos</name>
         <load_address>0x2ca0</load_address>
         <readonly>true</readonly>
         <executable>true</executable>
         <run_address>0x2ca0</run_address>
         <size>0x150</size>
         <alignment>0x4</alignment>
         <input_file_ref idref="fl-3b"/>
      </object_component>
      <object_component id="oc-241">
         <name>.text.floor</name>
         <load_address>0x2df0</load_address>
         <readonly>true</readonly>
         <executable>true</executable>
         <run_address>0x2df0</run_address>
         <size>0x144</size>
         <alignment>0x4</alignment>
         <input_file_ref idref="fl-3d"/>
      </object_component>
      <object_component id="oc-230">
         <name>.text.fcvt</name>
         <load_address>0x2f34</load_address>
         <readonly>true</readonly>
         <executable>true</executable>
         <run_address>0x2f34</run_address>
         <size>0x13c</size>
         <alignment>0x4</alignment>
         <input_file_ref idref="fl-36"/>
      </object_component>
      <object_component id="oc-18f">
         <name>.text._pconv_e</name>
         <load_address>0x3070</load_address>
         <readonly>true</readonly>
         <executable>true</executable>
         <run_address>0x3070</run_address>
         <size>0x120</size>
         <alignment>0x4</alignment>
         <input_file_ref idref="fl-36"/>
      </object_component>
      <object_component id="oc-b3">
         <name>.text.__divdf3</name>
         <load_address>0x3190</load_address>
         <readonly>true</readonly>
         <executable>true</executable>
         <run_address>0x3190</run_address>
         <size>0x10c</size>
         <alignment>0x4</alignment>
         <input_file_ref idref="fl-c5"/>
      </object_component>
      <object_component id="oc-af">
         <name>.text.__muldf3</name>
         <load_address>0x329c</load_address>
         <readonly>true</readonly>
         <executable>true</executable>
         <run_address>0x329c</run_address>
         <size>0xe4</size>
         <alignment>0x4</alignment>
         <input_file_ref idref="fl-c1"/>
      </object_component>
      <object_component id="oc-aa">
         <name>.text.calculate_power_factor</name>
         <load_address>0x3380</load_address>
         <readonly>true</readonly>
         <executable>true</executable>
         <run_address>0x3380</run_address>
         <size>0xe0</size>
         <alignment>0x4</alignment>
         <input_file_ref idref="fl-4"/>
      </object_component>
      <object_component id="oc-222">
         <name>.text.scalbn</name>
         <load_address>0x3460</load_address>
         <readonly>true</readonly>
         <executable>true</executable>
         <run_address>0x3460</run_address>
         <size>0xd8</size>
         <alignment>0x4</alignment>
         <input_file_ref idref="fl-3f"/>
      </object_component>
      <object_component id="oc-c4">
         <name>.text</name>
         <load_address>0x3538</load_address>
         <readonly>true</readonly>
         <executable>true</executable>
         <run_address>0x3538</run_address>
         <size>0xd8</size>
         <alignment>0x4</alignment>
         <input_file_ref idref="fl-bf"/>
      </object_component>
      <object_component id="oc-d8">
         <name>.text.max115</name>
         <load_address>0x3610</load_address>
         <readonly>true</readonly>
         <executable>true</executable>
         <run_address>0x3610</run_address>
         <size>0xcc</size>
         <alignment>0x2</alignment>
         <input_file_ref idref="fl-4"/>
      </object_component>
      <object_component id="oc-a0">
         <name>.text.OLED_Init</name>
         <load_address>0x36dc</load_address>
         <readonly>true</readonly>
         <executable>true</executable>
         <run_address>0x36dc</run_address>
         <size>0xc0</size>
         <alignment>0x4</alignment>
         <input_file_ref idref="fl-6"/>
      </object_component>
      <object_component id="oc-13f">
         <name>.text.RemoveDCBias</name>
         <load_address>0x379c</load_address>
         <readonly>true</readonly>
         <executable>true</executable>
         <run_address>0x379c</run_address>
         <size>0xbc</size>
         <alignment>0x2</alignment>
         <input_file_ref idref="fl-5"/>
      </object_component>
      <object_component id="oc-211">
         <name>.text</name>
         <load_address>0x3858</load_address>
         <readonly>true</readonly>
         <executable>true</executable>
         <run_address>0x3858</run_address>
         <size>0xa2</size>
         <alignment>0x4</alignment>
         <input_file_ref idref="fl-d6"/>
      </object_component>
      <object_component id="oc-253">
         <name>.text.__aeabi_ldiv0</name>
         <load_address>0x38fa</load_address>
         <readonly>true</readonly>
         <executable>true</executable>
         <run_address>0x38fa</run_address>
         <size>0x2</size>
         <alignment>0x2</alignment>
         <input_file_ref idref="fl-d9"/>
      </object_component>
      <object_component id="oc-11d">
         <name>.text.SYSCFG_DL_ADC0_init</name>
         <load_address>0x38fc</load_address>
         <readonly>true</readonly>
         <executable>true</executable>
         <run_address>0x38fc</run_address>
         <size>0x98</size>
         <alignment>0x4</alignment>
         <input_file_ref idref="fl-2"/>
      </object_component>
      <object_component id="oc-bb">
         <name>.text.__mulsf3</name>
         <load_address>0x3994</load_address>
         <readonly>true</readonly>
         <executable>true</executable>
         <run_address>0x3994</run_address>
         <size>0x8c</size>
         <alignment>0x4</alignment>
         <input_file_ref idref="fl-c3"/>
      </object_component>
      <object_component id="oc-12a">
         <name>.text.__divsf3</name>
         <load_address>0x3a20</load_address>
         <readonly>true</readonly>
         <executable>true</executable>
         <run_address>0x3a20</run_address>
         <size>0x82</size>
         <alignment>0x4</alignment>
         <input_file_ref idref="fl-c4"/>
      </object_component>
      <object_component id="oc-a9">
         <name>.text.calculate_rms_dc_removed</name>
         <load_address>0x3aa2</load_address>
         <readonly>true</readonly>
         <executable>true</executable>
         <run_address>0x3aa2</run_address>
         <size>0x7e</size>
         <alignment>0x2</alignment>
         <input_file_ref idref="fl-4"/>
      </object_component>
      <object_component id="oc-1c">
         <name>.text:decompress:lzss</name>
         <load_address>0x3b20</load_address>
         <readonly>true</readonly>
         <executable>true</executable>
         <run_address>0x3b20</run_address>
         <size>0x78</size>
         <alignment>0x4</alignment>
         <input_file_ref idref="fl-35"/>
      </object_component>
      <object_component id="oc-192">
         <name>.text.I2C_WriteByte</name>
         <load_address>0x3b98</load_address>
         <readonly>true</readonly>
         <executable>true</executable>
         <run_address>0x3b98</run_address>
         <size>0x74</size>
         <alignment>0x4</alignment>
         <input_file_ref idref="fl-6"/>
      </object_component>
      <object_component id="oc-33">
         <name>.text.Default_Handler</name>
         <load_address>0x3c0c</load_address>
         <readonly>true</readonly>
         <executable>true</executable>
         <run_address>0x3c0c</run_address>
         <size>0x4</size>
         <alignment>0x2</alignment>
         <input_file_ref idref="fl-3"/>
      </object_component>
      <object_component id="oc-d0">
         <name>.text.__truncdfsf2</name>
         <load_address>0x3c10</load_address>
         <readonly>true</readonly>
         <executable>true</executable>
         <run_address>0x3c10</run_address>
         <size>0x74</size>
         <alignment>0x10</alignment>
         <input_file_ref idref="fl-cd"/>
      </object_component>
      <object_component id="oc-11a">
         <name>.text.SYSCFG_DL_GPIO_init</name>
         <load_address>0x3c84</load_address>
         <readonly>true</readonly>
         <executable>true</executable>
         <run_address>0x3c84</run_address>
         <size>0x70</size>
         <alignment>0x4</alignment>
         <input_file_ref idref="fl-2"/>
      </object_component>
      <object_component id="oc-21c">
         <name>.text.__gedf2</name>
         <load_address>0x3cf4</load_address>
         <readonly>true</readonly>
         <executable>true</executable>
         <run_address>0x3cf4</run_address>
         <size>0x70</size>
         <alignment>0x4</alignment>
         <input_file_ref idref="fl-d8"/>
      </object_component>
      <object_component id="oc-216">
         <name>.text.__ledf2</name>
         <load_address>0x3d64</load_address>
         <readonly>true</readonly>
         <executable>true</executable>
         <run_address>0x3d64</run_address>
         <size>0x6c</size>
         <alignment>0x4</alignment>
         <input_file_ref idref="fl-d8"/>
      </object_component>
      <object_component id="oc-34">
         <name>.text.GROUP1_IRQHandler</name>
         <load_address>0x3dd0</load_address>
         <readonly>true</readonly>
         <executable>true</executable>
         <run_address>0x3dd0</run_address>
         <size>0x68</size>
         <alignment>0x4</alignment>
         <input_file_ref idref="fl-1"/>
      </object_component>
      <object_component id="oc-125">
         <name>.text.OLED_Fill</name>
         <load_address>0x3e38</load_address>
         <readonly>true</readonly>
         <executable>true</executable>
         <run_address>0x3e38</run_address>
         <size>0x68</size>
         <alignment>0x2</alignment>
         <input_file_ref idref="fl-6"/>
      </object_component>
      <object_component id="oc-22e">
         <name>.text._mcpy</name>
         <load_address>0x3ea0</load_address>
         <readonly>true</readonly>
         <executable>true</executable>
         <run_address>0x3ea0</run_address>
         <size>0x66</size>
         <alignment>0x2</alignment>
         <input_file_ref idref="fl-36"/>
      </object_component>
      <object_component id="oc-18a">
         <name>.text.__aeabi_dcmp</name>
         <load_address>0x3f08</load_address>
         <readonly>true</readonly>
         <executable>true</executable>
         <run_address>0x3f08</run_address>
         <size>0x62</size>
         <alignment>0x4</alignment>
         <input_file_ref idref="fl-ce"/>
      </object_component>
      <object_component id="oc-d4">
         <name>.text.__aeabi_fcmp</name>
         <load_address>0x3f6c</load_address>
         <readonly>true</readonly>
         <executable>true</executable>
         <run_address>0x3f6c</run_address>
         <size>0x62</size>
         <alignment>0x4</alignment>
         <input_file_ref idref="fl-cf"/>
      </object_component>
      <object_component id="oc-1bb">
         <name>.text.DL_ADC12_initSeqSample</name>
         <load_address>0x3fd0</load_address>
         <readonly>true</readonly>
         <executable>true</executable>
         <run_address>0x3fd0</run_address>
         <size>0x60</size>
         <alignment>0x4</alignment>
         <input_file_ref idref="fl-2"/>
      </object_component>
      <object_component id="oc-233">
         <name>.text.DL_I2C_fillControllerTXFIFO</name>
         <load_address>0x4030</load_address>
         <readonly>true</readonly>
         <executable>true</executable>
         <run_address>0x4030</run_address>
         <size>0x5e</size>
         <alignment>0x2</alignment>
         <input_file_ref idref="fl-16"/>
      </object_component>
      <object_component id="oc-21e">
         <name>.text.frexp</name>
         <load_address>0x4090</load_address>
         <readonly>true</readonly>
         <executable>true</executable>
         <run_address>0x4090</run_address>
         <size>0x5c</size>
         <alignment>0x4</alignment>
         <input_file_ref idref="fl-3e"/>
      </object_component>
      <object_component id="oc-11c">
         <name>.text.SYSCFG_DL_I2C_OLED_init</name>
         <load_address>0x40ec</load_address>
         <readonly>true</readonly>
         <executable>true</executable>
         <run_address>0x40ec</run_address>
         <size>0x58</size>
         <alignment>0x4</alignment>
         <input_file_ref idref="fl-2"/>
      </object_component>
      <object_component id="oc-226">
         <name>.text.__TI_ltoa</name>
         <load_address>0x4144</load_address>
         <readonly>true</readonly>
         <executable>true</executable>
         <run_address>0x4144</run_address>
         <size>0x58</size>
         <alignment>0x2</alignment>
         <input_file_ref idref="fl-42"/>
      </object_component>
      <object_component id="oc-190">
         <name>.text._pconv_f</name>
         <load_address>0x419c</load_address>
         <readonly>true</readonly>
         <executable>true</executable>
         <run_address>0x419c</run_address>
         <size>0x58</size>
         <alignment>0x2</alignment>
         <input_file_ref idref="fl-36"/>
      </object_component>
      <object_component id="oc-23d">
         <name>.text.__aeabi_idivmod</name>
         <load_address>0x41f4</load_address>
         <readonly>true</readonly>
         <executable>true</executable>
         <run_address>0x41f4</run_address>
         <size>0x56</size>
         <alignment>0x4</alignment>
         <input_file_ref idref="fl-d0"/>
      </object_component>
      <object_component id="oc-119">
         <name>.text.SYSCFG_DL_initPower</name>
         <load_address>0x424c</load_address>
         <readonly>true</readonly>
         <executable>true</executable>
         <run_address>0x424c</run_address>
         <size>0x54</size>
         <alignment>0x4</alignment>
         <input_file_ref idref="fl-2"/>
      </object_component>
      <object_component id="oc-63">
         <name>.text.OLED_ShowString</name>
         <load_address>0x42a0</load_address>
         <readonly>true</readonly>
         <executable>true</executable>
         <run_address>0x42a0</run_address>
         <size>0x52</size>
         <alignment>0x2</alignment>
         <input_file_ref idref="fl-6"/>
      </object_component>
      <object_component id="oc-22c">
         <name>.text._ecpy</name>
         <load_address>0x42f2</load_address>
         <readonly>true</readonly>
         <executable>true</executable>
         <run_address>0x42f2</run_address>
         <size>0x52</size>
         <alignment>0x2</alignment>
         <input_file_ref idref="fl-36"/>
      </object_component>
      <object_component id="oc-232">
         <name>.text.DL_I2C_startControllerTransfer</name>
         <load_address>0x4344</load_address>
         <readonly>true</readonly>
         <executable>true</executable>
         <run_address>0x4344</run_address>
         <size>0x50</size>
         <alignment>0x4</alignment>
         <input_file_ref idref="fl-6"/>
      </object_component>
      <object_component id="oc-a4">
         <name>.text.calculate_avg</name>
         <load_address>0x4394</load_address>
         <readonly>true</readonly>
         <executable>true</executable>
         <run_address>0x4394</run_address>
         <size>0x4c</size>
         <alignment>0x2</alignment>
         <input_file_ref idref="fl-4"/>
      </object_component>
      <object_component id="oc-1bc">
         <name>.text.DL_ADC12_configConversionMem</name>
         <load_address>0x43e0</load_address>
         <readonly>true</readonly>
         <executable>true</executable>
         <run_address>0x43e0</run_address>
         <size>0x4a</size>
         <alignment>0x2</alignment>
         <input_file_ref idref="fl-2"/>
      </object_component>
      <object_component id="oc-1cb">
         <name>.text.__fixdfsi</name>
         <load_address>0x442c</load_address>
         <readonly>true</readonly>
         <executable>true</executable>
         <run_address>0x442c</run_address>
         <size>0x4a</size>
         <alignment>0x4</alignment>
         <input_file_ref idref="fl-c7"/>
      </object_component>
      <object_component id="oc-1b5">
         <name>.text.DL_ADC12_setClockConfig</name>
         <load_address>0x4478</load_address>
         <readonly>true</readonly>
         <executable>true</executable>
         <run_address>0x4478</run_address>
         <size>0x40</size>
         <alignment>0x4</alignment>
         <input_file_ref idref="fl-14"/>
      </object_component>
      <object_component id="oc-173">
         <name>.text.__aeabi_uidivmod</name>
         <load_address>0x44b8</load_address>
         <readonly>true</readonly>
         <executable>true</executable>
         <run_address>0x44b8</run_address>
         <size>0x40</size>
         <alignment>0x4</alignment>
         <input_file_ref idref="fl-d3"/>
      </object_component>
      <object_component id="oc-ab">
         <name>.text.__extendsfdf2</name>
         <load_address>0x44f8</load_address>
         <readonly>true</readonly>
         <executable>true</executable>
         <run_address>0x44f8</run_address>
         <size>0x40</size>
         <alignment>0x4</alignment>
         <input_file_ref idref="fl-c6"/>
      </object_component>
      <object_component id="oc-179">
         <name>.text.atoi</name>
         <load_address>0x4538</load_address>
         <readonly>true</readonly>
         <executable>true</executable>
         <run_address>0x4538</run_address>
         <size>0x40</size>
         <alignment>0x4</alignment>
         <input_file_ref idref="fl-44"/>
      </object_component>
      <object_component id="oc-19a">
         <name>.text.DL_GPIO_initPeripheralInputFunctionFeatures</name>
         <load_address>0x4578</load_address>
         <readonly>true</readonly>
         <executable>true</executable>
         <run_address>0x4578</run_address>
         <size>0x3c</size>
         <alignment>0x4</alignment>
         <input_file_ref idref="fl-2"/>
      </object_component>
      <object_component id="oc-b7">
         <name>.text.__floatsisf</name>
         <load_address>0x45b4</load_address>
         <readonly>true</readonly>
         <executable>true</executable>
         <run_address>0x45b4</run_address>
         <size>0x3c</size>
         <alignment>0x4</alignment>
         <input_file_ref idref="fl-ca"/>
      </object_component>
      <object_component id="oc-15e">
         <name>.text.__gtsf2</name>
         <load_address>0x45f0</load_address>
         <readonly>true</readonly>
         <executable>true</executable>
         <run_address>0x45f0</run_address>
         <size>0x3c</size>
         <alignment>0x4</alignment>
         <input_file_ref idref="fl-d5"/>
      </object_component>
      <object_component id="oc-f4">
         <name>.text:__TI_auto_init_nobinit_nopinit</name>
         <load_address>0x462c</load_address>
         <readonly>true</readonly>
         <executable>true</executable>
         <run_address>0x462c</run_address>
         <size>0x3c</size>
         <alignment>0x4</alignment>
         <input_file_ref idref="fl-30"/>
      </object_component>
      <object_component id="oc-159">
         <name>.text.__eqsf2</name>
         <load_address>0x4668</load_address>
         <readonly>true</readonly>
         <executable>true</executable>
         <run_address>0x4668</run_address>
         <size>0x3a</size>
         <alignment>0x4</alignment>
         <input_file_ref idref="fl-d5"/>
      </object_component>
      <object_component id="oc-137">
         <name>.text.__muldsi3</name>
         <load_address>0x46a4</load_address>
         <readonly>true</readonly>
         <executable>true</executable>
         <run_address>0x46a4</run_address>
         <size>0x3a</size>
         <alignment>0x4</alignment>
         <input_file_ref idref="fl-c2"/>
      </object_component>
      <object_component id="oc-5d">
         <name>.text.sprintf</name>
         <load_address>0x46e0</load_address>
         <readonly>true</readonly>
         <executable>true</executable>
         <run_address>0x46e0</run_address>
         <size>0x38</size>
         <alignment>0x4</alignment>
         <input_file_ref idref="fl-25"/>
      </object_component>
      <object_component id="oc-10e">
         <name>.text.OLED_SetPos</name>
         <load_address>0x4718</load_address>
         <readonly>true</readonly>
         <executable>true</executable>
         <run_address>0x4718</run_address>
         <size>0x36</size>
         <alignment>0x2</alignment>
         <input_file_ref idref="fl-6"/>
      </object_component>
      <object_component id="oc-19c">
         <name>.text.DL_GPIO_initDigitalInputFeatures</name>
         <load_address>0x4750</load_address>
         <readonly>true</readonly>
         <executable>true</executable>
         <run_address>0x4750</run_address>
         <size>0x34</size>
         <alignment>0x4</alignment>
         <input_file_ref idref="fl-2"/>
      </object_component>
      <object_component id="oc-a3">
         <name>.text.DL_ADC12_getMemResult</name>
         <load_address>0x4784</load_address>
         <readonly>true</readonly>
         <executable>true</executable>
         <run_address>0x4784</run_address>
         <size>0x30</size>
         <alignment>0x4</alignment>
         <input_file_ref idref="fl-1"/>
      </object_component>
      <object_component id="oc-22d">
         <name>.text._fcpy</name>
         <load_address>0x47b4</load_address>
         <readonly>true</readonly>
         <executable>true</executable>
         <run_address>0x47b4</run_address>
         <size>0x30</size>
         <alignment>0x2</alignment>
         <input_file_ref idref="fl-36"/>
      </object_component>
      <object_component id="oc-9f">
         <name>.text.__NVIC_EnableIRQ</name>
         <load_address>0x47e4</load_address>
         <readonly>true</readonly>
         <executable>true</executable>
         <run_address>0x47e4</run_address>
         <size>0x2c</size>
         <alignment>0x4</alignment>
         <input_file_ref idref="fl-1"/>
      </object_component>
      <object_component id="oc-cc">
         <name>.text.__floatsidf</name>
         <load_address>0x4810</load_address>
         <readonly>true</readonly>
         <executable>true</executable>
         <run_address>0x4810</run_address>
         <size>0x2c</size>
         <alignment>0x4</alignment>
         <input_file_ref idref="fl-c9"/>
      </object_component>
      <object_component id="oc-11b">
         <name>.text.SYSCFG_DL_SYSCTL_init</name>
         <load_address>0x483c</load_address>
         <readonly>true</readonly>
         <executable>true</executable>
         <run_address>0x483c</run_address>
         <size>0x2a</size>
         <alignment>0x2</alignment>
         <input_file_ref idref="fl-2"/>
      </object_component>
      <object_component id="oc-264">
         <name>.text.DL_Common_updateReg</name>
         <load_address>0x4866</load_address>
         <readonly>true</readonly>
         <executable>true</executable>
         <run_address>0x4866</run_address>
         <size>0x28</size>
         <alignment>0x2</alignment>
         <input_file_ref idref="fl-6"/>
      </object_component>
      <object_component id="oc-234">
         <name>.text.DL_Common_updateReg</name>
         <load_address>0x488e</load_address>
         <readonly>true</readonly>
         <executable>true</executable>
         <run_address>0x488e</run_address>
         <size>0x28</size>
         <alignment>0x2</alignment>
         <input_file_ref idref="fl-2"/>
      </object_component>
      <object_component id="oc-1b1">
         <name>.text.DL_I2C_setControllerRXFIFOThreshold</name>
         <load_address>0x48b8</load_address>
         <readonly>true</readonly>
         <executable>true</executable>
         <run_address>0x48b8</run_address>
         <size>0x28</size>
         <alignment>0x4</alignment>
         <input_file_ref idref="fl-2"/>
      </object_component>
      <object_component id="oc-1b0">
         <name>.text.DL_I2C_setControllerTXFIFOThreshold</name>
         <load_address>0x48e0</load_address>
         <readonly>true</readonly>
         <executable>true</executable>
         <run_address>0x48e0</run_address>
         <size>0x28</size>
         <alignment>0x4</alignment>
         <input_file_ref idref="fl-2"/>
      </object_component>
      <object_component id="oc-126">
         <name>.text.__floatunsisf</name>
         <load_address>0x4908</load_address>
         <readonly>true</readonly>
         <executable>true</executable>
         <run_address>0x4908</run_address>
         <size>0x28</size>
         <alignment>0x4</alignment>
         <input_file_ref idref="fl-cb"/>
      </object_component>
      <object_component id="oc-55">
         <name>.text:_c_int00_noargs</name>
         <load_address>0x4930</load_address>
         <readonly>true</readonly>
         <executable>true</executable>
         <run_address>0x4930</run_address>
         <size>0x28</size>
         <alignment>0x4</alignment>
         <input_file_ref idref="fl-2e"/>
      </object_component>
      <object_component id="oc-1ac">
         <name>.text.DL_I2C_setAnalogGlitchFilterPulseWidth</name>
         <load_address>0x4958</load_address>
         <readonly>true</readonly>
         <executable>true</executable>
         <run_address>0x4958</run_address>
         <size>0x26</size>
         <alignment>0x2</alignment>
         <input_file_ref idref="fl-2"/>
      </object_component>
      <object_component id="oc-1a6">
         <name>.text.DL_I2C_setClockConfig</name>
         <load_address>0x497e</load_address>
         <readonly>true</readonly>
         <executable>true</executable>
         <run_address>0x497e</run_address>
         <size>0x26</size>
         <alignment>0x2</alignment>
         <input_file_ref idref="fl-16"/>
      </object_component>
      <object_component id="oc-181">
         <name>.text.__muldi3</name>
         <load_address>0x49a4</load_address>
         <readonly>true</readonly>
         <executable>true</executable>
         <run_address>0x49a4</run_address>
         <size>0x24</size>
         <alignment>0x4</alignment>
         <input_file_ref idref="fl-cc"/>
      </object_component>
      <object_component id="oc-16e">
         <name>.text.memccpy</name>
         <load_address>0x49c8</load_address>
         <readonly>true</readonly>
         <executable>true</executable>
         <run_address>0x49c8</run_address>
         <size>0x22</size>
         <alignment>0x2</alignment>
         <input_file_ref idref="fl-45"/>
      </object_component>
      <object_component id="oc-39">
         <name>.text.ADC0_IRQHandler</name>
         <load_address>0x49ec</load_address>
         <readonly>true</readonly>
         <executable>true</executable>
         <run_address>0x49ec</run_address>
         <size>0x20</size>
         <alignment>0x4</alignment>
         <input_file_ref idref="fl-1"/>
      </object_component>
      <object_component id="oc-1bd">
         <name>.text.DL_ADC12_setPowerDownMode</name>
         <load_address>0x4a0c</load_address>
         <readonly>true</readonly>
         <executable>true</executable>
         <run_address>0x4a0c</run_address>
         <size>0x1e</size>
         <alignment>0x2</alignment>
         <input_file_ref idref="fl-2"/>
      </object_component>
      <object_component id="oc-254">
         <name>.text.__ashldi3</name>
         <load_address>0x4a2c</load_address>
         <readonly>true</readonly>
         <executable>true</executable>
         <run_address>0x4a2c</run_address>
         <size>0x1e</size>
         <alignment>0x4</alignment>
         <input_file_ref idref="fl-d7"/>
      </object_component>
      <object_component id="oc-1c0">
         <name>.text.DL_ADC12_clearInterruptStatus</name>
         <load_address>0x4a4c</load_address>
         <readonly>true</readonly>
         <executable>true</executable>
         <run_address>0x4a4c</run_address>
         <size>0x1c</size>
         <alignment>0x4</alignment>
         <input_file_ref idref="fl-2"/>
      </object_component>
      <object_component id="oc-1c1">
         <name>.text.DL_ADC12_enableInterrupt</name>
         <load_address>0x4a68</load_address>
         <readonly>true</readonly>
         <executable>true</executable>
         <run_address>0x4a68</run_address>
         <size>0x1c</size>
         <alignment>0x4</alignment>
         <input_file_ref idref="fl-2"/>
      </object_component>
      <object_component id="oc-a2">
         <name>.text.DL_ADC12_startConversion</name>
         <load_address>0x4a84</load_address>
         <readonly>true</readonly>
         <executable>true</executable>
         <run_address>0x4a84</run_address>
         <size>0x1c</size>
         <alignment>0x4</alignment>
         <input_file_ref idref="fl-1"/>
      </object_component>
      <object_component id="oc-68">
         <name>.text.DL_GPIO_clearInterruptStatus</name>
         <load_address>0x4aa0</load_address>
         <readonly>true</readonly>
         <executable>true</executable>
         <run_address>0x4aa0</run_address>
         <size>0x1c</size>
         <alignment>0x4</alignment>
         <input_file_ref idref="fl-1"/>
      </object_component>
      <object_component id="oc-19e">
         <name>.text.DL_GPIO_clearInterruptStatus</name>
         <load_address>0x4abc</load_address>
         <readonly>true</readonly>
         <executable>true</executable>
         <run_address>0x4abc</run_address>
         <size>0x1c</size>
         <alignment>0x4</alignment>
         <input_file_ref idref="fl-2"/>
      </object_component>
      <object_component id="oc-19b">
         <name>.text.DL_GPIO_enableHiZ</name>
         <load_address>0x4ad8</load_address>
         <readonly>true</readonly>
         <executable>true</executable>
         <run_address>0x4ad8</run_address>
         <size>0x1c</size>
         <alignment>0x4</alignment>
         <input_file_ref idref="fl-2"/>
      </object_component>
      <object_component id="oc-19f">
         <name>.text.DL_GPIO_enableInterrupt</name>
         <load_address>0x4af4</load_address>
         <readonly>true</readonly>
         <executable>true</executable>
         <run_address>0x4af4</run_address>
         <size>0x1c</size>
         <alignment>0x4</alignment>
         <input_file_ref idref="fl-2"/>
      </object_component>
      <object_component id="oc-19d">
         <name>.text.DL_GPIO_setLowerPinsPolarity</name>
         <load_address>0x4b10</load_address>
         <readonly>true</readonly>
         <executable>true</executable>
         <run_address>0x4b10</run_address>
         <size>0x1c</size>
         <alignment>0x4</alignment>
         <input_file_ref idref="fl-2"/>
      </object_component>
      <object_component id="oc-1a5">
         <name>.text.DL_SYSCTL_setMCLKDivider</name>
         <load_address>0x4b2c</load_address>
         <readonly>true</readonly>
         <executable>true</executable>
         <run_address>0x4b2c</run_address>
         <size>0x1c</size>
         <alignment>0x4</alignment>
         <input_file_ref idref="fl-2"/>
      </object_component>
      <object_component id="oc-1a1">
         <name>.text.DL_SYSCTL_setSYSOSCFreq</name>
         <load_address>0x4b48</load_address>
         <readonly>true</readonly>
         <executable>true</executable>
         <run_address>0x4b48</run_address>
         <size>0x1c</size>
         <alignment>0x4</alignment>
         <input_file_ref idref="fl-2"/>
      </object_component>
      <object_component id="oc-1a4">
         <name>.text.DL_SYSCTL_setULPCLKDivider</name>
         <load_address>0x4b64</load_address>
         <readonly>true</readonly>
         <executable>true</executable>
         <run_address>0x4b64</run_address>
         <size>0x1c</size>
         <alignment>0x4</alignment>
         <input_file_ref idref="fl-2"/>
      </object_component>
      <object_component id="oc-199">
         <name>.text.DL_ADC12_enablePower</name>
         <load_address>0x4b80</load_address>
         <readonly>true</readonly>
         <executable>true</executable>
         <run_address>0x4b80</run_address>
         <size>0x18</size>
         <alignment>0x4</alignment>
         <input_file_ref idref="fl-2"/>
      </object_component>
      <object_component id="oc-196">
         <name>.text.DL_ADC12_reset</name>
         <load_address>0x4b98</load_address>
         <readonly>true</readonly>
         <executable>true</executable>
         <run_address>0x4b98</run_address>
         <size>0x18</size>
         <alignment>0x4</alignment>
         <input_file_ref idref="fl-2"/>
      </object_component>
      <object_component id="oc-1be">
         <name>.text.DL_ADC12_setSampleTime0</name>
         <load_address>0x4bb0</load_address>
         <readonly>true</readonly>
         <executable>true</executable>
         <run_address>0x4bb0</run_address>
         <size>0x18</size>
         <alignment>0x4</alignment>
         <input_file_ref idref="fl-2"/>
      </object_component>
      <object_component id="oc-1bf">
         <name>.text.DL_ADC12_setSampleTime1</name>
         <load_address>0x4bc8</load_address>
         <readonly>true</readonly>
         <executable>true</executable>
         <run_address>0x4bc8</run_address>
         <size>0x18</size>
         <alignment>0x4</alignment>
         <input_file_ref idref="fl-2"/>
      </object_component>
      <object_component id="oc-197">
         <name>.text.DL_GPIO_enablePower</name>
         <load_address>0x4be0</load_address>
         <readonly>true</readonly>
         <executable>true</executable>
         <run_address>0x4be0</run_address>
         <size>0x18</size>
         <alignment>0x4</alignment>
         <input_file_ref idref="fl-2"/>
      </object_component>
      <object_component id="oc-5c">
         <name>.text.DL_GPIO_getEnabledInterruptStatus</name>
         <load_address>0x4bf8</load_address>
         <readonly>true</readonly>
         <executable>true</executable>
         <run_address>0x4bf8</run_address>
         <size>0x18</size>
         <alignment>0x4</alignment>
         <input_file_ref idref="fl-1"/>
      </object_component>
      <object_component id="oc-194">
         <name>.text.DL_GPIO_reset</name>
         <load_address>0x4c10</load_address>
         <readonly>true</readonly>
         <executable>true</executable>
         <run_address>0x4c10</run_address>
         <size>0x18</size>
         <alignment>0x4</alignment>
         <input_file_ref idref="fl-2"/>
      </object_component>
      <object_component id="oc-1ad">
         <name>.text.DL_I2C_enableAnalogGlitchFilter</name>
         <load_address>0x4c28</load_address>
         <readonly>true</readonly>
         <executable>true</executable>
         <run_address>0x4c28</run_address>
         <size>0x18</size>
         <alignment>0x2</alignment>
         <input_file_ref idref="fl-2"/>
      </object_component>
      <object_component id="oc-1b3">
         <name>.text.DL_I2C_enableController</name>
         <load_address>0x4c40</load_address>
         <readonly>true</readonly>
         <executable>true</executable>
         <run_address>0x4c40</run_address>
         <size>0x18</size>
         <alignment>0x4</alignment>
         <input_file_ref idref="fl-2"/>
      </object_component>
      <object_component id="oc-1b2">
         <name>.text.DL_I2C_enableControllerClockStretching</name>
         <load_address>0x4c58</load_address>
         <readonly>true</readonly>
         <executable>true</executable>
         <run_address>0x4c58</run_address>
         <size>0x18</size>
         <alignment>0x4</alignment>
         <input_file_ref idref="fl-2"/>
      </object_component>
      <object_component id="oc-198">
         <name>.text.DL_I2C_enablePower</name>
         <load_address>0x4c70</load_address>
         <readonly>true</readonly>
         <executable>true</executable>
         <run_address>0x4c70</run_address>
         <size>0x18</size>
         <alignment>0x4</alignment>
         <input_file_ref idref="fl-2"/>
      </object_component>
      <object_component id="oc-195">
         <name>.text.DL_I2C_reset</name>
         <load_address>0x4c88</load_address>
         <readonly>true</readonly>
         <executable>true</executable>
         <run_address>0x4c88</run_address>
         <size>0x18</size>
         <alignment>0x4</alignment>
         <input_file_ref idref="fl-2"/>
      </object_component>
      <object_component id="oc-1af">
         <name>.text.DL_I2C_setTimerPeriod</name>
         <load_address>0x4ca0</load_address>
         <readonly>true</readonly>
         <executable>true</executable>
         <run_address>0x4ca0</run_address>
         <size>0x18</size>
         <alignment>0x4</alignment>
         <input_file_ref idref="fl-2"/>
      </object_component>
      <object_component id="oc-1a0">
         <name>.text.DL_SYSCTL_setBORThreshold</name>
         <load_address>0x4cb8</load_address>
         <readonly>true</readonly>
         <executable>true</executable>
         <run_address>0x4cb8</run_address>
         <size>0x18</size>
         <alignment>0x4</alignment>
         <input_file_ref idref="fl-2"/>
      </object_component>
      <object_component id="oc-9a">
         <name>.text.SYSCFG_DL_init</name>
         <load_address>0x4cd0</load_address>
         <readonly>true</readonly>
         <executable>true</executable>
         <run_address>0x4cd0</run_address>
         <size>0x18</size>
         <alignment>0x2</alignment>
         <input_file_ref idref="fl-2"/>
      </object_component>
      <object_component id="oc-89">
         <name>.text._outs</name>
         <load_address>0x4ce8</load_address>
         <readonly>true</readonly>
         <executable>true</executable>
         <run_address>0x4ce8</run_address>
         <size>0x18</size>
         <alignment>0x2</alignment>
         <input_file_ref idref="fl-25"/>
      </object_component>
      <object_component id="oc-1c2">
         <name>.text.DL_ADC12_enableConversions</name>
         <load_address>0x4d00</load_address>
         <readonly>true</readonly>
         <executable>true</executable>
         <run_address>0x4d00</run_address>
         <size>0x16</size>
         <alignment>0x2</alignment>
         <input_file_ref idref="fl-2"/>
      </object_component>
      <object_component id="oc-248">
         <name>.text.OUTLINED_FUNCTION_0</name>
         <load_address>0x4d16</load_address>
         <readonly>true</readonly>
         <executable>true</executable>
         <run_address>0x4d16</run_address>
         <size>0x16</size>
         <alignment>0x2</alignment>
         <input_file_ref idref="fl-2a"/>
      </object_component>
      <object_component id="oc-2b1">
         <name>.tramp.__aeabi_dadd.1</name>
         <load_address>0x4d2c</load_address>
         <readonly>true</readonly>
         <executable>true</executable>
         <run_address>0x4d2c</run_address>
         <size>0x10</size>
         <alignment>0x4</alignment>
         <input_file_ref idref="fl-c0"/>
      </object_component>
      <object_component id="oc-124">
         <name>.text.WriteCmd</name>
         <load_address>0x4d3c</load_address>
         <readonly>true</readonly>
         <executable>true</executable>
         <run_address>0x4d3c</run_address>
         <size>0x16</size>
         <alignment>0x2</alignment>
         <input_file_ref idref="fl-6"/>
      </object_component>
      <object_component id="oc-10f">
         <name>.text.WriteData</name>
         <load_address>0x4d52</load_address>
         <readonly>true</readonly>
         <executable>true</executable>
         <run_address>0x4d52</run_address>
         <size>0x16</size>
         <alignment>0x2</alignment>
         <input_file_ref idref="fl-6"/>
      </object_component>
      <object_component id="oc-231">
         <name>.text.DL_I2C_getControllerStatus</name>
         <load_address>0x4d68</load_address>
         <readonly>true</readonly>
         <executable>true</executable>
         <run_address>0x4d68</run_address>
         <size>0x14</size>
         <alignment>0x4</alignment>
         <input_file_ref idref="fl-6"/>
      </object_component>
      <object_component id="oc-1ae">
         <name>.text.DL_I2C_resetControllerTransfer</name>
         <load_address>0x4d7c</load_address>
         <readonly>true</readonly>
         <executable>true</executable>
         <run_address>0x4d7c</run_address>
         <size>0x14</size>
         <alignment>0x4</alignment>
         <input_file_ref idref="fl-2"/>
      </object_component>
      <object_component id="oc-1a3">
         <name>.text.DL_SYSCTL_disableSYSPLL</name>
         <load_address>0x4d90</load_address>
         <readonly>true</readonly>
         <executable>true</executable>
         <run_address>0x4d90</run_address>
         <size>0x14</size>
         <alignment>0x4</alignment>
         <input_file_ref idref="fl-2"/>
      </object_component>
      <object_component id="oc-186">
         <name>.text.__aeabi_uldivmod</name>
         <load_address>0x4da4</load_address>
         <readonly>true</readonly>
         <executable>true</executable>
         <run_address>0x4da4</run_address>
         <size>0x14</size>
         <alignment>0x4</alignment>
         <input_file_ref idref="fl-d4"/>
      </object_component>
      <object_component id="oc-22b">
         <name>.text.strchr</name>
         <load_address>0x4db8</load_address>
         <readonly>true</readonly>
         <executable>true</executable>
         <run_address>0x4db8</run_address>
         <size>0x14</size>
         <alignment>0x2</alignment>
         <input_file_ref idref="fl-36"/>
      </object_component>
      <object_component id="oc-6e">
         <name>.text.DL_ADC12_getPendingInterrupt</name>
         <load_address>0x4dcc</load_address>
         <readonly>true</readonly>
         <executable>true</executable>
         <run_address>0x4dcc</run_address>
         <size>0x12</size>
         <alignment>0x2</alignment>
         <input_file_ref idref="fl-1"/>
      </object_component>
      <object_component id="oc-90">
         <name>.text:TI_memcpy_small</name>
         <load_address>0x4dde</load_address>
         <readonly>true</readonly>
         <executable>true</executable>
         <run_address>0x4dde</run_address>
         <size>0x12</size>
         <alignment>0x1</alignment>
         <input_file_ref idref="fl-db"/>
      </object_component>
      <object_component id="oc-20">
         <name>.text:decompress:none</name>
         <load_address>0x4df0</load_address>
         <readonly>true</readonly>
         <executable>true</executable>
         <run_address>0x4df0</run_address>
         <size>0x12</size>
         <alignment>0x2</alignment>
         <input_file_ref idref="fl-34"/>
      </object_component>
      <object_component id="oc-1a2">
         <name>.text.DL_SYSCTL_disableHFXT</name>
         <load_address>0x4e04</load_address>
         <readonly>true</readonly>
         <executable>true</executable>
         <run_address>0x4e04</run_address>
         <size>0x10</size>
         <alignment>0x4</alignment>
         <input_file_ref idref="fl-2"/>
      </object_component>
      <object_component id="oc-17d">
         <name>.text.wcslen</name>
         <load_address>0x4e14</load_address>
         <readonly>true</readonly>
         <executable>true</executable>
         <run_address>0x4e14</run_address>
         <size>0x10</size>
         <alignment>0x2</alignment>
         <input_file_ref idref="fl-46"/>
      </object_component>
      <object_component id="oc-52">
         <name>.text:decompress:ZI</name>
         <load_address>0x4e24</load_address>
         <readonly>true</readonly>
         <executable>true</executable>
         <run_address>0x4e24</run_address>
         <size>0x10</size>
         <alignment>0x2</alignment>
         <input_file_ref idref="fl-33"/>
      </object_component>
      <object_component id="oc-1d7">
         <name>.text.OUTLINED_FUNCTION_0</name>
         <load_address>0x4e34</load_address>
         <readonly>true</readonly>
         <executable>true</executable>
         <run_address>0x4e34</run_address>
         <size>0xe</size>
         <alignment>0x2</alignment>
         <input_file_ref idref="fl-27"/>
      </object_component>
      <object_component id="oc-2b2">
         <name>.tramp.__aeabi_dsub.1</name>
         <load_address>0x4e44</load_address>
         <readonly>true</readonly>
         <executable>true</executable>
         <run_address>0x4e44</run_address>
         <size>0x10</size>
         <alignment>0x4</alignment>
         <input_file_ref idref="fl-c0"/>
      </object_component>
      <object_component id="oc-1ec">
         <name>.text.OUTLINED_FUNCTION_0</name>
         <load_address>0x4e54</load_address>
         <readonly>true</readonly>
         <executable>true</executable>
         <run_address>0x4e54</run_address>
         <size>0xe</size>
         <alignment>0x2</alignment>
         <input_file_ref idref="fl-28"/>
      </object_component>
      <object_component id="oc-245">
         <name>.text.OUTLINED_FUNCTION_2</name>
         <load_address>0x4e62</load_address>
         <readonly>true</readonly>
         <executable>true</executable>
         <run_address>0x4e62</run_address>
         <size>0xe</size>
         <alignment>0x2</alignment>
         <input_file_ref idref="fl-2a"/>
      </object_component>
      <object_component id="oc-16d">
         <name>.text.__aeabi_memset</name>
         <load_address>0x4e70</load_address>
         <readonly>true</readonly>
         <executable>true</executable>
         <run_address>0x4e70</run_address>
         <size>0xe</size>
         <alignment>0x4</alignment>
         <input_file_ref idref="fl-d2"/>
      </object_component>
      <object_component id="oc-16c">
         <name>.text.strlen</name>
         <load_address>0x4e7e</load_address>
         <readonly>true</readonly>
         <executable>true</executable>
         <run_address>0x4e7e</run_address>
         <size>0xe</size>
         <alignment>0x2</alignment>
         <input_file_ref idref="fl-36"/>
      </object_component>
      <object_component id="oc-113">
         <name>.text:TI_memset_small</name>
         <load_address>0x4e8c</load_address>
         <readonly>true</readonly>
         <executable>true</executable>
         <run_address>0x4e8c</run_address>
         <size>0xe</size>
         <alignment>0x1</alignment>
         <input_file_ref idref="fl-dc"/>
      </object_component>
      <object_component id="oc-74">
         <name>.text.__aeabi_memclr</name>
         <load_address>0x4e9c</load_address>
         <readonly>true</readonly>
         <executable>true</executable>
         <run_address>0x4e9c</run_address>
         <size>0xc</size>
         <alignment>0x4</alignment>
         <input_file_ref idref="fl-d2"/>
      </object_component>
      <object_component id="oc-120">
         <name>.text.DL_Common_delayCycles</name>
         <load_address>0x4ea8</load_address>
         <readonly>true</readonly>
         <executable>true</executable>
         <run_address>0x4ea8</run_address>
         <size>0xa</size>
         <alignment>0x2</alignment>
         <input_file_ref idref="fl-15"/>
      </object_component>
      <object_component id="oc-a1">
         <name>.text.OLED_CLS</name>
         <load_address>0x4eb2</load_address>
         <readonly>true</readonly>
         <executable>true</executable>
         <run_address>0x4eb2</run_address>
         <size>0xa</size>
         <alignment>0x2</alignment>
         <input_file_ref idref="fl-6"/>
      </object_component>
      <object_component id="oc-22a">
         <name>.text.OUTLINED_FUNCTION_0</name>
         <load_address>0x4ebc</load_address>
         <readonly>true</readonly>
         <executable>true</executable>
         <run_address>0x4ebc</run_address>
         <size>0xa</size>
         <alignment>0x2</alignment>
         <input_file_ref idref="fl-36"/>
      </object_component>
      <object_component id="oc-22f">
         <name>.text.OUTLINED_FUNCTION_1</name>
         <load_address>0x4ec6</load_address>
         <readonly>true</readonly>
         <executable>true</executable>
         <run_address>0x4ec6</run_address>
         <size>0xa</size>
         <alignment>0x2</alignment>
         <input_file_ref idref="fl-36"/>
      </object_component>
      <object_component id="oc-249">
         <name>.text.OUTLINED_FUNCTION_1</name>
         <load_address>0x4ed0</load_address>
         <readonly>true</readonly>
         <executable>true</executable>
         <run_address>0x4ed0</run_address>
         <size>0xa</size>
         <alignment>0x2</alignment>
         <input_file_ref idref="fl-2a"/>
      </object_component>
      <object_component id="oc-1e1">
         <name>.text.OUTLINED_FUNCTION_6</name>
         <load_address>0x4eda</load_address>
         <readonly>true</readonly>
         <executable>true</executable>
         <run_address>0x4eda</run_address>
         <size>0xa</size>
         <alignment>0x2</alignment>
         <input_file_ref idref="fl-27"/>
      </object_component>
      <object_component id="oc-2b3">
         <name>.tramp.__kernel_sin.1</name>
         <load_address>0x4ee4</load_address>
         <readonly>true</readonly>
         <executable>true</executable>
         <run_address>0x4ee4</run_address>
         <size>0x10</size>
         <alignment>0x4</alignment>
         <input_file_ref idref="fl-3c"/>
      </object_component>
      <object_component id="oc-8a">
         <name>.text._outc</name>
         <load_address>0x4ef4</load_address>
         <readonly>true</readonly>
         <executable>true</executable>
         <run_address>0x4ef4</run_address>
         <size>0xa</size>
         <alignment>0x2</alignment>
[...]
         <name>OLED_ShowChar</name>
         <value>0x2b51</value>
         <object_component_ref idref="oc-8d"/>
      </symbol>
      <symbol id="sm-195">
         <name>F8X16</name>
         <value>0x6f70</value>
         <object_component_ref idref="oc-110"/>
      </symbol>
      <symbol id="sm-196">
         <name>F6x8</name>
         <value>0x7560</value>
         <object_component_ref idref="oc-111"/>
      </symbol>
      <symbol id="sm-197">
         <name>__TI_ATRegion0_src_addr</name>
         <value>0x0</value>
      </symbol>
      <symbol id="sm-198">
         <name>__TI_ATRegion0_trg_addr</name>
         <value>0x0</value>
      </symbol>
      <symbol id="sm-199">
         <name>__TI_ATRegion0_region_sz</name>
         <value>0x0</value>
      </symbol>
      <symbol id="sm-19a">
         <name>__TI_ATRegion1_src_addr</name>
         <value>0x0</value>
      </symbol>
      <symbol id="sm-19b">
         <name>__TI_ATRegion1_trg_addr</name>
         <value>0x0</value>
      </symbol>
      <symbol id="sm-19c">
         <name>__TI_ATRegion1_region_sz</name>
         <value>0x0</value>
      </symbol>
      <symbol id="sm-19d">
         <name>__TI_ATRegion2_src_addr</name>
         <value>0x0</value>
      </symbol>
      <symbol id="sm-19e">
         <name>__TI_ATRegion2_trg_addr</name>
         <value>0x0</value>
      </symbol>
      <symbol id="sm-19f">
         <name>__TI_ATRegion2_region_sz</name>
         <value>0x0</value>
      </symbol>
      <symbol id="sm-1aa">
         <name>DL_ADC12_setClockConfig</name>
         <value>0x4479</value>
         <object_component_ref idref="oc-1b5"/>
      </symbol>
      <symbol id="sm-1b3">
         <name>DL_Common_delayCycles</name>
         <value>0x4ea9</value>
         <object_component_ref idref="oc-120"/>
      </symbol>
      <symbol id="sm-1bf">
         <name>DL_I2C_setClockConfig</name>
         <value>0x497f</value>
         <object_component_ref idref="oc-1a6"/>
      </symbol>
      <symbol id="sm-1c0">
         <name>DL_I2C_fillControllerTXFIFO</name>
         <value>0x4031</value>
         <object_component_ref idref="oc-233"/>
      </symbol>
      <symbol id="sm-1d1">
         <name>sprintf</name>
         <value>0x46e1</value>
         <object_component_ref idref="oc-5d"/>
      </symbol>
      <symbol id="sm-1db">
         <name>sqrt</name>
         <value>0x2865</value>
         <object_component_ref idref="oc-c8"/>
      </symbol>
      <symbol id="sm-1dc">
         <name>sqrtl</name>
         <value>0x2865</value>
         <object_component_ref idref="oc-c8"/>
      </symbol>
      <symbol id="sm-1fc">
         <name>cos</name>
         <value>0x1bf5</value>
         <object_component_ref idref="oc-140"/>
      </symbol>
      <symbol id="sm-1fd">
         <name>cosl</name>
         <value>0x1bf5</value>
         <object_component_ref idref="oc-140"/>
      </symbol>
      <symbol id="sm-21a">
         <name>sin</name>
         <value>0x179d</value>
         <object_component_ref idref="oc-146"/>
      </symbol>
      <symbol id="sm-21b">
         <name>sinl</name>
         <value>0x179d</value>
         <object_component_ref idref="oc-146"/>
      </symbol>
      <symbol id="sm-226">
         <name>__aeabi_errno_addr</name>
         <value>0x4f01</value>
         <object_component_ref idref="oc-14f"/>
      </symbol>
      <symbol id="sm-227">
         <name>__aeabi_errno</name>
         <value>0x20204004</value>
         <object_component_ref idref="oc-1f2"/>
      </symbol>
      <symbol id="sm-243">
         <name>__kernel_rem_pio2</name>
         <value>0x1145</value>
         <object_component_ref idref="oc-1db"/>
      </symbol>
      <symbol id="sm-251">
         <name>_c_int00_noargs</name>
         <value>0x4931</value>
         <object_component_ref idref="oc-55"/>
      </symbol>
      <symbol id="sm-252">
         <name>__stack</name>
         <value>0x20207e00</value>
         <object_component_ref idref="oc-1a"/>
      </symbol>
      <symbol id="sm-25e">
         <name>__TI_auto_init_nobinit_nopinit</name>
         <value>0x462d</value>
         <object_component_ref idref="oc-f4"/>
      </symbol>
      <symbol id="sm-266">
         <name>_system_pre_init</name>
         <value>0x4f67</value>
         <object_component_ref idref="oc-79"/>
      </symbol>
      <symbol id="sm-271">
         <name>__TI_zero_init</name>
         <value>0x4e25</value>
         <object_component_ref idref="oc-52"/>
      </symbol>
      <symbol id="sm-27a">
         <name>__TI_decompress_none</name>
         <value>0x4df1</value>
         <object_component_ref idref="oc-20"/>
      </symbol>
      <symbol id="sm-285">
         <name>__TI_decompress_lzss</name>
         <value>0x3b21</value>
         <object_component_ref idref="oc-1c"/>
      </symbol>
      <symbol id="sm-2ce">
         <name>__TI_printfi</name>
         <value>0xc1</value>
         <object_component_ref idref="oc-10d"/>
      </symbol>
      <symbol id="sm-2e0">
         <name>__kernel_cos</name>
         <value>0x2ca1</value>
         <object_component_ref idref="oc-1cf"/>
      </symbol>
      <symbol id="sm-2ee">
         <name>__kernel_sin</name>
         <value>0x29e9</value>
         <object_component_ref idref="oc-1e4"/>
      </symbol>
      <symbol id="sm-2fb">
         <name>floor</name>
         <value>0x2df1</value>
         <object_component_ref idref="oc-241"/>
      </symbol>
      <symbol id="sm-2fc">
         <name>floorl</name>
         <value>0x2df1</value>
         <object_component_ref idref="oc-241"/>
      </symbol>
      <symbol id="sm-306">
         <name>frexp</name>
         <value>0x4091</value>
         <object_component_ref idref="oc-21e"/>
      </symbol>
      <symbol id="sm-307">
         <name>frexpl</name>
         <value>0x4091</value>
         <object_component_ref idref="oc-21e"/>
      </symbol>
      <symbol id="sm-311">
         <name>scalbn</name>
         <value>0x3461</value>
         <object_component_ref idref="oc-222"/>
      </symbol>
      <symbol id="sm-312">
         <name>ldexp</name>
         <value>0x3461</value>
         <object_component_ref idref="oc-222"/>
      </symbol>
      <symbol id="sm-313">
         <name>scalbnl</name>
         <value>0x3461</value>
         <object_component_ref idref="oc-222"/>
      </symbol>
      <symbol id="sm-314">
         <name>ldexpl</name>
         <value>0x3461</value>
         <object_component_ref idref="oc-222"/>
      </symbol>
      <symbol id="sm-31e">
         <name>abort</name>
         <value>0x4f6b</value>
         <object_component_ref idref="oc-ed"/>
      </symbol>
      <symbol id="sm-31f">
         <name>C$$EXIT</name>
         <value>0x4f6a</value>
         <object_component_ref idref="oc-ed"/>
      </symbol>
      <symbol id="sm-329">
         <name>__TI_ltoa</name>
         <value>0x4145</value>
         <object_component_ref idref="oc-226"/>
      </symbol>
      <symbol id="sm-334">
         <name>atoi</name>
         <value>0x4539</value>
         <object_component_ref idref="oc-179"/>
      </symbol>
      <symbol id="sm-33d">
         <name>memccpy</name>
         <value>0x49c9</value>
         <object_component_ref idref="oc-16e"/>
      </symbol>
      <symbol id="sm-346">
         <name>wcslen</name>
         <value>0x4e15</value>
         <object_component_ref idref="oc-17d"/>
      </symbol>
      <symbol id="sm-349">
         <name>__aeabi_ctype_table_</name>
         <value>0x7890</value>
         <object_component_ref idref="oc-209"/>
      </symbol>
      <symbol id="sm-34a">
         <name>__aeabi_ctype_table_C</name>
         <value>0x7890</value>
         <object_component_ref idref="oc-209"/>
      </symbol>
      <symbol id="sm-360">
         <name>__aeabi_fadd</name>
         <value>0x3543</value>
         <object_component_ref idref="oc-c4"/>
      </symbol>
      <symbol id="sm-361">
         <name>__addsf3</name>
         <value>0x3543</value>
         <object_component_ref idref="oc-c4"/>
      </symbol>
      <symbol id="sm-362">
         <name>__aeabi_fsub</name>
         <value>0x3539</value>
         <object_component_ref idref="oc-c4"/>
      </symbol>
      <symbol id="sm-363">
         <name>__subsf3</name>
         <value>0x3539</value>
         <object_component_ref idref="oc-c4"/>
      </symbol>
      <symbol id="sm-369">
         <name>__aeabi_dadd</name>
         <value>0x26db</value>
         <object_component_ref idref="oc-130"/>
      </symbol>
      <symbol id="sm-36a">
         <name>__adddf3</name>
         <value>0x26db</value>
         <object_component_ref idref="oc-130"/>
      </symbol>
      <symbol id="sm-36b">
         <name>__aeabi_dsub</name>
         <value>0x26d1</value>
         <object_component_ref idref="oc-130"/>
      </symbol>
      <symbol id="sm-36c">
         <name>__subdf3</name>
         <value>0x26d1</value>
         <object_component_ref idref="oc-130"/>
      </symbol>
      <symbol id="sm-378">
         <name>__aeabi_dmul</name>
         <value>0x329d</value>
         <object_component_ref idref="oc-af"/>
      </symbol>
      <symbol id="sm-379">
         <name>__muldf3</name>
         <value>0x329d</value>
         <object_component_ref idref="oc-af"/>
      </symbol>
      <symbol id="sm-382">
         <name>__muldsi3</name>
         <value>0x46a5</value>
         <object_component_ref idref="oc-137"/>
      </symbol>
      <symbol id="sm-388">
         <name>__aeabi_fmul</name>
         <value>0x3995</value>
         <object_component_ref idref="oc-bb"/>
      </symbol>
      <symbol id="sm-389">
         <name>__mulsf3</name>
         <value>0x3995</value>
         <object_component_ref idref="oc-bb"/>
      </symbol>
      <symbol id="sm-38f">
         <name>__aeabi_fdiv</name>
         <value>0x3a21</value>
         <object_component_ref idref="oc-12a"/>
      </symbol>
      <symbol id="sm-390">
         <name>__divsf3</name>
         <value>0x3a21</value>
         <object_component_ref idref="oc-12a"/>
      </symbol>
      <symbol id="sm-396">
         <name>__aeabi_ddiv</name>
         <value>0x3191</value>
         <object_component_ref idref="oc-b3"/>
      </symbol>
      <symbol id="sm-397">
         <name>__divdf3</name>
         <value>0x3191</value>
         <object_component_ref idref="oc-b3"/>
      </symbol>
      <symbol id="sm-39d">
         <name>__aeabi_f2d</name>
         <value>0x44f9</value>
         <object_component_ref idref="oc-ab"/>
      </symbol>
      <symbol id="sm-39e">
         <name>__extendsfdf2</name>
         <value>0x44f9</value>
         <object_component_ref idref="oc-ab"/>
      </symbol>
      <symbol id="sm-3a4">
         <name>__aeabi_d2iz</name>
         <value>0x442d</value>
         <object_component_ref idref="oc-1cb"/>
      </symbol>
      <symbol id="sm-3a5">
         <name>__fixdfsi</name>
         <value>0x442d</value>
         <object_component_ref idref="oc-1cb"/>
      </symbol>
      <symbol id="sm-3ab">
         <name>__aeabi_i2d</name>
         <value>0x4811</value>
         <object_component_ref idref="oc-cc"/>
      </symbol>
      <symbol id="sm-3ac">
         <name>__floatsidf</name>
         <value>0x4811</value>
         <object_component_ref idref="oc-cc"/>
      </symbol>
      <symbol id="sm-3b2">
         <name>__aeabi_i2f</name>
         <value>0x45b5</value>
         <object_component_ref idref="oc-b7"/>
      </symbol>
      <symbol id="sm-3b3">
         <name>__floatsisf</name>
         <value>0x45b5</value>
         <object_component_ref idref="oc-b7"/>
      </symbol>
      <symbol id="sm-3b9">
         <name>__aeabi_ui2f</name>
         <value>0x4909</value>
         <object_component_ref idref="oc-126"/>
      </symbol>
      <symbol id="sm-3ba">
         <name>__floatunsisf</name>
         <value>0x4909</value>
         <object_component_ref idref="oc-126"/>
      </symbol>
      <symbol id="sm-3c0">
         <name>__aeabi_lmul</name>
         <value>0x49a5</value>
         <object_component_ref idref="oc-181"/>
      </symbol>
      <symbol id="sm-3c1">
         <name>__muldi3</name>
         <value>0x49a5</value>
         <object_component_ref idref="oc-181"/>
      </symbol>
      <symbol id="sm-3c8">
         <name>__aeabi_d2f</name>
         <value>0x3c11</value>
         <object_component_ref idref="oc-d0"/>
      </symbol>
      <symbol id="sm-3c9">
         <name>__truncdfsf2</name>
         <value>0x3c11</value>
         <object_component_ref idref="oc-d0"/>
      </symbol>
      <symbol id="sm-3cf">
         <name>__aeabi_dcmpeq</name>
         <value>0x3f09</value>
         <object_component_ref idref="oc-18a"/>
      </symbol>
      <symbol id="sm-3d0">
         <name>__aeabi_dcmplt</name>
         <value>0x3f1d</value>
         <object_component_ref idref="oc-18a"/>
      </symbol>
      <symbol id="sm-3d1">
         <name>__aeabi_dcmple</name>
         <value>0x3f31</value>
         <object_component_ref idref="oc-18a"/>
      </symbol>
      <symbol id="sm-3d2">
         <name>__aeabi_dcmpge</name>
         <value>0x3f45</value>
         <object_component_ref idref="oc-18a"/>
      </symbol>
      <symbol id="sm-3d3">
         <name>__aeabi_dcmpgt</name>
         <value>0x3f59</value>
         <object_component_ref idref="oc-18a"/>
      </symbol>
      <symbol id="sm-3d9">
         <name>__aeabi_fcmpeq</name>
         <value>0x3f6d</value>
         <object_component_ref idref="oc-d4"/>
      </symbol>
      <symbol id="sm-3da">
         <name>__aeabi_fcmplt</name>
         <value>0x3f81</value>
         <object_component_ref idref="oc-d4"/>
      </symbol>
      <symbol id="sm-3db">
         <name>__aeabi_fcmple</name>
         <value>0x3f95</value>
         <object_component_ref idref="oc-d4"/>
      </symbol>
      <symbol id="sm-3dc">
         <name>__aeabi_fcmpge</name>
         <value>0x3fa9</value>
         <object_component_ref idref="oc-d4"/>
      </symbol>
      <symbol id="sm-3dd">
         <name>__aeabi_fcmpgt</name>
         <value>0x3fbd</value>
         <object_component_ref idref="oc-d4"/>
      </symbol>
      <symbol id="sm-3e3">
         <name>__aeabi_idiv</name>
         <value>0x41f5</value>
         <object_component_ref idref="oc-23d"/>
      </symbol>
      <symbol id="sm-3e4">
         <name>__aeabi_idivmod</name>
         <value>0x41f5</value>
         <object_component_ref idref="oc-23d"/>
      </symbol>
      <symbol id="sm-3ea">
         <name>__aeabi_memcpy</name>
         <value>0x4f09</value>
         <object_component_ref idref="oc-45"/>
      </symbol>
      <symbol id="sm-3eb">
         <name>__aeabi_memcpy4</name>
         <value>0x4f09</value>
         <object_component_ref idref="oc-45"/>
      </symbol>
      <symbol id="sm-3ec">
         <name>__aeabi_memcpy8</name>
         <value>0x4f09</value>
         <object_component_ref idref="oc-45"/>
      </symbol>
      <symbol id="sm-3f5">
         <name>__aeabi_memset</name>
         <value>0x4e71</value>
         <object_component_ref idref="oc-16d"/>
      </symbol>
      <symbol id="sm-3f6">
         <name>__aeabi_memset4</name>
         <value>0x4e71</value>
         <object_component_ref idref="oc-16d"/>
      </symbol>
      <symbol id="sm-3f7">
         <name>__aeabi_memset8</name>
         <value>0x4e71</value>
         <object_component_ref idref="oc-16d"/>
      </symbol>
      <symbol id="sm-3f8">
         <name>__aeabi_memclr</name>
         <value>0x4e9d</value>
         <object_component_ref idref="oc-74"/>
      </symbol>
      <symbol id="sm-3f9">
         <name>__aeabi_memclr4</name>
         <value>0x4e9d</value>
         <object_component_ref idref="oc-74"/>
      </symbol>
      <symbol id="sm-3fa">
         <name>__aeabi_memclr8</name>
         <value>0x4e9d</value>
         <object_component_ref idref="oc-74"/>
      </symbol>
      <symbol id="sm-400">
         <name>__aeabi_uidiv</name>
         <value>0x44b9</value>
         <object_component_ref idref="oc-173"/>
      </symbol>
      <symbol id="sm-401">
         <name>__aeabi_uidivmod</name>
         <value>0x44b9</value>
         <object_component_ref idref="oc-173"/>
      </symbol>
      <symbol id="sm-407">
         <name>__aeabi_uldivmod</name>
         <value>0x4da5</value>
         <object_component_ref idref="oc-186"/>
      </symbol>
      <symbol id="sm-410">
         <name>__eqsf2</name>
         <value>0x4669</value>
         <object_component_ref idref="oc-159"/>
      </symbol>
      <symbol id="sm-411">
         <name>__lesf2</name>
         <value>0x4669</value>
         <object_component_ref idref="oc-159"/>
      </symbol>
      <symbol id="sm-412">
         <name>__ltsf2</name>
         <value>0x4669</value>
         <object_component_ref idref="oc-159"/>
      </symbol>
      <symbol id="sm-413">
         <name>__nesf2</name>
         <value>0x4669</value>
         <object_component_ref idref="oc-159"/>
      </symbol>
      <symbol id="sm-414">
         <name>__cmpsf2</name>
         <value>0x4669</value>
         <object_component_ref idref="oc-159"/>
      </symbol>
      <symbol id="sm-415">
         <name>__gtsf2</name>
         <value>0x45f1</value>
         <object_component_ref idref="oc-15e"/>
      </symbol>
      <symbol id="sm-416">
         <name>__gesf2</name>
         <value>0x45f1</value>
         <object_component_ref idref="oc-15e"/>
      </symbol>
      <symbol id="sm-41c">
         <name>__udivmoddi4</name>
         <value>0x3859</value>
         <object_component_ref idref="oc-211"/>
      </symbol>
      <symbol id="sm-422">
         <name>__aeabi_llsl</name>
         <value>0x4a2d</value>
         <object_component_ref idref="oc-254"/>
      </symbol>
      <symbol id="sm-423">
         <name>__ashldi3</name>
         <value>0x4a2d</value>
         <object_component_ref idref="oc-254"/>
      </symbol>
      <symbol id="sm-431">
         <name>__ledf2</name>
         <value>0x3d65</value>
         <object_component_ref idref="oc-216"/>
      </symbol>
      <symbol id="sm-432">
         <name>__gedf2</name>
         <value>0x3cf5</value>
         <object_component_ref idref="oc-21c"/>
      </symbol>
      <symbol id="sm-433">
         <name>__cmpdf2</name>
         <value>0x3d65</value>
         <object_component_ref idref="oc-216"/>
      </symbol>
      <symbol id="sm-434">
         <name>__eqdf2</name>
         <value>0x3d65</value>
         <object_component_ref idref="oc-216"/>
      </symbol>
      <symbol id="sm-435">
         <name>__ltdf2</name>
         <value>0x3d65</value>
         <object_component_ref idref="oc-216"/>
      </symbol>
      <symbol id="sm-436">
         <name>__nedf2</name>
         <value>0x3d65</value>
         <object_component_ref idref="oc-216"/>
      </symbol>
      <symbol id="sm-437">
         <name>__gtdf2</name>
         <value>0x3cf5</value>
         <object_component_ref idref="oc-21c"/>
      </symbol>
      <symbol id="sm-443">
         <name>__aeabi_idiv0</name>
         <value>0x2863</value>
         <object_component_ref idref="oc-203"/>
      </symbol>
      <symbol id="sm-444">
         <name>__aeabi_ldiv0</name>
         <value>0x38fb</value>
         <object_component_ref idref="oc-253"/>
      </symbol>
      <symbol id="sm-44e">
         <name>TI_memcpy_small</name>
         <value>0x4ddf</value>
         <object_component_ref idref="oc-90"/>
      </symbol>
      <symbol id="sm-457">
         <name>TI_memset_small</name>
         <value>0x4e8d</value>
         <object_component_ref idref="oc-113"/>
      </symbol>
      <symbol id="sm-458">
         <name>__TI_static_base__</name>
         <value>0x0</value>
      </symbol>
      <symbol id="sm-45c">
         <name>__mpu_init</name>
         <value>0x0</value>
      </symbol>
      <symbol id="sm-45d">
         <name>_system_post_cinit</name>
         <value>0x0</value>
      </symbol>
   </symbol_table>
   <title>Link successful</title>
</link_info>
