******************************************************************************
            TI ARM Clang Linker PC v3.2.2                      
******************************************************************************
>> Linked Thu Jul 17 10:16:43 2025

OUTPUT FILE NAME:   <2024NUEDC.out>
ENTRY POINT SYMBOL: "_c_int00_noargs"  address: 000015bd


MEMORY CONFIGURATION

         name            origin    length      used     unused   attr    fill
----------------------  --------  ---------  --------  --------  ----  --------
  FLASH                 00000000   00020000  00001ef0  0001e110  R  X
  SRAM                  20200000   00008000  00000301  00007cff  RW X
  BCR_CONFIG            41c00000   000000ff  00000000  000000ff  R   
  BSL_CONFIG            41c00100   00000080  00000000  00000080  R   


SEGMENT ALLOCATION MAP

run origin  load origin   length   init length attrs members
----------  ----------- ---------- ----------- ----- -------
00000000    00000000    00001ef0   00001ef0    r-x
  00000000    00000000    000000c0   000000c0    r-- .intvecs
  000000c0    000000c0    000015e0   000015e0    r-x .text
  000016a0    000016a0    00000838   00000838    r-- .rodata
  00001ed8    00001ed8    00000018   00000018    r-- .cinit
20200000    20200000    00000101   00000000    rw-
  20200000    20200000    00000101   00000000    rw- .bss
20207e00    20207e00    00000200   00000000    rw-
  20207e00    20207e00    00000200   00000000    rw- .stack


SECTION ALLOCATION MAP

 output                                  attributes/
section   page    origin      length       input sections
--------  ----  ----------  ----------   ----------------
.intvecs   0    00000000    000000c0     
                  00000000    000000c0     startup_mspm0g350x_ticlang.o (.intvecs)

.text      0    000000c0    000015e0     
                  000000c0    00000ab0     oled.o (.text.OLED_Init)
                  00000b70    00000368     oled.o (.text.OLED_ShowChar)
                  00000ed8    000002ac     oled.o (.text.OLED_Fill)
                  00001184    00000138     oled.o (.text.OLED_SetPos)
                  000012bc    00000088     2024NUEDC.o (.text.main)
                  00001344    0000006c     ti_msp_dl_config.o (.text.SYSCFG_DL_ADC12_0_init)
                  000013b0    0000005e     driverlib.a : dl_i2c.o (.text.DL_I2C_fillControllerTXFIFO)
                  0000140e    0000005c     oled.o (.text.OLED_ShowString)
                  0000146a    00000002     startup_mspm0g350x_ticlang.o (.text.Default_Handler)
                  0000146c    00000054     ti_msp_dl_config.o (.text.SYSCFG_DL_I2C_OLED_init)
                  000014c0    00000040     driverlib.a : dl_adc12.o (.text.DL_ADC12_setClockConfig)
                  00001500    00000040     ti_msp_dl_config.o (.text.SYSCFG_DL_SYSCTL_init)
                  00001540    00000040     ti_msp_dl_config.o (.text.SYSCFG_DL_initPower)
                  00001580    0000003c     libc.a : autoinit.c.obj (.text:__TI_auto_init_nobinit_nopinit)
                  000015bc    00000028            : boot_cortex_m.c.obj (.text:_c_int00_noargs)
                  000015e4    00000026     driverlib.a : dl_i2c.o (.text.DL_I2C_setClockConfig)
                  0000160a    00000002     --HOLE-- [fill = 0]
                  0000160c    00000024     ti_msp_dl_config.o (.text.SYSCFG_DL_GPIO_init)
                  00001630    0000001c     2024NUEDC.o (.text.ADC0_IRQHandler)
                  0000164c    00000018     ti_msp_dl_config.o (.text.SYSCFG_DL_init)
                  00001664    00000016     libc.a : copy_zero_init.c.obj (.text:decompress:ZI:__TI_zero_init_nomemset)
                  0000167a    0000000a     driverlib.a : dl_common.o (.text.DL_Common_delayCycles)
                  00001684    0000000a     oled.o (.text.OLED_CLS)
                  0000168e    00000004     startup_mspm0g350x_ticlang.o (.text.Reset_Handler)
                  00001692    00000004     libc.a : pre_init.c.obj (.text._system_pre_init)
                  00001696    00000004            : exit.c.obj (.text:abort)
                  0000169a    00000006     --HOLE-- [fill = 0]

.cinit     0    00001ed8    00000018     
                  00001ed8    00000008     (.cinit..bss.load) [load image, compression = zero_init]
                  00001ee0    00000004     (__TI_handler_table)
                  00001ee4    00000008     (__TI_cinit_table)
                  00001eec    00000004     --HOLE-- [fill = 0]

.rodata    0    000016a0    00000838     
                  000016a0    000005f0     oled.o (.rodata.F8X16)
                  00001c90    00000228     oled.o (.rodata.F6x8)
                  00001eb8    00000012     2024NUEDC.o (.rodata.str1.108539083448369711261)
                  00001eca    00000002     ti_msp_dl_config.o (.rodata.gI2C_OLEDClockConfig)
                  00001ecc    00000008     ti_msp_dl_config.o (.rodata.gADC12_0ClockConfig)
                  00001ed4    00000004     --HOLE-- [fill = 0]

.init_array 
*          0    00000000    00000000     UNINITIALIZED

.binit     0    00000000    00000000     

.bss       0    20200000    00000101     UNINITIALIZED
                  20200000    00000080     (.common:gAdcResult0)
                  20200080    00000080     (.common:gAdcResult1)
                  20200100    00000001     (.common:gCheckADC)

.stack     0    20207e00    00000200     UNINITIALIZED
                  20207e00    00000004     libc.a : boot_cortex_m.c.obj (.stack)
                  20207e04    000001fc     --HOLE--

__llvm_prf_cnts 
*          0    20200000    00000000     UNINITIALIZED

__llvm_prf_bits 
*          0    20200000    00000000     UNINITIALIZED

MODULE SUMMARY

       Module                         code   ro data   rw data
       ------                         ----   -------   -------
    .\
       2024NUEDC.o                    164    18        257    
       ti_msp_dl_config.o             380    10        0      
       startup_mspm0g350x_ticlang.o   6      192       0      
    +--+------------------------------+------+---------+---------+
       Total:                         550    220       257    
                                                              
    .\oled\
       oled.o                         4706   2072      0      
    +--+------------------------------+------+---------+---------+
       Total:                         4706   2072      0      
                                                              
    D:/A_Scholastic/33/ti/mspm0_sdk_2_04_00_06/source/ti/driverlib/lib/ticlang/m0p/mspm0g1x0x_g3x0x/driverlib.a
       dl_i2c.o                       132    0         0      
       dl_adc12.o                     64     0         0      
       dl_common.o                    10     0         0      
    +--+------------------------------+------+---------+---------+
       Total:                         206    0         0      
                                                              
    D:\ccstheia141\ccs\tools\compiler\ti-cgt-armllvm_3.2.2.LTS\lib\armv6m-ti-none-eabi/c/libc.a
       autoinit.c.obj                 60     0         0      
       boot_cortex_m.c.obj            40     0         0      
       copy_zero_init.c.obj           22     0         0      
       exit.c.obj                     4      0         0      
       pre_init.c.obj                 4      0         0      
    +--+------------------------------+------+---------+---------+
       Total:                         130    0         0      
                                                              
       Stack:                         0      0         512    
       Linker Generated:              0      20        0      
    +--+------------------------------+------+---------+---------+
       Grand Total:                   5592   2312      769    


LINKER GENERATED COPY TABLES

__TI_cinit_table @ 00001ee4 records: 1, size/record: 8, table size: 8
	.bss: load addr=00001ed8, load size=00000008 bytes, run addr=20200000, run size=00000101 bytes, compression=zero_init


LINKER GENERATED HANDLER TABLE

__TI_handler_table @ 00001ee0 records: 1, size/record: 4, table size: 4
	index: 0, handler: __TI_zero_init


GLOBAL SYMBOLS: SORTED ALPHABETICALLY BY Name 

address   name                          
-------   ----                          
00001631  ADC0_IRQHandler               
0000146b  ADC1_IRQHandler               
0000146b  AES_IRQHandler                
00001696  C$$EXIT                       
0000146b  CANFD0_IRQHandler             
0000146b  DAC0_IRQHandler               
000014c1  DL_ADC12_setClockConfig       
0000167b  DL_Common_delayCycles         
000013b1  DL_I2C_fillControllerTXFIFO   
000015e5  DL_I2C_setClockConfig         
0000146b  DMA_IRQHandler                
0000146b  Default_Handler               
00001c90  F6x8                          
000016a0  F8X16                         
0000146b  GROUP0_IRQHandler             
0000146b  GROUP1_IRQHandler             
0000146b  HardFault_Handler             
0000146b  I2C0_IRQHandler               
0000146b  I2C1_IRQHandler               
0000146b  NMI_Handler                   
00001685  OLED_CLS                      
00000ed9  OLED_Fill                     
000000c1  OLED_Init                     
00001185  OLED_SetPos                   
00000b71  OLED_ShowChar                 
0000140f  OLED_ShowString               
0000146b  PendSV_Handler                
0000146b  RTC_IRQHandler                
0000168f  Reset_Handler                 
0000146b  SPI0_IRQHandler               
0000146b  SPI1_IRQHandler               
0000146b  SVC_Handler                   
00001345  SYSCFG_DL_ADC12_0_init        
0000160d  SYSCFG_DL_GPIO_init           
0000146d  SYSCFG_DL_I2C_OLED_init       
00001501  SYSCFG_DL_SYSCTL_init         
0000164d  SYSCFG_DL_init                
00001541  SYSCFG_DL_initPower           
0000146b  SysTick_Handler               
0000146b  TIMA0_IRQHandler              
0000146b  TIMA1_IRQHandler              
0000146b  TIMG0_IRQHandler              
0000146b  TIMG12_IRQHandler             
0000146b  TIMG6_IRQHandler              
0000146b  TIMG7_IRQHandler              
0000146b  TIMG8_IRQHandler              
0000146b  UART0_IRQHandler              
0000146b  UART1_IRQHandler              
0000146b  UART2_IRQHandler              
0000146b  UART3_IRQHandler              
20208000  __STACK_END                   
00000200  __STACK_SIZE                  
00000000  __TI_ATRegion0_region_sz      
00000000  __TI_ATRegion0_src_addr       
00000000  __TI_ATRegion0_trg_addr       
00000000  __TI_ATRegion1_region_sz      
00000000  __TI_ATRegion1_src_addr       
00000000  __TI_ATRegion1_trg_addr       
00000000  __TI_ATRegion2_region_sz      
00000000  __TI_ATRegion2_src_addr       
00000000  __TI_ATRegion2_trg_addr       
00001ee4  __TI_CINIT_Base               
00001eec  __TI_CINIT_Limit              
00001eec  __TI_CINIT_Warm               
00001ee0  __TI_Handler_Table_Base       
00001ee4  __TI_Handler_Table_Limit      
00001581  __TI_auto_init_nobinit_nopinit
ffffffff  __TI_pprof_out_hndl           
ffffffff  __TI_prof_data_size           
ffffffff  __TI_prof_data_start          
00000000  __TI_static_base__            
00001665  __TI_zero_init_nomemset       
ffffffff  __binit__                     
UNDEFED   __mpu_init                    
20207e00  __stack                       
20200000  __start___llvm_prf_bits       
20200000  __start___llvm_prf_cnts       
20200000  __stop___llvm_prf_bits        
20200000  __stop___llvm_prf_cnts        
000015bd  _c_int00_noargs               
UNDEFED   _system_post_cinit            
00001693  _system_pre_init              
00001697  abort                         
ffffffff  binit                         
20200000  gAdcResult0                   
20200080  gAdcResult1                   
20200100  gCheckADC                     
00000000  interruptVectors              
000012bd  main                          


GLOBAL SYMBOLS: SORTED BY Symbol Address 

address   name                          
-------   ----                          
00000000  __TI_ATRegion0_region_sz      
00000000  __TI_ATRegion0_src_addr       
00000000  __TI_ATRegion0_trg_addr       
00000000  __TI_ATRegion1_region_sz      
00000000  __TI_ATRegion1_src_addr       
00000000  __TI_ATRegion1_trg_addr       
00000000  __TI_ATRegion2_region_sz      
00000000  __TI_ATRegion2_src_addr       
00000000  __TI_ATRegion2_trg_addr       
00000000  __TI_static_base__            
00000000  interruptVectors              
000000c1  OLED_Init                     
00000200  __STACK_SIZE                  
00000b71  OLED_ShowChar                 
00000ed9  OLED_Fill                     
00001185  OLED_SetPos                   
000012bd  main                          
00001345  SYSCFG_DL_ADC12_0_init        
000013b1  DL_I2C_fillControllerTXFIFO   
0000140f  OLED_ShowString               
0000146b  ADC1_IRQHandler               
0000146b  AES_IRQHandler                
0000146b  CANFD0_IRQHandler             
0000146b  DAC0_IRQHandler               
0000146b  DMA_IRQHandler                
0000146b  Default_Handler               
0000146b  GROUP0_IRQHandler             
0000146b  GROUP1_IRQHandler             
0000146b  HardFault_Handler             
0000146b  I2C0_IRQHandler               
0000146b  I2C1_IRQHandler               
0000146b  NMI_Handler                   
0000146b  PendSV_Handler                
0000146b  RTC_IRQHandler                
0000146b  SPI0_IRQHandler               
0000146b  SPI1_IRQHandler               
0000146b  SVC_Handler                   
0000146b  SysTick_Handler               
0000146b  TIMA0_IRQHandler              
0000146b  TIMA1_IRQHandler              
0000146b  TIMG0_IRQHandler              
0000146b  TIMG12_IRQHandler             
0000146b  TIMG6_IRQHandler              
0000146b  TIMG7_IRQHandler              
0000146b  TIMG8_IRQHandler              
0000146b  UART0_IRQHandler              
0000146b  UART1_IRQHandler              
0000146b  UART2_IRQHandler              
0000146b  UART3_IRQHandler              
0000146d  SYSCFG_DL_I2C_OLED_init       
000014c1  DL_ADC12_setClockConfig       
00001501  SYSCFG_DL_SYSCTL_init         
00001541  SYSCFG_DL_initPower           
00001581  __TI_auto_init_nobinit_nopinit
000015bd  _c_int00_noargs               
000015e5  DL_I2C_setClockConfig         
0000160d  SYSCFG_DL_GPIO_init           
00001631  ADC0_IRQHandler               
0000164d  SYSCFG_DL_init                
00001665  __TI_zero_init_nomemset       
0000167b  DL_Common_delayCycles         
00001685  OLED_CLS                      
0000168f  Reset_Handler                 
00001693  _system_pre_init              
00001696  C$$EXIT                       
00001697  abort                         
000016a0  F8X16                         
00001c90  F6x8                          
00001ee0  __TI_Handler_Table_Base       
00001ee4  __TI_CINIT_Base               
00001ee4  __TI_Handler_Table_Limit      
00001eec  __TI_CINIT_Limit              
00001eec  __TI_CINIT_Warm               
20200000  __start___llvm_prf_bits       
20200000  __start___llvm_prf_cnts       
20200000  __stop___llvm_prf_bits        
20200000  __stop___llvm_prf_cnts        
20200000  gAdcResult0                   
20200080  gAdcResult1                   
20200100  gCheckADC                     
20207e00  __stack                       
20208000  __STACK_END                   
ffffffff  __TI_pprof_out_hndl           
ffffffff  __TI_prof_data_size           
ffffffff  __TI_prof_data_start          
ffffffff  __binit__                     
ffffffff  binit                         
UNDEFED   __mpu_init                    
UNDEFED   _system_post_cinit            

[89 symbols]
