******************************************************************************
            TI ARM Clang Linker PC v3.2.2                      
******************************************************************************
>> Linked Fri Jul 18 21:22:01 2025

OUTPUT FILE NAME:   <2024NUEDC.out>
ENTRY POINT SYMBOL: "_c_int00_noargs"  address: 000048f1


MEMORY CONFIGURATION

         name            origin    length      used     unused   attr    fill
----------------------  --------  ---------  --------  --------  ----  --------
  FLASH                 00000000   00020000  00007ab8  00018548  R  X
  SRAM                  20200000   00008000  00006314  00001cec  RW X
  BCR_CONFIG            41c00000   000000ff  00000000  000000ff  R   
  BSL_CONFIG            41c00100   00000080  00000000  00000080  R   


SEGMENT ALLOCATION MAP

run origin  load origin   length   init length attrs members
----------  ----------- ---------- ----------- ----- -------
00000000    00000000    00007ab8   00007ab8    r-x
  00000000    00000000    000000c0   000000c0    r-- .intvecs
  000000c0    000000c0    00004e70   00004e70    r-x .text
  00004f30    00004f30    00002b50   00002b50    r-- .rodata
  00007a80    00007a80    00000038   00000038    r-- .cinit
20200000    20200000    00006114   00000000    rw-
  20200000    20200000    00004020   00000000    rw- .data
  20204020    20204020    000020f4   00000000    rw- .bss
20207e00    20207e00    00000200   00000000    rw-
  20207e00    20207e00    00000200   00000000    rw- .stack


SECTION ALLOCATION MAP

 output                                  attributes/
section   page    origin      length       input sections
--------  ----  ----------  ----------   ----------------
.intvecs   0    00000000    000000c0     
                  00000000    000000c0     startup_mspm0g350x_ticlang.o (.intvecs)

.text      0    000000c0    00004e70     
                  000000c0    00000a00     libc.a : _printfi.c.obj (.text:__TI_printfi)
                  00000ac0    00000658            : k_rem_pio2.c.obj (.text.__kernel_rem_pio2)
                  00001118    00000648     2024NUEDC.o (.text.main)
                  00001760    00000458     libc.a : s_sin.c.obj (.text.sin)
                  00001bb8    00000440            : s_cos.c.obj (.text.cos)
                  00001ff8    000002a0     fft.o (.text.FFT)
                  00002298    00000220     libc.a : _printfi.c.obj (.text._pconv_a)
                  000024b8    000001dc            : _printfi.c.obj (.text._pconv_g)
                  00002694    00000192     libclang_rt.builtins.a : adddf3.S.obj (.text.adddf3_subdf3)
                  00002826    00000002                            : aeabi_div0.c.obj (.text.__aeabi_idiv0)
                  00002828    00000184     libc.a : e_sqrt.c.obj (.text.sqrt)
                  000029ac    00000168            : k_sin.c.obj (.text.__kernel_sin)
                  00002b14    00000150     oled.o (.text.OLED_ShowChar)
                  00002c64    00000150     libc.a : k_cos.c.obj (.text.__kernel_cos)
                  00002db4    00000144            : s_floor.c.obj (.text.floor)
                  00002ef8    0000013c            : _printfi.c.obj (.text.fcvt)
                  00003034    00000120            : _printfi.c.obj (.text._pconv_e)
                  00003154    0000010c     libclang_rt.builtins.a : divdf3.S.obj (.text.__divdf3)
                  00003260    000000e4                            : muldf3.S.obj (.text.__muldf3)
                  00003344    000000dc     calculate.o (.text.calculate_power_factor)
                  00003420    000000d8     libc.a : s_scalbn.c.obj (.text.scalbn)
                  000034f8    000000d8     libclang_rt.builtins.a : addsf3.S.obj (.text)
                  000035d0    000000cc     calculate.o (.text.max115)
                  0000369c    000000c0     oled.o (.text.OLED_Init)
                  0000375c    000000bc     fft.o (.text.RemoveDCBias)
                  00003818    000000a2     libclang_rt.builtins.a : udivmoddi4.S.obj (.text)
                  000038ba    00000002                            : aeabi_div0.c.obj (.text.__aeabi_ldiv0)
                  000038bc    00000098     ti_msp_dl_config.o (.text.SYSCFG_DL_ADC0_init)
                  00003954    0000008c     libclang_rt.builtins.a : mulsf3.S.obj (.text.__mulsf3)
                  000039e0    00000082                            : divsf3.S.obj (.text.__divsf3)
                  00003a62    0000007e     calculate.o (.text.calculate_rms_dc_removed)
                  00003ae0    00000078     libc.a : copy_decompress_lzss.c.obj (.text:decompress:lzss)
                  00003b58    00000074     oled.o (.text.I2C_WriteByte)
                  00003bcc    00000004     startup_mspm0g350x_ticlang.o (.text.Default_Handler)
                  00003bd0    00000074     libclang_rt.builtins.a : truncdfsf2.S.obj (.text.__truncdfsf2)
                  00003c44    00000070     ti_msp_dl_config.o (.text.SYSCFG_DL_GPIO_init)
                  00003cb4    00000070     libclang_rt.builtins.a : comparedf2.c.obj (.text.__gedf2)
                  00003d24    0000006c                            : comparedf2.c.obj (.text.__ledf2)
                  00003d90    00000068     2024NUEDC.o (.text.GROUP1_IRQHandler)
                  00003df8    00000068     oled.o (.text.OLED_Fill)
                  00003e60    00000066     libc.a : _printfi.c.obj (.text._mcpy)
                  00003ec6    00000002     --HOLE-- [fill = 0]
                  00003ec8    00000062     libclang_rt.builtins.a : aeabi_dcmp.S.obj (.text.__aeabi_dcmp)
                  00003f2a    00000002     --HOLE-- [fill = 0]
                  00003f2c    00000062                            : aeabi_fcmp.S.obj (.text.__aeabi_fcmp)
                  00003f8e    00000002     --HOLE-- [fill = 0]
                  00003f90    00000060     ti_msp_dl_config.o (.text.DL_ADC12_initSeqSample)
                  00003ff0    0000005e     driverlib.a : dl_i2c.o (.text.DL_I2C_fillControllerTXFIFO)
                  0000404e    00000002     --HOLE-- [fill = 0]
                  00004050    0000005c     libc.a : s_frexp.c.obj (.text.frexp)
                  000040ac    00000058     ti_msp_dl_config.o (.text.SYSCFG_DL_I2C_OLED_init)
                  00004104    00000058     libc.a : _ltoa.c.obj (.text.__TI_ltoa)
                  0000415c    00000058            : _printfi.c.obj (.text._pconv_f)
                  000041b4    00000056     libclang_rt.builtins.a : aeabi_idivmod.S.obj (.text.__aeabi_idivmod)
                  0000420a    00000002     --HOLE-- [fill = 0]
                  0000420c    00000054     ti_msp_dl_config.o (.text.SYSCFG_DL_initPower)
                  00004260    00000052     oled.o (.text.OLED_ShowString)
                  000042b2    00000052     libc.a : _printfi.c.obj (.text._ecpy)
                  00004304    00000050     oled.o (.text.DL_I2C_startControllerTransfer)
                  00004354    0000004c     calculate.o (.text.calculate_avg)
                  000043a0    0000004a     ti_msp_dl_config.o (.text.DL_ADC12_configConversionMem)
                  000043ea    00000002     --HOLE-- [fill = 0]
                  000043ec    0000004a     libclang_rt.builtins.a : fixdfsi.S.obj (.text.__fixdfsi)
                  00004436    00000002     --HOLE-- [fill = 0]
                  00004438    00000040     driverlib.a : dl_adc12.o (.text.DL_ADC12_setClockConfig)
                  00004478    00000040     libclang_rt.builtins.a : aeabi_uidivmod.S.obj (.text.__aeabi_uidivmod)
                  000044b8    00000040                            : extendsfdf2.S.obj (.text.__extendsfdf2)
                  000044f8    00000040     libc.a : atoi.c.obj (.text.atoi)
                  00004538    0000003c     ti_msp_dl_config.o (.text.DL_GPIO_initPeripheralInputFunctionFeatures)
                  00004574    0000003c     libclang_rt.builtins.a : floatsisf.S.obj (.text.__floatsisf)
                  000045b0    0000003c                            : comparesf2.S.obj (.text.__gtsf2)
                  000045ec    0000003c     libc.a : autoinit.c.obj (.text:__TI_auto_init_nobinit_nopinit)
                  00004628    0000003a     libclang_rt.builtins.a : comparesf2.S.obj (.text.__eqsf2)
                  00004662    00000002     --HOLE-- [fill = 0]
                  00004664    0000003a                            : muldsi3.S.obj (.text.__muldsi3)
                  0000469e    00000002     --HOLE-- [fill = 0]
                  000046a0    00000038     libc.a : sprintf.c.obj (.text.sprintf)
                  000046d8    00000036     oled.o (.text.OLED_SetPos)
                  0000470e    00000002     --HOLE-- [fill = 0]
                  00004710    00000034     ti_msp_dl_config.o (.text.DL_GPIO_initDigitalInputFeatures)
                  00004744    00000030     2024NUEDC.o (.text.DL_ADC12_getMemResult)
                  00004774    00000030     libc.a : _printfi.c.obj (.text._fcpy)
                  000047a4    0000002c     2024NUEDC.o (.text.__NVIC_EnableIRQ)
                  000047d0    0000002c     libclang_rt.builtins.a : floatsidf.S.obj (.text.__floatsidf)
                  000047fc    0000002a     ti_msp_dl_config.o (.text.SYSCFG_DL_SYSCTL_init)
                  00004826    00000028     oled.o (.text.DL_Common_updateReg)
                  0000484e    00000028     ti_msp_dl_config.o (.text.DL_Common_updateReg)
                  00004876    00000002     --HOLE-- [fill = 0]
                  00004878    00000028     ti_msp_dl_config.o (.text.DL_I2C_setControllerRXFIFOThreshold)
                  000048a0    00000028     ti_msp_dl_config.o (.text.DL_I2C_setControllerTXFIFOThreshold)
                  000048c8    00000028     libclang_rt.builtins.a : floatunsisf.S.obj (.text.__floatunsisf)
                  000048f0    00000028     libc.a : boot_cortex_m.c.obj (.text:_c_int00_noargs)
                  00004918    00000026     ti_msp_dl_config.o (.text.DL_I2C_setAnalogGlitchFilterPulseWidth)
                  0000493e    00000026     driverlib.a : dl_i2c.o (.text.DL_I2C_setClockConfig)
                  00004964    00000024     libclang_rt.builtins.a : muldi3.S.obj (.text.__muldi3)
                  00004988    00000022     libc.a : memccpy.c.obj (.text.memccpy)
                  000049aa    00000002     --HOLE-- [fill = 0]
                  000049ac    00000020     2024NUEDC.o (.text.ADC0_IRQHandler)
                  000049cc    0000001e     ti_msp_dl_config.o (.text.DL_ADC12_setPowerDownMode)
                  000049ea    00000002     --HOLE-- [fill = 0]
                  000049ec    0000001e     libclang_rt.builtins.a : ashldi3.S.obj (.text.__ashldi3)
                  00004a0a    00000002     --HOLE-- [fill = 0]
                  00004a0c    0000001c     ti_msp_dl_config.o (.text.DL_ADC12_clearInterruptStatus)
                  00004a28    0000001c     ti_msp_dl_config.o (.text.DL_ADC12_enableInterrupt)
                  00004a44    0000001c     2024NUEDC.o (.text.DL_ADC12_startConversion)
                  00004a60    0000001c     2024NUEDC.o (.text.DL_GPIO_clearInterruptStatus)
                  00004a7c    0000001c     ti_msp_dl_config.o (.text.DL_GPIO_clearInterruptStatus)
                  00004a98    0000001c     ti_msp_dl_config.o (.text.DL_GPIO_enableHiZ)
                  00004ab4    0000001c     ti_msp_dl_config.o (.text.DL_GPIO_enableInterrupt)
                  00004ad0    0000001c     ti_msp_dl_config.o (.text.DL_GPIO_setLowerPinsPolarity)
                  00004aec    0000001c     ti_msp_dl_config.o (.text.DL_SYSCTL_setMCLKDivider)
                  00004b08    0000001c     ti_msp_dl_config.o (.text.DL_SYSCTL_setSYSOSCFreq)
                  00004b24    0000001c     ti_msp_dl_config.o (.text.DL_SYSCTL_setULPCLKDivider)
                  00004b40    00000018     ti_msp_dl_config.o (.text.DL_ADC12_enablePower)
                  00004b58    00000018     ti_msp_dl_config.o (.text.DL_ADC12_reset)
                  00004b70    00000018     ti_msp_dl_config.o (.text.DL_ADC12_setSampleTime0)
                  00004b88    00000018     ti_msp_dl_config.o (.text.DL_ADC12_setSampleTime1)
                  00004ba0    00000018     ti_msp_dl_config.o (.text.DL_GPIO_enablePower)
                  00004bb8    00000018     2024NUEDC.o (.text.DL_GPIO_getEnabledInterruptStatus)
                  00004bd0    00000018     ti_msp_dl_config.o (.text.DL_GPIO_reset)
                  00004be8    00000018     ti_msp_dl_config.o (.text.DL_I2C_enableAnalogGlitchFilter)
                  00004c00    00000018     ti_msp_dl_config.o (.text.DL_I2C_enableController)
                  00004c18    00000018     ti_msp_dl_config.o (.text.DL_I2C_enableControllerClockStretching)
                  00004c30    00000018     ti_msp_dl_config.o (.text.DL_I2C_enablePower)
                  00004c48    00000018     ti_msp_dl_config.o (.text.DL_I2C_reset)
                  00004c60    00000018     ti_msp_dl_config.o (.text.DL_I2C_setTimerPeriod)
                  00004c78    00000018     ti_msp_dl_config.o (.text.DL_SYSCTL_setBORThreshold)
                  00004c90    00000018     ti_msp_dl_config.o (.text.SYSCFG_DL_init)
                  00004ca8    00000018     libc.a : sprintf.c.obj (.text._outs)
                  00004cc0    00000016     ti_msp_dl_config.o (.text.DL_ADC12_enableConversions)
                  00004cd6    00000016     libc.a : k_rem_pio2.c.obj (.text.OUTLINED_FUNCTION_0)
                  00004cec    00000010     libclang_rt.builtins.a : adddf3.S.obj (.tramp.__aeabi_dadd.1)
                  00004cfc    00000016     oled.o (.text.WriteCmd)
                  00004d12    00000016     oled.o (.text.WriteData)
                  00004d28    00000014     oled.o (.text.DL_I2C_getControllerStatus)
                  00004d3c    00000014     ti_msp_dl_config.o (.text.DL_I2C_resetControllerTransfer)
                  00004d50    00000014     ti_msp_dl_config.o (.text.DL_SYSCTL_disableSYSPLL)
                  00004d64    00000014     libclang_rt.builtins.a : aeabi_uldivmod.S.obj (.text.__aeabi_uldivmod)
                  00004d78    00000014     libc.a : _printfi.c.obj (.text.strchr)
                  00004d8c    00000012     2024NUEDC.o (.text.DL_ADC12_getPendingInterrupt)
                  00004d9e    00000012     libc.a : memcpy16.S.obj (.text:TI_memcpy_small)
                  00004db0    00000012            : copy_decompress_none.c.obj (.text:decompress:none)
                  00004dc2    00000002     --HOLE-- [fill = 0]
                  00004dc4    00000010     ti_msp_dl_config.o (.text.DL_SYSCTL_disableHFXT)
                  00004dd4    00000010     libc.a : wcslen.c.obj (.text.wcslen)
                  00004de4    00000010            : copy_zero_init.c.obj (.text:decompress:ZI)
                  00004df4    0000000e            : s_cos.c.obj (.text.OUTLINED_FUNCTION_0)
                  00004e02    00000002     --HOLE-- [fill = 0]
                  00004e04    00000010     libclang_rt.builtins.a : adddf3.S.obj (.tramp.__aeabi_dsub.1)
                  00004e14    0000000e     libc.a : s_sin.c.obj (.text.OUTLINED_FUNCTION_0)
                  00004e22    0000000e            : k_rem_pio2.c.obj (.text.OUTLINED_FUNCTION_2)
                  00004e30    0000000e     libclang_rt.builtins.a : aeabi_memset.S.obj (.text.__aeabi_memset)
                  00004e3e    0000000e     libc.a : _printfi.c.obj (.text.strlen)
                  00004e4c    0000000e            : memset16.S.obj (.text:TI_memset_small)
                  00004e5a    00000002     --HOLE-- [fill = 0]
                  00004e5c    0000000c     libclang_rt.builtins.a : aeabi_memset.S.obj (.text.__aeabi_memclr)
                  00004e68    0000000a     driverlib.a : dl_common.o (.text.DL_Common_delayCycles)
                  00004e72    0000000a     oled.o (.text.OLED_CLS)
                  00004e7c    0000000a     libc.a : _printfi.c.obj (.text.OUTLINED_FUNCTION_0)
                  00004e86    0000000a            : _printfi.c.obj (.text.OUTLINED_FUNCTION_1)
                  00004e90    0000000a            : k_rem_pio2.c.obj (.text.OUTLINED_FUNCTION_1)
                  00004e9a    0000000a            : s_cos.c.obj (.text.OUTLINED_FUNCTION_6)
                  00004ea4    00000010            : k_sin.c.obj (.tramp.__kernel_sin.1)
                  00004eb4    0000000a            : sprintf.c.obj (.text._outc)
                  00004ebe    00000002     --HOLE-- [fill = 0]
                  00004ec0    00000008            : aeabi_portable.c.obj (.text.__aeabi_errno_addr)
                  00004ec8    00000008     libclang_rt.builtins.a : aeabi_memcpy.S.obj (.text.__aeabi_memcpy)
                  00004ed0    00000006     libc.a : k_cos.c.obj (.text.OUTLINED_FUNCTION_0)
                  00004ed6    00000002     --HOLE-- [fill = 0]
                  00004ed8    00000010     libclang_rt.builtins.a : muldf3.S.obj (.tramp.__aeabi_dmul.1)
                  00004ee8    00000006     libc.a : k_sin.c.obj (.text.OUTLINED_FUNCTION_0)
                  00004eee    00000006            : s_cos.c.obj (.text.OUTLINED_FUNCTION_1)
                  00004ef4    00000006            : s_sin.c.obj (.text.OUTLINED_FUNCTION_1)
                  00004efa    00000006            : s_cos.c.obj (.text.OUTLINED_FUNCTION_3)
                  00004f00    00000006            : s_sin.c.obj (.text.OUTLINED_FUNCTION_3)
                  00004f06    00000006            : s_cos.c.obj (.text.OUTLINED_FUNCTION_5)
                  00004f0c    00000006            : s_sin.c.obj (.text.OUTLINED_FUNCTION_5)
                  00004f12    00000004            : s_cos.c.obj (.text.OUTLINED_FUNCTION_2)
                  00004f16    00000004            : s_sin.c.obj (.text.OUTLINED_FUNCTION_2)
                  00004f1a    00000004            : s_cos.c.obj (.text.OUTLINED_FUNCTION_4)
                  00004f1e    00000004            : s_sin.c.obj (.text.OUTLINED_FUNCTION_4)
                  00004f22    00000004     startup_mspm0g350x_ticlang.o (.text.Reset_Handler)
                  00004f26    00000004     libc.a : pre_init.c.obj (.text._system_pre_init)
                  00004f2a    00000004            : exit.c.obj (.text:abort)
                  00004f2e    00000002     --HOLE-- [fill = 0]

.cinit     0    00007a80    00000038     
                  00007a80    0000000e     (.cinit..data.load) [load image, compression = lzss]
                  00007a8e    00000002     --HOLE-- [fill = 0]
                  00007a90    0000000c     (__TI_handler_table)
                  00007a9c    00000008     (.cinit..bss.load) [load image, compression = zero_init]
                  00007aa4    00000010     (__TI_cinit_table)
                  00007ab4    00000004     --HOLE-- [fill = 0]

.rodata    0    00004f30    00002b50     
                  00004f30    00002000     2024NUEDC.o (.rodata.Ham_02048)
                  00006f30    000005f0     oled.o (.rodata.F8X16)
                  00007520    00000228     oled.o (.rodata.F6x8)
                  00007748    00000108     libc.a : k_rem_pio2.c.obj (.rodata.ipio2)
                  00007850    00000101            : aeabi_ctype.S.obj (.rodata:__aeabi_ctype_table_)
                  00007951    00000002     ti_msp_dl_config.o (.rodata.gI2C_OLEDClockConfig)
                  00007953    00000001     --HOLE-- [fill = 0]
                  00007954    00000058     2024NUEDC.o (.rodata.res_Af_coeffCali)
                  000079ac    00000004     --HOLE-- [fill = 0]
                  000079b0    00000040     libc.a : k_rem_pio2.c.obj (.rodata.PIo2)
                  000079f0    00000013     2024NUEDC.o (.rodata.str1.154845113543242430391)
                  00007a03    00000013     2024NUEDC.o (.rodata.str1.158667471136297049921)
                  00007a16    00000011     2024NUEDC.o (.rodata.str1.108539083448369711261)
                  00007a27    00000011     libc.a : _printfi.c.obj (.rodata.str1.11645776875810915891)
                  00007a38    00000011            : _printfi.c.obj (.rodata.str1.44690500295887128011)
                  00007a49    00000003     --HOLE-- [fill = 0]
                  00007a4c    00000010            : k_rem_pio2.c.obj (.rodata.cst16)
                  00007a5c    00000009     2024NUEDC.o (.rodata.str1.51889910553768966311)
                  00007a65    00000003     --HOLE-- [fill = 0]
                  00007a68    00000008     ti_msp_dl_config.o (.rodata.gADC0ClockConfig)
                  00007a70    00000005     2024NUEDC.o (.rodata.str1.171779020736016695051)
                  00007a75    0000000b     --HOLE-- [fill = 0]

.init_array 
*          0    00000000    00000000     UNINITIALIZED

.binit     0    00000000    00000000     

.data      0    20200000    00004020     UNINITIALIZED
                  20200000    00004000     fft.o (.data.complexBuffer)
                  20204000    00000004     2024NUEDC.o (.data.N)
                  20204004    00000004     libc.a : aeabi_portable.c.obj (.data.__aeabi_errno)
                  20204008    00000004     2024NUEDC.o (.data.res_N)
                  2020400c    00000004     2024NUEDC.o (.data.res_P)
                  20204010    00000004     2024NUEDC.o (.data.res_PF)
                  20204014    00000004     2024NUEDC.o (.data.res_THD)
                  20204018    00000004     2024NUEDC.o (.data.res_rms_I)
                  2020401c    00000004     2024NUEDC.o (.data.res_rms_U)

.bss       0    20204020    000020f4     UNINITIALIZED
                  20204020    00001000     (.common:AdcResult_I)
                  20205020    00001000     (.common:AdcResult_U)
                  20206020    00000058     (.common:res_Af)
                  20206078    00000058     (.common:res_AfAf)
                  202060d0    00000032     (.common:buffer)
                  20206102    00000001     (.common:ADC_conv_cplt_flag)
                  20206103    00000001     --HOLE--
                  20206104    00000004     (.common:P)
                  20206108    00000004     (.common:baseI)
                  2020610c    00000004     (.common:cntI)
                  20206110    00000004     (.common:maxData)

.stack     0    20207e00    00000200     UNINITIALIZED
                  20207e00    00000004     libc.a : boot_cortex_m.c.obj (.stack)
                  20207e04    000001fc     --HOLE--

__llvm_prf_cnts 
*          0    20200000    00000000     UNINITIALIZED

__llvm_prf_bits 
*          0    20200000    00000000     UNINITIALIZED

MODULE SUMMARY

       Module                         code    ro data   rw data
       ------                         ----    -------   -------
    .\
       2024NUEDC.o                    1934    8349      8463   
       ti_msp_dl_config.o             1614    10        0      
       startup_mspm0g350x_ticlang.o   8       192       0      
    +--+------------------------------+-------+---------+---------+
       Total:                         3556    8551      8463   
                                                               
    .\bsp\
       fft.o                          860     0         16384  
       oled.o                         1078    2072      0      
       calculate.o                    626     0         0      
    +--+------------------------------+-------+---------+---------+
       Total:                         2564    2072      16384  
                                                               
    D:/A_Scholastic/33/ti/mspm0_sdk_2_04_00_06/source/ti/driverlib/lib/ticlang/m0p/mspm0g1x0x_g3x0x/driverlib.a
       dl_i2c.o                       132     0         0      
       dl_adc12.o                     64      0         0      
       dl_common.o                    10      0         0      
    +--+------------------------------+-------+---------+---------+
       Total:                         206     0         0      
                                                               
    D:\ccstheia141\ccs\tools\compiler\ti-cgt-armllvm_3.2.2.LTS\lib\armv6m-ti-none-eabi/c/libc.a
       _printfi.c.obj                 4558    34        0      
       k_rem_pio2.c.obj               1670    344       0      
       s_sin.c.obj                    1152    0         0      
       s_cos.c.obj                    1138    0         0      
       e_sqrt.c.obj                   388     0         0      
       k_sin.c.obj                    382     0         0      
       k_cos.c.obj                    342     0         0      
       s_floor.c.obj                  324     0         0      
       aeabi_ctype.S.obj              0       257       0      
       s_scalbn.c.obj                 216     0         0      
       copy_decompress_lzss.c.obj     120     0         0      
       s_frexp.c.obj                  92      0         0      
       sprintf.c.obj                  90      0         0      
       _ltoa.c.obj                    88      0         0      
       atoi.c.obj                     64      0         0      
       autoinit.c.obj                 60      0         0      
       boot_cortex_m.c.obj            40      0         0      
       memccpy.c.obj                  34      0         0      
       copy_decompress_none.c.obj     18      0         0      
       memcpy16.S.obj                 18      0         0      
       copy_zero_init.c.obj           16      0         0      
       wcslen.c.obj                   16      0         0      
       memset16.S.obj                 14      0         0      
       aeabi_portable.c.obj           8       0         4      
       exit.c.obj                     4       0         0      
       pre_init.c.obj                 4       0         0      
    +--+------------------------------+-------+---------+---------+
       Total:                         10856   635       4      
                                                               
    D:\ccstheia141\ccs\tools\compiler\ti-cgt-armllvm_3.2.2.LTS\lib\clang/15.0.7/lib/armv6m-ti-none-eabi/libclang_rt.builtins.a
       adddf3.S.obj                   434     0         0      
       divdf3.S.obj                   268     0         0      
       muldf3.S.obj                   244     0         0      
       comparedf2.c.obj               220     0         0      
       addsf3.S.obj                   216     0         0      
       udivmoddi4.S.obj               162     0         0      
       mulsf3.S.obj                   140     0         0      
       divsf3.S.obj                   130     0         0      
       comparesf2.S.obj               118     0         0      
       truncdfsf2.S.obj               116     0         0      
       aeabi_dcmp.S.obj               98      0         0      
       aeabi_fcmp.S.obj               98      0         0      
       aeabi_idivmod.S.obj            86      0         0      
       fixdfsi.S.obj                  74      0         0      
       aeabi_uidivmod.S.obj           64      0         0      
       extendsfdf2.S.obj              64      0         0      
       floatsisf.S.obj                60      0         0      
       muldsi3.S.obj                  58      0         0      
       floatsidf.S.obj                44      0         0      
       floatunsisf.S.obj              40      0         0      
       muldi3.S.obj                   36      0         0      
       ashldi3.S.obj                  30      0         0      
       aeabi_memset.S.obj             26      0         0      
       aeabi_uldivmod.S.obj           20      0         0      
       aeabi_memcpy.S.obj             8       0         0      
       aeabi_div0.c.obj               4       0         0      
    +--+------------------------------+-------+---------+---------+
       Total:                         2858    0         0      
                                                               
       Stack:                         0       0         512    
       Linker Generated:              0       50        0      
    +--+------------------------------+-------+---------+---------+
       Grand Total:                   20040   11308     25363  


LINKER GENERATED COPY TABLES

__TI_cinit_table @ 00007aa4 records: 2, size/record: 8, table size: 16
	.data: load addr=00007a80, load size=0000000e bytes, run addr=20200000, run size=00004020 bytes, compression=lzss
	.bss: load addr=00007a9c, load size=00000008 bytes, run addr=20204020, run size=000020f4 bytes, compression=zero_init


LINKER GENERATED HANDLER TABLE

__TI_handler_table @ 00007a90 records: 3, size/record: 4, table size: 12
	index: 0, handler: __TI_decompress_lzss
	index: 1, handler: __TI_decompress_none
	index: 2, handler: __TI_zero_init


FAR CALL TRAMPOLINES

callee name               trampoline name
   callee addr  tramp addr   call addr  call info
--------------  -----------  ---------  ----------------
__aeabi_dadd              $Tramp$TT$L$PI$$__aeabi_dadd
   0000269f     00004cec     00004cea   libc.a : k_rem_pio2.c.obj (.text.OUTLINED_FUNCTION_0)
                             00004e98          : k_rem_pio2.c.obj (.text.OUTLINED_FUNCTION_1)
                             00004ef2          : s_cos.c.obj (.text.OUTLINED_FUNCTION_1)
                             00004ef8          : s_sin.c.obj (.text.OUTLINED_FUNCTION_1)
                             00004f14          : s_cos.c.obj (.text.OUTLINED_FUNCTION_2)
                             00004f18          : s_sin.c.obj (.text.OUTLINED_FUNCTION_2)
__aeabi_dsub              $Tramp$TT$L$PI$$__aeabi_dsub
   00002695     00004e04     00004e00   libc.a : s_cos.c.obj (.text.OUTLINED_FUNCTION_0)
                             00004e20          : s_sin.c.obj (.text.OUTLINED_FUNCTION_0)
                             00004e84          : _printfi.c.obj (.text.OUTLINED_FUNCTION_0)
                             00004f0a          : s_cos.c.obj (.text.OUTLINED_FUNCTION_5)
                             00004f10          : s_sin.c.obj (.text.OUTLINED_FUNCTION_5)
                             00004f1c          : s_cos.c.obj (.text.OUTLINED_FUNCTION_4)
                             00004f20          : s_sin.c.obj (.text.OUTLINED_FUNCTION_4)
__kernel_sin              $Tramp$TT$L$PI$$__kernel_sin
   000029ad     00004ea4     00004ea2   libc.a : s_cos.c.obj (.text.OUTLINED_FUNCTION_6)
__aeabi_dmul              $Tramp$TT$L$PI$$__aeabi_dmul
   00003261     00004ed8     00004ed4   libc.a : k_cos.c.obj (.text.OUTLINED_FUNCTION_0)
                             00004eec          : k_sin.c.obj (.text.OUTLINED_FUNCTION_0)
                             00004efe          : s_cos.c.obj (.text.OUTLINED_FUNCTION_3)
                             00004f04          : s_sin.c.obj (.text.OUTLINED_FUNCTION_3)

[4 trampolines]
[18 trampoline calls]


GLOBAL SYMBOLS: SORTED ALPHABETICALLY BY Name 

address   name                          
-------   ----                          
000049ad  ADC0_IRQHandler               
00003bcd  ADC1_IRQHandler               
20206102  ADC_conv_cplt_flag            
00003bcd  AES_IRQHandler                
20204020  AdcResult_I                   
20205020  AdcResult_U                   
00004f2a  C$$EXIT                       
00003bcd  CANFD0_IRQHandler             
00003bcd  DAC0_IRQHandler               
00004439  DL_ADC12_setClockConfig       
00004e69  DL_Common_delayCycles         
00003ff1  DL_I2C_fillControllerTXFIFO   
0000493f  DL_I2C_setClockConfig         
00003bcd  DMA_IRQHandler                
00003bcd  Default_Handler               
00007520  F6x8                          
00006f30  F8X16                         
00001ff9  FFT                           
00003bcd  GROUP0_IRQHandler             
00003d91  GROUP1_IRQHandler             
00004f30  Ham_02048                     
00003bcd  HardFault_Handler             
00003bcd  I2C0_IRQHandler               
00003bcd  I2C1_IRQHandler               
00003b59  I2C_WriteByte                 
20204000  N                             
00003bcd  NMI_Handler                   
00004e73  OLED_CLS                      
00003df9  OLED_Fill                     
0000369d  OLED_Init                     
000046d9  OLED_SetPos                   
00002b15  OLED_ShowChar                 
00004261  OLED_ShowString               
20206104  P                             
00003bcd  PendSV_Handler                
00003bcd  RTC_IRQHandler                
0000375d  RemoveDCBias                  
00004f23  Reset_Handler                 
00003bcd  SPI0_IRQHandler               
00003bcd  SPI1_IRQHandler               
00003bcd  SVC_Handler                   
000038bd  SYSCFG_DL_ADC0_init           
00003c45  SYSCFG_DL_GPIO_init           
000040ad  SYSCFG_DL_I2C_OLED_init       
000047fd  SYSCFG_DL_SYSCTL_init         
00004c91  SYSCFG_DL_init                
0000420d  SYSCFG_DL_initPower           
00003bcd  SysTick_Handler               
00003bcd  TIMA0_IRQHandler              
00003bcd  TIMA1_IRQHandler              
00003bcd  TIMG0_IRQHandler              
00003bcd  TIMG12_IRQHandler             
00003bcd  TIMG6_IRQHandler              
00003bcd  TIMG7_IRQHandler              
00003bcd  TIMG8_IRQHandler              
00004d9f  TI_memcpy_small               
00004e4d  TI_memset_small               
00003bcd  UART0_IRQHandler              
00003bcd  UART1_IRQHandler              
00003bcd  UART2_IRQHandler              
00003bcd  UART3_IRQHandler              
00004cfd  WriteCmd                      
00004d13  WriteData                     
20208000  __STACK_END                   
00000200  __STACK_SIZE                  
00000000  __TI_ATRegion0_region_sz      
00000000  __TI_ATRegion0_src_addr       
00000000  __TI_ATRegion0_trg_addr       
00000000  __TI_ATRegion1_region_sz      
00000000  __TI_ATRegion1_src_addr       
00000000  __TI_ATRegion1_trg_addr       
00000000  __TI_ATRegion2_region_sz      
00000000  __TI_ATRegion2_src_addr       
00000000  __TI_ATRegion2_trg_addr       
00007aa4  __TI_CINIT_Base               
00007ab4  __TI_CINIT_Limit              
00007ab4  __TI_CINIT_Warm               
00007a90  __TI_Handler_Table_Base       
00007a9c  __TI_Handler_Table_Limit      
000045ed  __TI_auto_init_nobinit_nopinit
00003ae1  __TI_decompress_lzss          
00004db1  __TI_decompress_none          
00004105  __TI_ltoa                     
ffffffff  __TI_pprof_out_hndl           
000000c1  __TI_printfi                  
ffffffff  __TI_prof_data_size           
ffffffff  __TI_prof_data_start          
00000000  __TI_static_base__            
00004de5  __TI_zero_init                
0000269f  __adddf3                      
00003503  __addsf3                      
00007850  __aeabi_ctype_table_          
00007850  __aeabi_ctype_table_C         
00003bd1  __aeabi_d2f                   
000043ed  __aeabi_d2iz                  
0000269f  __aeabi_dadd                  
00003ec9  __aeabi_dcmpeq                
00003f05  __aeabi_dcmpge                
00003f19  __aeabi_dcmpgt                
00003ef1  __aeabi_dcmple                
00003edd  __aeabi_dcmplt                
00003155  __aeabi_ddiv                  
00003261  __aeabi_dmul                  
00002695  __aeabi_dsub                  
20204004  __aeabi_errno                 
00004ec1  __aeabi_errno_addr            
000044b9  __aeabi_f2d                   
00003503  __aeabi_fadd                  
00003f2d  __aeabi_fcmpeq                
00003f69  __aeabi_fcmpge                
00003f7d  __aeabi_fcmpgt                
00003f55  __aeabi_fcmple                
00003f41  __aeabi_fcmplt                
000039e1  __aeabi_fdiv                  
00003955  __aeabi_fmul                  
000034f9  __aeabi_fsub                  
000047d1  __aeabi_i2d                   
00004575  __aeabi_i2f                   
000041b5  __aeabi_idiv                  
00002827  __aeabi_idiv0                 
000041b5  __aeabi_idivmod               
000038bb  __aeabi_ldiv0                 
000049ed  __aeabi_llsl                  
00004965  __aeabi_lmul                  
00004e5d  __aeabi_memclr                
00004e5d  __aeabi_memclr4               
00004e5d  __aeabi_memclr8               
00004ec9  __aeabi_memcpy                
00004ec9  __aeabi_memcpy4               
00004ec9  __aeabi_memcpy8               
00004e31  __aeabi_memset                
00004e31  __aeabi_memset4               
00004e31  __aeabi_memset8               
000048c9  __aeabi_ui2f                  
00004479  __aeabi_uidiv                 
00004479  __aeabi_uidivmod              
00004d65  __aeabi_uldivmod              
000049ed  __ashldi3                     
ffffffff  __binit__                     
00003d25  __cmpdf2                      
00004629  __cmpsf2                      
00003155  __divdf3                      
000039e1  __divsf3                      
00003d25  __eqdf2                       
00004629  __eqsf2                       
000044b9  __extendsfdf2                 
000043ed  __fixdfsi                     
000047d1  __floatsidf                   
00004575  __floatsisf                   
000048c9  __floatunsisf                 
00003cb5  __gedf2                       
000045b1  __gesf2                       
00003cb5  __gtdf2                       
000045b1  __gtsf2                       
00002c65  __kernel_cos                  
00000ac1  __kernel_rem_pio2             
000029ad  __kernel_sin                  
00003d25  __ledf2                       
00004629  __lesf2                       
00003d25  __ltdf2                       
00004629  __ltsf2                       
UNDEFED   __mpu_init                    
00003261  __muldf3                      
00004965  __muldi3                      
00004665  __muldsi3                     
00003955  __mulsf3                      
00003d25  __nedf2                       
00004629  __nesf2                       
20207e00  __stack                       
20200000  __start___llvm_prf_bits       
20200000  __start___llvm_prf_cnts       
20200000  __stop___llvm_prf_bits        
20200000  __stop___llvm_prf_cnts        
00002695  __subdf3                      
000034f9  __subsf3                      
00003bd1  __truncdfsf2                  
00003819  __udivmoddi4                  
000048f1  _c_int00_noargs               
UNDEFED   _system_post_cinit            
00004f27  _system_pre_init              
00004f2b  abort                         
000044f9  atoi                          
20206108  baseI                         
ffffffff  binit                         
202060d0  buffer                        
00004355  calculate_avg                 
00003345  calculate_power_factor        
00003a63  calculate_rms_dc_removed      
2020610c  cntI                          
20200000  complexBuffer                 
00001bb9  cos                           
00001bb9  cosl                          
00002db5  floor                         
00002db5  floorl                        
00004051  frexp                         
00004051  frexpl                        
00000000  interruptVectors              
00003421  ldexp                         
00003421  ldexpl                        
00001119  main                          
000035d1  max115                        
20206110  maxData                       
00004989  memccpy                       
20206020  res_Af                        
20206078  res_AfAf                      
00007954  res_Af_coeffCali              
20204008  res_N                         
2020400c  res_P                         
20204010  res_PF                        
20204014  res_THD                       
20204018  res_rms_I                     
2020401c  res_rms_U                     
00003421  scalbn                        
00003421  scalbnl                       
00001761  sin                           
00001761  sinl                          
000046a1  sprintf                       
00002829  sqrt                          
00002829  sqrtl                         
00004dd5  wcslen                        


GLOBAL SYMBOLS: SORTED BY Symbol Address 

address   name                          
-------   ----                          
00000000  __TI_ATRegion0_region_sz      
00000000  __TI_ATRegion0_src_addr       
00000000  __TI_ATRegion0_trg_addr       
00000000  __TI_ATRegion1_region_sz      
00000000  __TI_ATRegion1_src_addr       
00000000  __TI_ATRegion1_trg_addr       
00000000  __TI_ATRegion2_region_sz      
00000000  __TI_ATRegion2_src_addr       
00000000  __TI_ATRegion2_trg_addr       
00000000  __TI_static_base__            
00000000  interruptVectors              
000000c1  __TI_printfi                  
00000200  __STACK_SIZE                  
00000ac1  __kernel_rem_pio2             
00001119  main                          
00001761  sin                           
00001761  sinl                          
00001bb9  cos                           
00001bb9  cosl                          
00001ff9  FFT                           
00002695  __aeabi_dsub                  
00002695  __subdf3                      
0000269f  __adddf3                      
0000269f  __aeabi_dadd                  
00002827  __aeabi_idiv0                 
00002829  sqrt                          
00002829  sqrtl                         
000029ad  __kernel_sin                  
00002b15  OLED_ShowChar                 
00002c65  __kernel_cos                  
00002db5  floor                         
00002db5  floorl                        
00003155  __aeabi_ddiv                  
00003155  __divdf3                      
00003261  __aeabi_dmul                  
00003261  __muldf3                      
00003345  calculate_power_factor        
00003421  ldexp                         
00003421  ldexpl                        
00003421  scalbn                        
00003421  scalbnl                       
000034f9  __aeabi_fsub                  
000034f9  __subsf3                      
00003503  __addsf3                      
00003503  __aeabi_fadd                  
000035d1  max115                        
0000369d  OLED_Init                     
0000375d  RemoveDCBias                  
00003819  __udivmoddi4                  
000038bb  __aeabi_ldiv0                 
000038bd  SYSCFG_DL_ADC0_init           
00003955  __aeabi_fmul                  
00003955  __mulsf3                      
000039e1  __aeabi_fdiv                  
000039e1  __divsf3                      
00003a63  calculate_rms_dc_removed      
00003ae1  __TI_decompress_lzss          
00003b59  I2C_WriteByte                 
00003bcd  ADC1_IRQHandler               
00003bcd  AES_IRQHandler                
00003bcd  CANFD0_IRQHandler             
00003bcd  DAC0_IRQHandler               
00003bcd  DMA_IRQHandler                
00003bcd  Default_Handler               
00003bcd  GROUP0_IRQHandler             
00003bcd  HardFault_Handler             
00003bcd  I2C0_IRQHandler               
00003bcd  I2C1_IRQHandler               
00003bcd  NMI_Handler                   
00003bcd  PendSV_Handler                
00003bcd  RTC_IRQHandler                
00003bcd  SPI0_IRQHandler               
00003bcd  SPI1_IRQHandler               
00003bcd  SVC_Handler                   
00003bcd  SysTick_Handler               
00003bcd  TIMA0_IRQHandler              
00003bcd  TIMA1_IRQHandler              
00003bcd  TIMG0_IRQHandler              
00003bcd  TIMG12_IRQHandler             
00003bcd  TIMG6_IRQHandler              
00003bcd  TIMG7_IRQHandler              
00003bcd  TIMG8_IRQHandler              
00003bcd  UART0_IRQHandler              
00003bcd  UART1_IRQHandler              
00003bcd  UART2_IRQHandler              
00003bcd  UART3_IRQHandler              
00003bd1  __aeabi_d2f                   
00003bd1  __truncdfsf2                  
00003c45  SYSCFG_DL_GPIO_init           
00003cb5  __gedf2                       
00003cb5  __gtdf2                       
00003d25  __cmpdf2                      
00003d25  __eqdf2                       
00003d25  __ledf2                       
00003d25  __ltdf2                       
00003d25  __nedf2                       
00003d91  GROUP1_IRQHandler             
00003df9  OLED_Fill                     
00003ec9  __aeabi_dcmpeq                
00003edd  __aeabi_dcmplt                
00003ef1  __aeabi_dcmple                
00003f05  __aeabi_dcmpge                
00003f19  __aeabi_dcmpgt                
00003f2d  __aeabi_fcmpeq                
00003f41  __aeabi_fcmplt                
00003f55  __aeabi_fcmple                
00003f69  __aeabi_fcmpge                
00003f7d  __aeabi_fcmpgt                
00003ff1  DL_I2C_fillControllerTXFIFO   
00004051  frexp                         
00004051  frexpl                        
000040ad  SYSCFG_DL_I2C_OLED_init       
00004105  __TI_ltoa                     
000041b5  __aeabi_idiv                  
000041b5  __aeabi_idivmod               
0000420d  SYSCFG_DL_initPower           
00004261  OLED_ShowString               
00004355  calculate_avg                 
000043ed  __aeabi_d2iz                  
000043ed  __fixdfsi                     
00004439  DL_ADC12_setClockConfig       
00004479  __aeabi_uidiv                 
00004479  __aeabi_uidivmod              
000044b9  __aeabi_f2d                   
000044b9  __extendsfdf2                 
000044f9  atoi                          
00004575  __aeabi_i2f                   
00004575  __floatsisf                   
000045b1  __gesf2                       
000045b1  __gtsf2                       
000045ed  __TI_auto_init_nobinit_nopinit
00004629  __cmpsf2                      
00004629  __eqsf2                       
00004629  __lesf2                       
00004629  __ltsf2                       
00004629  __nesf2                       
00004665  __muldsi3                     
000046a1  sprintf                       
000046d9  OLED_SetPos                   
000047d1  __aeabi_i2d                   
000047d1  __floatsidf                   
000047fd  SYSCFG_DL_SYSCTL_init         
000048c9  __aeabi_ui2f                  
000048c9  __floatunsisf                 
000048f1  _c_int00_noargs               
0000493f  DL_I2C_setClockConfig         
00004965  __aeabi_lmul                  
00004965  __muldi3                      
00004989  memccpy                       
000049ad  ADC0_IRQHandler               
000049ed  __aeabi_llsl                  
000049ed  __ashldi3                     
00004c91  SYSCFG_DL_init                
00004cfd  WriteCmd                      
00004d13  WriteData                     
00004d65  __aeabi_uldivmod              
00004d9f  TI_memcpy_small               
00004db1  __TI_decompress_none          
00004dd5  wcslen                        
00004de5  __TI_zero_init                
00004e31  __aeabi_memset                
00004e31  __aeabi_memset4               
00004e31  __aeabi_memset8               
00004e4d  TI_memset_small               
00004e5d  __aeabi_memclr                
00004e5d  __aeabi_memclr4               
00004e5d  __aeabi_memclr8               
00004e69  DL_Common_delayCycles         
00004e73  OLED_CLS                      
00004ec1  __aeabi_errno_addr            
00004ec9  __aeabi_memcpy                
00004ec9  __aeabi_memcpy4               
00004ec9  __aeabi_memcpy8               
00004f23  Reset_Handler                 
00004f27  _system_pre_init              
00004f2a  C$$EXIT                       
00004f2b  abort                         
00004f30  Ham_02048                     
00006f30  F8X16                         
00007520  F6x8                          
00007850  __aeabi_ctype_table_          
00007850  __aeabi_ctype_table_C         
00007954  res_Af_coeffCali              
00007a90  __TI_Handler_Table_Base       
00007a9c  __TI_Handler_Table_Limit      
00007aa4  __TI_CINIT_Base               
00007ab4  __TI_CINIT_Limit              
00007ab4  __TI_CINIT_Warm               
20200000  __start___llvm_prf_bits       
20200000  __start___llvm_prf_cnts       
20200000  __stop___llvm_prf_bits        
20200000  __stop___llvm_prf_cnts        
20200000  complexBuffer                 
20204000  N                             
20204004  __aeabi_errno                 
20204008  res_N                         
2020400c  res_P                         
20204010  res_PF                        
20204014  res_THD                       
20204018  res_rms_I                     
2020401c  res_rms_U                     
20204020  AdcResult_I                   
20205020  AdcResult_U                   
20206020  res_Af                        
20206078  res_AfAf                      
202060d0  buffer                        
20206102  ADC_conv_cplt_flag            
20206104  P                             
20206108  baseI                         
2020610c  cntI                          
20206110  maxData                       
20207e00  __stack                       
20208000  __STACK_END                   
ffffffff  __TI_pprof_out_hndl           
ffffffff  __TI_prof_data_size           
ffffffff  __TI_prof_data_start          
ffffffff  __binit__                     
ffffffff  binit                         
UNDEFED   __mpu_init                    
UNDEFED   _system_post_cinit            

[220 symbols]
