******************************************************************************
            TI ARM Clang Linker PC v3.2.2                      
******************************************************************************
>> Linked Thu Jul 17 19:21:02 2025

OUTPUT FILE NAME:   <2024NUEDC.out>
ENTRY POINT SYMBOL: "_c_int00_noargs"  address: 00003cc1


MEMORY CONFIGURATION

         name            origin    length      used     unused   attr    fill
----------------------  --------  ---------  --------  --------  ----  --------
  FLASH                 00000000   00020000  00004890  0001b770  R  X
  SRAM                  20200000   00008000  00002209  00005df7  RW X
  BCR_CONFIG            41c00000   000000ff  00000000  000000ff  R   
  BSL_CONFIG            41c00100   00000080  00000000  00000080  R   


SEGMENT ALLOCATION MAP

run origin  load origin   length   init length attrs members
----------  ----------- ---------- ----------- ----- -------
00000000    00000000    00004890   00004890    r-x
  00000000    00000000    000000c0   000000c0    r-- .intvecs
  000000c0    000000c0    00003e10   00003e10    r-x .text
  00003ed0    00003ed0    00000990   00000990    r-- .rodata
  00004860    00004860    00000030   00000030    r-- .cinit
20200000    20200000    0000200c   00000000    rw-
  20200000    20200000    00002005   00000000    rw- .bss
  20202008    20202008    00000004   00000000    rw- .data
20207e00    20207e00    00000200   00000000    rw-
  20207e00    20207e00    00000200   00000000    rw- .stack


SECTION ALLOCATION MAP

 output                                  attributes/
section   page    origin      length       input sections
--------  ----  ----------  ----------   ----------------
.intvecs   0    00000000    000000c0     
                  00000000    000000c0     startup_mspm0g350x_ticlang.o (.intvecs)

.text      0    000000c0    00003e10     
                  000000c0    00000ab0     oled.o (.text.OLED_Init)
                  00000b70    00000a00     libc.a : _printfi.c.obj (.text:__TI_printfi)
                  00001570    00000368     oled.o (.text.OLED_ShowChar)
                  000018d8    0000033c     calculate.o (.text.calculate_power_factor)
                  00001c14    000002ac     oled.o (.text.OLED_Fill)
                  00001ec0    00000220     libc.a : _printfi.c.obj (.text._pconv_a)
                  000020e0    000001fc     2024NUEDC.o (.text.main)
                  000022dc    000001dc     libc.a : _printfi.c.obj (.text._pconv_g)
                  000024b8    00000192     libclang_rt.builtins.a : adddf3.S.obj (.text.adddf3_subdf3)
                  0000264a    00000002     startup_mspm0g350x_ticlang.o (.text.Default_Handler)
                  0000264c    00000184     libc.a : e_sqrt.c.obj (.text.sqrt)
                  000027d0    00000160     calculate.o (.text.calculate_rms_dc_removed)
                  00002930    0000013c     libc.a : _printfi.c.obj (.text.fcvt)
                  00002a6c    00000138     oled.o (.text.OLED_SetPos)
                  00002ba4    00000120     libc.a : _printfi.c.obj (.text._pconv_e)
                  00002cc4    0000010c     libclang_rt.builtins.a : divdf3.S.obj (.text.__divdf3)
                  00002dd0    000000e4                            : muldf3.S.obj (.text.__muldf3)
                  00002eb4    000000d8     libc.a : s_scalbn.c.obj (.text.scalbn)
                  00002f8c    000000d8     libclang_rt.builtins.a : addsf3.S.obj (.text)
                  00003064    000000a2                            : udivmoddi4.S.obj (.text)
                  00003106    000000a0     calculate.o (.text.calculate_avg)
                  000031a6    0000009a     libc.a : memcpy16.S.obj (.text:memcpy)
                  00003240    0000008c     libclang_rt.builtins.a : mulsf3.S.obj (.text.__mulsf3)
                  000032cc    00000082                            : divsf3.S.obj (.text.__divsf3)
                  0000334e    00000002                            : aeabi_div0.c.obj (.text.__aeabi_idiv0)
                  00003350    00000078     ti_msp_dl_config.o (.text.SYSCFG_DL_ADC0_init)
                  000033c8    00000078     libc.a : copy_decompress_lzss.c.obj (.text:decompress:lzss)
                  00003440    00000074     libclang_rt.builtins.a : truncdfsf2.S.obj (.text.__truncdfsf2)
                  000034b4    00000070                            : comparedf2.c.obj (.text.__gedf2)
                  00003524    0000006c                            : comparedf2.c.obj (.text.__ledf2)
                  00003590    00000066     libc.a : _printfi.c.obj (.text._mcpy)
                  000035f6    00000002     libclang_rt.builtins.a : aeabi_div0.c.obj (.text.__aeabi_ldiv0)
                  000035f8    00000062                            : aeabi_dcmp.S.obj (.text.__aeabi_dcmp)
                  0000365a    00000062     libc.a : memset16.S.obj (.text:memset)
                  000036bc    0000005e     driverlib.a : dl_i2c.o (.text.DL_I2C_fillControllerTXFIFO)
                  0000371a    0000005c     oled.o (.text.OLED_ShowString)
                  00003776    00000002     --HOLE-- [fill = 0]
                  00003778    0000005c     libc.a : s_frexp.c.obj (.text.frexp)
                  000037d4    00000058            : _ltoa.c.obj (.text.__TI_ltoa)
                  0000382c    00000058            : _printfi.c.obj (.text._pconv_f)
                  00003884    00000056     libclang_rt.builtins.a : aeabi_idivmod.S.obj (.text.__aeabi_idivmod)
                  000038da    00000002     --HOLE-- [fill = 0]
                  000038dc    00000054     ti_msp_dl_config.o (.text.SYSCFG_DL_I2C_OLED_init)
                  00003930    00000052     libc.a : _printfi.c.obj (.text._ecpy)
                  00003982    00000002     --HOLE-- [fill = 0]
                  00003984    0000004a     libclang_rt.builtins.a : fixdfsi.S.obj (.text.__fixdfsi)
                  000039ce    00000002     --HOLE-- [fill = 0]
                  000039d0    00000040     driverlib.a : dl_adc12.o (.text.DL_ADC12_setClockConfig)
                  00003a10    00000040     ti_msp_dl_config.o (.text.SYSCFG_DL_SYSCTL_init)
                  00003a50    00000040     ti_msp_dl_config.o (.text.SYSCFG_DL_initPower)
                  00003a90    00000040     libclang_rt.builtins.a : aeabi_uidivmod.S.obj (.text.__aeabi_uidivmod)
                  00003ad0    00000040                            : extendsfdf2.S.obj (.text.__extendsfdf2)
                  00003b10    00000040     libc.a : atoi.c.obj (.text.atoi)
                  00003b50    0000003c     libclang_rt.builtins.a : floatsisf.S.obj (.text.__floatsisf)
                  00003b8c    0000003c     libc.a : autoinit.c.obj (.text:__TI_auto_init_nobinit_nopinit)
                  00003bc8    0000003a     libclang_rt.builtins.a : muldsi3.S.obj (.text.__muldsi3)
                  00003c02    00000002     --HOLE-- [fill = 0]
                  00003c04    00000038     libc.a : sprintf.c.obj (.text.sprintf)
                  00003c3c    00000030            : _printfi.c.obj (.text._fcpy)
                  00003c6c    0000002c     libclang_rt.builtins.a : floatsidf.S.obj (.text.__floatsidf)
                  00003c98    00000028                            : floatunsisf.S.obj (.text.__floatunsisf)
                  00003cc0    00000028     libc.a : boot_cortex_m.c.obj (.text:_c_int00_noargs)
                  00003ce8    00000026     driverlib.a : dl_i2c.o (.text.DL_I2C_setClockConfig)
                  00003d0e    00000002     --HOLE-- [fill = 0]
                  00003d10    00000024     ti_msp_dl_config.o (.text.SYSCFG_DL_GPIO_init)
                  00003d34    00000024     libclang_rt.builtins.a : muldi3.S.obj (.text.__muldi3)
                  00003d58    00000022     libc.a : memccpy.c.obj (.text.memccpy)
                  00003d7a    00000002     --HOLE-- [fill = 0]
                  00003d7c    0000001e     libclang_rt.builtins.a : ashldi3.S.obj (.text.__ashldi3)
                  00003d9a    00000002     --HOLE-- [fill = 0]
                  00003d9c    0000001c     2024NUEDC.o (.text.ADC0_IRQHandler)
                  00003db8    00000018     ti_msp_dl_config.o (.text.SYSCFG_DL_init)
                  00003dd0    00000018     libc.a : sprintf.c.obj (.text._outs)
                  00003de8    00000014     libclang_rt.builtins.a : aeabi_uldivmod.S.obj (.text.__aeabi_uldivmod)
                  00003dfc    00000014     libc.a : _printfi.c.obj (.text.strchr)
                  00003e10    00000012            : copy_decompress_none.c.obj (.text:decompress:none)
                  00003e22    00000010            : wcslen.c.obj (.text.wcslen)
                  00003e32    00000010            : copy_zero_init.c.obj (.text:decompress:ZI)
                  00003e42    00000002     --HOLE-- [fill = 0]
                  00003e44    0000000e     libclang_rt.builtins.a : aeabi_memset.S.obj (.text.__aeabi_memset)
                  00003e52    0000000e     libc.a : _printfi.c.obj (.text.strlen)
                  00003e60    0000000c     libclang_rt.builtins.a : aeabi_memset.S.obj (.text.__aeabi_memclr)
                  00003e6c    0000000a     driverlib.a : dl_common.o (.text.DL_Common_delayCycles)
                  00003e76    0000000a     oled.o (.text.OLED_CLS)
                  00003e80    0000000a     libc.a : _printfi.c.obj (.text.OUTLINED_FUNCTION_0)
                  00003e8a    00000002     --HOLE-- [fill = 0]
                  00003e8c    00000010     libclang_rt.builtins.a : adddf3.S.obj (.tramp.__aeabi_dsub.1)
                  00003e9c    0000000a     libc.a : _printfi.c.obj (.text.OUTLINED_FUNCTION_1)
                  00003ea6    0000000a            : sprintf.c.obj (.text._outc)
                  00003eb0    00000008            : aeabi_portable.c.obj (.text.__aeabi_errno_addr)
                  00003eb8    00000008     libclang_rt.builtins.a : aeabi_memcpy.S.obj (.text.__aeabi_memcpy)
                  00003ec0    00000004     startup_mspm0g350x_ticlang.o (.text.Reset_Handler)
                  00003ec4    00000004     libc.a : pre_init.c.obj (.text._system_pre_init)
                  00003ec8    00000004            : exit.c.obj (.text:abort)
                  00003ecc    00000004     --HOLE-- [fill = 0]

.cinit     0    00004860    00000030     
                  00004860    0000000c     (__TI_handler_table)
                  0000486c    00000008     (.cinit..bss.load) [load image, compression = zero_init]
                  00004874    00000007     (.cinit..data.load) [load image, compression = lzss]
                  0000487b    00000001     --HOLE-- [fill = 0]
                  0000487c    00000010     (__TI_cinit_table)
                  0000488c    00000004     --HOLE-- [fill = 0]

.rodata    0    00003ed0    00000990     
                  00003ed0    000005f0     oled.o (.rodata.F8X16)
                  000044c0    00000228     oled.o (.rodata.F6x8)
                  000046e8    00000008     ti_msp_dl_config.o (.rodata.gADC0ClockConfig)
                  000046f0    00000101     libc.a : aeabi_ctype.S.obj (.rodata:__aeabi_ctype_table_)
                  000047f1    00000012     2024NUEDC.o (.rodata.str1.108539083448369711261)
                  00004803    00000011     libc.a : _printfi.c.obj (.rodata.str1.11645776875810915891)
                  00004814    00000011            : _printfi.c.obj (.rodata.str1.44690500295887128011)
                  00004825    0000000d     2024NUEDC.o (.rodata.str1.68491720259695951331)
                  00004832    00000007     2024NUEDC.o (.rodata.str1.154845113543242430391)
                  00004839    00000007     2024NUEDC.o (.rodata.str1.158667471136297049921)
                  00004840    00000007     2024NUEDC.o (.rodata.str1.171779020736016695051)
                  00004847    00000007     2024NUEDC.o (.rodata.str1.51889910553768966311)
                  0000484e    00000007     2024NUEDC.o (.rodata.str1.83774419252237839181)
                  00004855    00000005     2024NUEDC.o (.rodata.str1.126697620504721406001)
                  0000485a    00000003     2024NUEDC.o (.rodata.str1.30248986396393139571)
                  0000485d    00000002     ti_msp_dl_config.o (.rodata.gI2C_OLEDClockConfig)
                  0000485f    00000001     --HOLE-- [fill = 0]

.init_array 
*          0    00000000    00000000     UNINITIALIZED

.binit     0    00000000    00000000     

.bss       0    20200000    00002005     UNINITIALIZED
                  20200000    00001000     (.common:AdcResult_I)
                  20201000    00001000     (.common:AdcResult_U)
                  20202000    00000004     (.common:P)
                  20202004    00000001     (.common:ADC_conv_cplt_flag)

.data      0    20202008    00000004     UNINITIALIZED
                  20202008    00000004     libc.a : aeabi_portable.c.obj (.data.__aeabi_errno)

.stack     0    20207e00    00000200     UNINITIALIZED
                  20207e00    00000004     libc.a : boot_cortex_m.c.obj (.stack)
                  20207e04    000001fc     --HOLE--

__llvm_prf_cnts 
*          0    20200000    00000000     UNINITIALIZED

__llvm_prf_bits 
*          0    20200000    00000000     UNINITIALIZED

MODULE SUMMARY

       Module                         code    ro data   rw data
       ------                         ----    -------   -------
    .\
       2024NUEDC.o                    536     74        8197   
       ti_msp_dl_config.o             392     10        0      
       startup_mspm0g350x_ticlang.o   6       192       0      
    +--+------------------------------+-------+---------+---------+
       Total:                         934     276       8197   
                                                               
    .\bsp\
       oled.o                         4706    2072      0      
       calculate.o                    1340    0         0      
    +--+------------------------------+-------+---------+---------+
       Total:                         6046    2072      0      
                                                               
    D:/A_Scholastic/33/ti/mspm0_sdk_2_04_00_06/source/ti/driverlib/lib/ticlang/m0p/mspm0g1x0x_g3x0x/driverlib.a
       dl_i2c.o                       132     0         0      
       dl_adc12.o                     64      0         0      
       dl_common.o                    10      0         0      
    +--+------------------------------+-------+---------+---------+
       Total:                         206     0         0      
                                                               
    D:\ccstheia141\ccs\tools\compiler\ti-cgt-armllvm_3.2.2.LTS\lib\armv6m-ti-none-eabi/c/libc.a
       _printfi.c.obj                 4558    34        0      
       e_sqrt.c.obj                   388     0         0      
       aeabi_ctype.S.obj              0       257       0      
       s_scalbn.c.obj                 216     0         0      
       memcpy16.S.obj                 154     0         0      
       copy_decompress_lzss.c.obj     120     0         0      
       memset16.S.obj                 98      0         0      
       s_frexp.c.obj                  92      0         0      
       sprintf.c.obj                  90      0         0      
       _ltoa.c.obj                    88      0         0      
       atoi.c.obj                     64      0         0      
       autoinit.c.obj                 60      0         0      
       boot_cortex_m.c.obj            40      0         0      
       memccpy.c.obj                  34      0         0      
       copy_decompress_none.c.obj     18      0         0      
       copy_zero_init.c.obj           16      0         0      
       wcslen.c.obj                   16      0         0      
       aeabi_portable.c.obj           8       0         4      
       exit.c.obj                     4       0         0      
       pre_init.c.obj                 4       0         0      
    +--+------------------------------+-------+---------+---------+
       Total:                         6068    291       4      
                                                               
    D:\ccstheia141\ccs\tools\compiler\ti-cgt-armllvm_3.2.2.LTS\lib\clang/15.0.7/lib/armv6m-ti-none-eabi/libclang_rt.builtins.a
       adddf3.S.obj                   418     0         0      
       divdf3.S.obj                   268     0         0      
       muldf3.S.obj                   228     0         0      
       comparedf2.c.obj               220     0         0      
       addsf3.S.obj                   216     0         0      
       udivmoddi4.S.obj               162     0         0      
       mulsf3.S.obj                   140     0         0      
       divsf3.S.obj                   130     0         0      
       truncdfsf2.S.obj               116     0         0      
       aeabi_dcmp.S.obj               98      0         0      
       aeabi_idivmod.S.obj            86      0         0      
       fixdfsi.S.obj                  74      0         0      
       aeabi_uidivmod.S.obj           64      0         0      
       extendsfdf2.S.obj              64      0         0      
       floatsisf.S.obj                60      0         0      
       muldsi3.S.obj                  58      0         0      
       floatsidf.S.obj                44      0         0      
       floatunsisf.S.obj              40      0         0      
       muldi3.S.obj                   36      0         0      
       ashldi3.S.obj                  30      0         0      
       aeabi_memset.S.obj             26      0         0      
       aeabi_uldivmod.S.obj           20      0         0      
       aeabi_memcpy.S.obj             8       0         0      
       aeabi_div0.c.obj               4       0         0      
    +--+------------------------------+-------+---------+---------+
       Total:                         2610    0         0      
                                                               
       Stack:                         0       0         512    
       Linker Generated:              0       43        0      
    +--+------------------------------+-------+---------+---------+
       Grand Total:                   15864   2682      8713   


LINKER GENERATED COPY TABLES

__TI_cinit_table @ 0000487c records: 2, size/record: 8, table size: 16
	.bss: load addr=0000486c, load size=00000008 bytes, run addr=20200000, run size=00002005 bytes, compression=zero_init
	.data: load addr=00004874, load size=00000007 bytes, run addr=20202008, run size=00000004 bytes, compression=lzss


LINKER GENERATED HANDLER TABLE

__TI_handler_table @ 00004860 records: 3, size/record: 4, table size: 12
	index: 0, handler: __TI_decompress_lzss
	index: 1, handler: __TI_decompress_none
	index: 2, handler: __TI_zero_init


FAR CALL TRAMPOLINES

callee name               trampoline name
   callee addr  tramp addr   call addr  call info
--------------  -----------  ---------  ----------------
__aeabi_dsub              $Tramp$TT$L$PI$$__aeabi_dsub
   000024b9     00003e8c     00003e88   libc.a : _printfi.c.obj (.text.OUTLINED_FUNCTION_0)

[1 trampolines]
[1 trampoline calls]


GLOBAL SYMBOLS: SORTED ALPHABETICALLY BY Name 

address   name                          
-------   ----                          
00003d9d  ADC0_IRQHandler               
0000264b  ADC1_IRQHandler               
20202004  ADC_conv_cplt_flag            
0000264b  AES_IRQHandler                
20200000  AdcResult_I                   
20201000  AdcResult_U                   
00003ec8  C$$EXIT                       
0000264b  CANFD0_IRQHandler             
0000264b  DAC0_IRQHandler               
000039d1  DL_ADC12_setClockConfig       
00003e6d  DL_Common_delayCycles         
000036bd  DL_I2C_fillControllerTXFIFO   
00003ce9  DL_I2C_setClockConfig         
0000264b  DMA_IRQHandler                
0000264b  Default_Handler               
000044c0  F6x8                          
00003ed0  F8X16                         
0000264b  GROUP0_IRQHandler             
0000264b  GROUP1_IRQHandler             
0000264b  HardFault_Handler             
0000264b  I2C0_IRQHandler               
0000264b  I2C1_IRQHandler               
0000264b  NMI_Handler                   
00003e77  OLED_CLS                      
00001c15  OLED_Fill                     
000000c1  OLED_Init                     
00002a6d  OLED_SetPos                   
00001571  OLED_ShowChar                 
0000371b  OLED_ShowString               
20202000  P                             
0000264b  PendSV_Handler                
0000264b  RTC_IRQHandler                
00003ec1  Reset_Handler                 
0000264b  SPI0_IRQHandler               
0000264b  SPI1_IRQHandler               
0000264b  SVC_Handler                   
00003351  SYSCFG_DL_ADC0_init           
00003d11  SYSCFG_DL_GPIO_init           
000038dd  SYSCFG_DL_I2C_OLED_init       
00003a11  SYSCFG_DL_SYSCTL_init         
00003db9  SYSCFG_DL_init                
00003a51  SYSCFG_DL_initPower           
0000264b  SysTick_Handler               
0000264b  TIMA0_IRQHandler              
0000264b  TIMA1_IRQHandler              
0000264b  TIMG0_IRQHandler              
0000264b  TIMG12_IRQHandler             
0000264b  TIMG6_IRQHandler              
0000264b  TIMG7_IRQHandler              
0000264b  TIMG8_IRQHandler              
0000264b  UART0_IRQHandler              
0000264b  UART1_IRQHandler              
0000264b  UART2_IRQHandler              
0000264b  UART3_IRQHandler              
20208000  __STACK_END                   
00000200  __STACK_SIZE                  
00000000  __TI_ATRegion0_region_sz      
00000000  __TI_ATRegion0_src_addr       
00000000  __TI_ATRegion0_trg_addr       
00000000  __TI_ATRegion1_region_sz      
00000000  __TI_ATRegion1_src_addr       
00000000  __TI_ATRegion1_trg_addr       
00000000  __TI_ATRegion2_region_sz      
00000000  __TI_ATRegion2_src_addr       
00000000  __TI_ATRegion2_trg_addr       
0000487c  __TI_CINIT_Base               
0000488c  __TI_CINIT_Limit              
0000488c  __TI_CINIT_Warm               
00004860  __TI_Handler_Table_Base       
0000486c  __TI_Handler_Table_Limit      
00003b8d  __TI_auto_init_nobinit_nopinit
000033c9  __TI_decompress_lzss          
00003e11  __TI_decompress_none          
000037d5  __TI_ltoa                     
ffffffff  __TI_pprof_out_hndl           
00000b71  __TI_printfi                  
ffffffff  __TI_prof_data_size           
ffffffff  __TI_prof_data_start          
00000000  __TI_static_base__            
00003e33  __TI_zero_init                
000024c3  __adddf3                      
00002f97  __addsf3                      
000046f0  __aeabi_ctype_table_          
000046f0  __aeabi_ctype_table_C         
00003441  __aeabi_d2f                   
00003985  __aeabi_d2iz                  
000024c3  __aeabi_dadd                  
000035f9  __aeabi_dcmpeq                
00003635  __aeabi_dcmpge                
00003649  __aeabi_dcmpgt                
00003621  __aeabi_dcmple                
0000360d  __aeabi_dcmplt                
00002cc5  __aeabi_ddiv                  
00002dd1  __aeabi_dmul                  
000024b9  __aeabi_dsub                  
20202008  __aeabi_errno                 
00003eb1  __aeabi_errno_addr            
00003ad1  __aeabi_f2d                   
00002f97  __aeabi_fadd                  
000032cd  __aeabi_fdiv                  
00003241  __aeabi_fmul                  
00002f8d  __aeabi_fsub                  
00003c6d  __aeabi_i2d                   
00003b51  __aeabi_i2f                   
00003885  __aeabi_idiv                  
0000334f  __aeabi_idiv0                 
00003885  __aeabi_idivmod               
000035f7  __aeabi_ldiv0                 
00003d7d  __aeabi_llsl                  
00003d35  __aeabi_lmul                  
00003e61  __aeabi_memclr                
00003e61  __aeabi_memclr4               
00003e61  __aeabi_memclr8               
00003eb9  __aeabi_memcpy                
00003eb9  __aeabi_memcpy4               
00003eb9  __aeabi_memcpy8               
00003e45  __aeabi_memset                
00003e45  __aeabi_memset4               
00003e45  __aeabi_memset8               
00003c99  __aeabi_ui2f                  
00003a91  __aeabi_uidiv                 
00003a91  __aeabi_uidivmod              
00003de9  __aeabi_uldivmod              
00003d7d  __ashldi3                     
ffffffff  __binit__                     
00003525  __cmpdf2                      
00002cc5  __divdf3                      
000032cd  __divsf3                      
00003525  __eqdf2                       
00003ad1  __extendsfdf2                 
00003985  __fixdfsi                     
00003c6d  __floatsidf                   
00003b51  __floatsisf                   
00003c99  __floatunsisf                 
000034b5  __gedf2                       
000034b5  __gtdf2                       
00003525  __ledf2                       
00003525  __ltdf2                       
UNDEFED   __mpu_init                    
00002dd1  __muldf3                      
00003d35  __muldi3                      
00003bc9  __muldsi3                     
00003241  __mulsf3                      
00003525  __nedf2                       
20207e00  __stack                       
20200000  __start___llvm_prf_bits       
20200000  __start___llvm_prf_cnts       
20200000  __stop___llvm_prf_bits        
20200000  __stop___llvm_prf_cnts        
000024b9  __subdf3                      
00002f8d  __subsf3                      
00003441  __truncdfsf2                  
00003065  __udivmoddi4                  
00003cc1  _c_int00_noargs               
UNDEFED   _system_post_cinit            
00003ec5  _system_pre_init              
00003ec9  abort                         
00003b11  atoi                          
ffffffff  binit                         
00003107  calculate_avg                 
000018d9  calculate_power_factor        
000027d1  calculate_rms_dc_removed      
00003779  frexp                         
00003779  frexpl                        
00000000  interruptVectors              
00002eb5  ldexp                         
00002eb5  ldexpl                        
000020e1  main                          
00003d59  memccpy                       
000031a7  memcpy                        
0000365b  memset                        
00002eb5  scalbn                        
00002eb5  scalbnl                       
00003c05  sprintf                       
0000264d  sqrt                          
0000264d  sqrtl                         
00003e23  wcslen                        


GLOBAL SYMBOLS: SORTED BY Symbol Address 

address   name                          
-------   ----                          
00000000  __TI_ATRegion0_region_sz      
00000000  __TI_ATRegion0_src_addr       
00000000  __TI_ATRegion0_trg_addr       
00000000  __TI_ATRegion1_region_sz      
00000000  __TI_ATRegion1_src_addr       
00000000  __TI_ATRegion1_trg_addr       
00000000  __TI_ATRegion2_region_sz      
00000000  __TI_ATRegion2_src_addr       
00000000  __TI_ATRegion2_trg_addr       
00000000  __TI_static_base__            
00000000  interruptVectors              
000000c1  OLED_Init                     
00000200  __STACK_SIZE                  
00000b71  __TI_printfi                  
00001571  OLED_ShowChar                 
000018d9  calculate_power_factor        
00001c15  OLED_Fill                     
000020e1  main                          
000024b9  __aeabi_dsub                  
000024b9  __subdf3                      
000024c3  __adddf3                      
000024c3  __aeabi_dadd                  
0000264b  ADC1_IRQHandler               
0000264b  AES_IRQHandler                
0000264b  CANFD0_IRQHandler             
0000264b  DAC0_IRQHandler               
0000264b  DMA_IRQHandler                
0000264b  Default_Handler               
0000264b  GROUP0_IRQHandler             
0000264b  GROUP1_IRQHandler             
0000264b  HardFault_Handler             
0000264b  I2C0_IRQHandler               
0000264b  I2C1_IRQHandler               
0000264b  NMI_Handler                   
0000264b  PendSV_Handler                
0000264b  RTC_IRQHandler                
0000264b  SPI0_IRQHandler               
0000264b  SPI1_IRQHandler               
0000264b  SVC_Handler                   
0000264b  SysTick_Handler               
0000264b  TIMA0_IRQHandler              
0000264b  TIMA1_IRQHandler              
0000264b  TIMG0_IRQHandler              
0000264b  TIMG12_IRQHandler             
0000264b  TIMG6_IRQHandler              
0000264b  TIMG7_IRQHandler              
0000264b  TIMG8_IRQHandler              
0000264b  UART0_IRQHandler              
0000264b  UART1_IRQHandler              
0000264b  UART2_IRQHandler              
0000264b  UART3_IRQHandler              
0000264d  sqrt                          
0000264d  sqrtl                         
000027d1  calculate_rms_dc_removed      
00002a6d  OLED_SetPos                   
00002cc5  __aeabi_ddiv                  
00002cc5  __divdf3                      
00002dd1  __aeabi_dmul                  
00002dd1  __muldf3                      
00002eb5  ldexp                         
00002eb5  ldexpl                        
00002eb5  scalbn                        
00002eb5  scalbnl                       
00002f8d  __aeabi_fsub                  
00002f8d  __subsf3                      
00002f97  __addsf3                      
00002f97  __aeabi_fadd                  
00003065  __udivmoddi4                  
00003107  calculate_avg                 
000031a7  memcpy                        
00003241  __aeabi_fmul                  
00003241  __mulsf3                      
000032cd  __aeabi_fdiv                  
000032cd  __divsf3                      
0000334f  __aeabi_idiv0                 
00003351  SYSCFG_DL_ADC0_init           
000033c9  __TI_decompress_lzss          
00003441  __aeabi_d2f                   
00003441  __truncdfsf2                  
000034b5  __gedf2                       
000034b5  __gtdf2                       
00003525  __cmpdf2                      
00003525  __eqdf2                       
00003525  __ledf2                       
00003525  __ltdf2                       
00003525  __nedf2                       
000035f7  __aeabi_ldiv0                 
000035f9  __aeabi_dcmpeq                
0000360d  __aeabi_dcmplt                
00003621  __aeabi_dcmple                
00003635  __aeabi_dcmpge                
00003649  __aeabi_dcmpgt                
0000365b  memset                        
000036bd  DL_I2C_fillControllerTXFIFO   
0000371b  OLED_ShowString               
00003779  frexp                         
00003779  frexpl                        
000037d5  __TI_ltoa                     
00003885  __aeabi_idiv                  
00003885  __aeabi_idivmod               
000038dd  SYSCFG_DL_I2C_OLED_init       
00003985  __aeabi_d2iz                  
00003985  __fixdfsi                     
000039d1  DL_ADC12_setClockConfig       
00003a11  SYSCFG_DL_SYSCTL_init         
00003a51  SYSCFG_DL_initPower           
00003a91  __aeabi_uidiv                 
00003a91  __aeabi_uidivmod              
00003ad1  __aeabi_f2d                   
00003ad1  __extendsfdf2                 
00003b11  atoi                          
00003b51  __aeabi_i2f                   
00003b51  __floatsisf                   
00003b8d  __TI_auto_init_nobinit_nopinit
00003bc9  __muldsi3                     
00003c05  sprintf                       
00003c6d  __aeabi_i2d                   
00003c6d  __floatsidf                   
00003c99  __aeabi_ui2f                  
00003c99  __floatunsisf                 
00003cc1  _c_int00_noargs               
00003ce9  DL_I2C_setClockConfig         
00003d11  SYSCFG_DL_GPIO_init           
00003d35  __aeabi_lmul                  
00003d35  __muldi3                      
00003d59  memccpy                       
00003d7d  __aeabi_llsl                  
00003d7d  __ashldi3                     
00003d9d  ADC0_IRQHandler               
00003db9  SYSCFG_DL_init                
00003de9  __aeabi_uldivmod              
00003e11  __TI_decompress_none          
00003e23  wcslen                        
00003e33  __TI_zero_init                
00003e45  __aeabi_memset                
00003e45  __aeabi_memset4               
00003e45  __aeabi_memset8               
00003e61  __aeabi_memclr                
00003e61  __aeabi_memclr4               
00003e61  __aeabi_memclr8               
00003e6d  DL_Common_delayCycles         
00003e77  OLED_CLS                      
00003eb1  __aeabi_errno_addr            
00003eb9  __aeabi_memcpy                
00003eb9  __aeabi_memcpy4               
00003eb9  __aeabi_memcpy8               
00003ec1  Reset_Handler                 
00003ec5  _system_pre_init              
00003ec8  C$$EXIT                       
00003ec9  abort                         
00003ed0  F8X16                         
000044c0  F6x8                          
000046f0  __aeabi_ctype_table_          
000046f0  __aeabi_ctype_table_C         
00004860  __TI_Handler_Table_Base       
0000486c  __TI_Handler_Table_Limit      
0000487c  __TI_CINIT_Base               
0000488c  __TI_CINIT_Limit              
0000488c  __TI_CINIT_Warm               
20200000  AdcResult_I                   
20200000  __start___llvm_prf_bits       
20200000  __start___llvm_prf_cnts       
20200000  __stop___llvm_prf_bits        
20200000  __stop___llvm_prf_cnts        
20201000  AdcResult_U                   
20202000  P                             
20202004  ADC_conv_cplt_flag            
20202008  __aeabi_errno                 
20207e00  __stack                       
20208000  __STACK_END                   
ffffffff  __TI_pprof_out_hndl           
ffffffff  __TI_prof_data_size           
ffffffff  __TI_prof_data_start          
ffffffff  __binit__                     
ffffffff  binit                         
UNDEFED   __mpu_init                    
UNDEFED   _system_post_cinit            

[177 symbols]
